Archive member included to satisfy reference by file (symbol)

c:/st/stm32cubeide_1.6.1/stm32cubeide/plugins/com.st.stm32cube.ide.mcu.externaltools.gnu-tools-for-stm32.9-2020-q2-update.win32_1.5.0.202011040924/tools/bin/../lib/gcc/arm-none-eabi/9.3.1/../../../../arm-none-eabi/lib/thumb/v7e-m+fp/hard\libc_nano.a(lib_a-exit.o)
                              c:/st/stm32cubeide_1.6.1/stm32cubeide/plugins/com.st.stm32cube.ide.mcu.externaltools.gnu-tools-for-stm32.9-2020-q2-update.win32_1.5.0.202011040924/tools/bin/../lib/gcc/arm-none-eabi/9.3.1/../../../../arm-none-eabi/lib/thumb/v7e-m+fp/hard/crt0.o (exit)
c:/st/stm32cubeide_1.6.1/stm32cubeide/plugins/com.st.stm32cube.ide.mcu.externaltools.gnu-tools-for-stm32.9-2020-q2-update.win32_1.5.0.202011040924/tools/bin/../lib/gcc/arm-none-eabi/9.3.1/../../../../arm-none-eabi/lib/thumb/v7e-m+fp/hard\libc_nano.a(lib_a-impure.o)
                              c:/st/stm32cubeide_1.6.1/stm32cubeide/plugins/com.st.stm32cube.ide.mcu.externaltools.gnu-tools-for-stm32.9-2020-q2-update.win32_1.5.0.202011040924/tools/bin/../lib/gcc/arm-none-eabi/9.3.1/../../../../arm-none-eabi/lib/thumb/v7e-m+fp/hard\libc_nano.a(lib_a-exit.o) (_global_impure_ptr)
c:/st/stm32cubeide_1.6.1/stm32cubeide/plugins/com.st.stm32cube.ide.mcu.externaltools.gnu-tools-for-stm32.9-2020-q2-update.win32_1.5.0.202011040924/tools/bin/../lib/gcc/arm-none-eabi/9.3.1/../../../../arm-none-eabi/lib/thumb/v7e-m+fp/hard\libc_nano.a(lib_a-init.o)
                              c:/st/stm32cubeide_1.6.1/stm32cubeide/plugins/com.st.stm32cube.ide.mcu.externaltools.gnu-tools-for-stm32.9-2020-q2-update.win32_1.5.0.202011040924/tools/bin/../lib/gcc/arm-none-eabi/9.3.1/../../../../arm-none-eabi/lib/thumb/v7e-m+fp/hard/crt0.o (__libc_init_array)
c:/st/stm32cubeide_1.6.1/stm32cubeide/plugins/com.st.stm32cube.ide.mcu.externaltools.gnu-tools-for-stm32.9-2020-q2-update.win32_1.5.0.202011040924/tools/bin/../lib/gcc/arm-none-eabi/9.3.1/../../../../arm-none-eabi/lib/thumb/v7e-m+fp/hard\libc_nano.a(lib_a-memset.o)
                              c:/st/stm32cubeide_1.6.1/stm32cubeide/plugins/com.st.stm32cube.ide.mcu.externaltools.gnu-tools-for-stm32.9-2020-q2-update.win32_1.5.0.202011040924/tools/bin/../lib/gcc/arm-none-eabi/9.3.1/../../../../arm-none-eabi/lib/thumb/v7e-m+fp/hard/crt0.o (memset)
c:/st/stm32cubeide_1.6.1/stm32cubeide/plugins/com.st.stm32cube.ide.mcu.externaltools.gnu-tools-for-stm32.9-2020-q2-update.win32_1.5.0.202011040924/tools/bin/../lib/gcc/arm-none-eabi/9.3.1/../../../../arm-none-eabi/lib/thumb/v7e-m+fp/hard\libm.a(lib_a-s_atan.o)
                              Lib/Src/angle.o (atan)
c:/st/stm32cubeide_1.6.1/stm32cubeide/plugins/com.st.stm32cube.ide.mcu.externaltools.gnu-tools-for-stm32.9-2020-q2-update.win32_1.5.0.202011040924/tools/bin/../lib/gcc/arm-none-eabi/9.3.1/../../../../arm-none-eabi/lib/thumb/v7e-m+fp/hard\libm.a(lib_a-s_fabs.o)
                              c:/st/stm32cubeide_1.6.1/stm32cubeide/plugins/com.st.stm32cube.ide.mcu.externaltools.gnu-tools-for-stm32.9-2020-q2-update.win32_1.5.0.202011040924/tools/bin/../lib/gcc/arm-none-eabi/9.3.1/../../../../arm-none-eabi/lib/thumb/v7e-m+fp/hard\libm.a(lib_a-s_atan.o) (fabs)
c:/st/stm32cubeide_1.6.1/stm32cubeide/plugins/com.st.stm32cube.ide.mcu.externaltools.gnu-tools-for-stm32.9-2020-q2-update.win32_1.5.0.202011040924/tools/bin/../lib/gcc/arm-none-eabi/9.3.1/../../../../arm-none-eabi/lib/thumb/v7e-m+fp/hard\libm.a(lib_a-sf_lrint.o)
                              Lib/Src/dshot.o (lrintf)
c:/st/stm32cubeide_1.6.1/stm32cubeide/plugins/com.st.stm32cube.ide.mcu.externaltools.gnu-tools-for-stm32.9-2020-q2-update.win32_1.5.0.202011040924/tools/bin/../lib/gcc/arm-none-eabi/9.3.1/../../../../arm-none-eabi/lib/thumb/v7e-m+fp/hard\libm.a(lib_a-w_sqrt.o)
                              Lib/Src/angle.o (sqrt)
c:/st/stm32cubeide_1.6.1/stm32cubeide/plugins/com.st.stm32cube.ide.mcu.externaltools.gnu-tools-for-stm32.9-2020-q2-update.win32_1.5.0.202011040924/tools/bin/../lib/gcc/arm-none-eabi/9.3.1/../../../../arm-none-eabi/lib/thumb/v7e-m+fp/hard\libm.a(lib_a-e_sqrt.o)
                              c:/st/stm32cubeide_1.6.1/stm32cubeide/plugins/com.st.stm32cube.ide.mcu.externaltools.gnu-tools-for-stm32.9-2020-q2-update.win32_1.5.0.202011040924/tools/bin/../lib/gcc/arm-none-eabi/9.3.1/../../../../arm-none-eabi/lib/thumb/v7e-m+fp/hard\libm.a(lib_a-w_sqrt.o) (__ieee754_sqrt)
c:/st/stm32cubeide_1.6.1/stm32cubeide/plugins/com.st.stm32cube.ide.mcu.externaltools.gnu-tools-for-stm32.9-2020-q2-update.win32_1.5.0.202011040924/tools/bin/../lib/gcc/arm-none-eabi/9.3.1/../../../../arm-none-eabi/lib/thumb/v7e-m+fp/hard\libm.a(lib_a-s_lib_ver.o)
                              c:/st/stm32cubeide_1.6.1/stm32cubeide/plugins/com.st.stm32cube.ide.mcu.externaltools.gnu-tools-for-stm32.9-2020-q2-update.win32_1.5.0.202011040924/tools/bin/../lib/gcc/arm-none-eabi/9.3.1/../../../../arm-none-eabi/lib/thumb/v7e-m+fp/hard\libm.a(lib_a-w_sqrt.o) (__fdlib_version)
[...]
Memory Configuration

Name             Origin             Length             Attributes
RAM              0x0000000020000000 0x0000000000020000 xrw
FLASH            0x0000000008000000 0x0000000000080000 xr
*default*        0x0000000000000000 0xffffffffffffffff

Linker script and memory map

LOAD c:/st/stm32cubeide_1.6.1/stm32cubeide/plugins/com.st.stm32cube.ide.mcu.externaltools.gnu-tools-for-stm32.9-2020-q2-update.win32_1.5.0.202011040924/tools/bin/../lib/gcc/arm-none-eabi/9.3.1/thumb/v7e-m+fp/hard/crti.o
LOAD c:/st/stm32cubeide_1.6.1/stm32cubeide/plugins/com.st.stm32cube.ide.mcu.externaltools.gnu-tools-for-stm32.9-2020-q2-update.win32_1.5.0.202011040924/tools/bin/../lib/gcc/arm-none-eabi/9.3.1/thumb/v7e-m+fp/hard/crtbegin.o
LOAD c:/st/stm32cubeide_1.6.1/stm32cubeide/plugins/com.st.stm32cube.ide.mcu.externaltools.gnu-tools-for-stm32.9-2020-q2-update.win32_1.5.0.202011040924/tools/bin/../lib/gcc/arm-none-eabi/9.3.1/../../../../arm-none-eabi/lib/thumb/v7e-m+fp/hard/crt0.o
LOAD Core/Src/dma.o
LOAD Core/Src/gpio.o
LOAD Core/Src/main.o
LOAD Core/Src/spi.o
LOAD Core/Src/stm32f4xx_hal_msp.o
LOAD Core/Src/stm32f4xx_it.o
LOAD Core/Src/system_stm32f4xx.o
LOAD Core/Src/tim.o
LOAD Core/Src/usart.o
LOAD Core/Startup/startup_stm32f411ceux.o
LOAD Drivers/STM32F4xx_HAL_Driver/Src/stm32f4xx_hal.o
LOAD Drivers/STM32F4xx_HAL_Driver/Src/stm32f4xx_hal_cortex.o
LOAD Drivers/STM32F4xx_HAL_Driver/Src/stm32f4xx_hal_dma.o
LOAD Drivers/STM32F4xx_HAL_Driver/Src/stm32f4xx_hal_dma_ex.o
LOAD Drivers/STM32F4xx_HAL_Driver/Src/stm32f4xx_hal_exti.o
LOAD Drivers/STM32F4xx_HAL_Driver/Src/stm32f4xx_hal_flash.o
LOAD Drivers/STM32F4xx_HAL_Driver/Src/stm32f4xx_hal_flash_ex.o
LOAD Drivers/STM32F4xx_HAL_Driver/Src/stm32f4xx_hal_flash_ramfunc.o
LOAD Drivers/STM32F4xx_HAL_Driver/Src/stm32f4xx_hal_gpio.o
LOAD Drivers/STM32F4xx_HAL_Driver/Src/stm32f4xx_hal_pwr.o
LOAD Drivers/STM32F4xx_HAL_Driver/Src/stm32f4xx_hal_pwr_ex.o
LOAD Drivers/STM32F4xx_HAL_Driver/Src/stm32f4xx_hal_rcc.o
LOAD Drivers/STM32F4xx_HAL_Driver/Src/stm32f4xx_hal_rcc_ex.o
LOAD Drivers/STM32F4xx_HAL_Driver/Src/stm32f4xx_hal_spi.o
LOAD Drivers/STM32F4xx_HAL_Driver/Src/stm32f4xx_hal_tim.o
LOAD Drivers/STM32F4xx_HAL_Driver/Src/stm32f4xx_hal_tim_ex.o
LOAD Drivers/STM32F4xx_HAL_Driver/Src/stm32f4xx_hal_uart.o
LOAD Lib/Src/angle.o
LOAD Lib/Src/buzzer.o
LOAD Lib/Src/dshot.o
LOAD Lib/Src/ibus.o
LOAD Lib/Src/icm20948.o
LOAD Lib/Src/imu.o
LOAD Lib/Src/interrupt.o
LOAD Lib/Src/led.o
LOAD Lib/Src/motor.o
LOAD Lib/Src/nrf24l01p.o
LOAD Lib/Src/rc.o
LOAD Lib/Src/telemetry.o
LOAD Lib/Src/timer.o
START GROUP
LOAD c:/st/stm32cubeide_1.6.1/stm32cubeide/plugins/com.st.stm32cube.ide.mcu.externaltools.gnu-tools-for-stm32.9-2020-q2-update.win32_1.5.0.202011040924/tools/bin/../lib/gcc/arm-none-eabi/9.3.1/../../../../arm-none-eabi/lib/thumb/v7e-m+fp/hard\libc_nano.a
LOAD c:/st/stm32cubeide_1.6.1/stm32cubeide/plugins/com.st.stm32cube.ide.mcu.externaltools.gnu-tools-for-stm32.9-2020-q2-update.win32_1.5.0.202011040924/tools/bin/../lib/gcc/arm-none-eabi/9.3.1/../../../../arm-none-eabi/lib/thumb/v7e-m+fp/hard\libm.a
END GROUP
START GROUP
LOAD c:/st/stm32cubeide_1.6.1/stm32cubeide/plugins/com.st.stm32cube.ide.mcu.externaltools.gnu-tools-for-stm32.9-2020-q2-update.win32_1.5.0.202011040924/tools/bin/../lib/gcc/arm-none-eabi/9.3.1/thumb/v7e-m+fp/hard\libgcc.a
LOAD c:/st/stm32cubeide_1.6.1/stm32cubeide/plugins/com.st.stm32cube.ide.mcu.externaltools.gnu-tools-for-stm32.9-2020-q2-update.win32_1.5.0.202011040924/tools/bin/../lib/gcc/arm-none-eabi/9.3.1/../../../../arm-none-eabi/lib/thumb/v7e-m+fp/hard\libc_nano.a
END GROUP
START GROUP
LOAD c:/st/stm32cubeide_1.6.1/stm32cubeide/plugins/com.st.stm32cube.ide.mcu.externaltools.gnu-tools-for-stm32.9-2020-q2-update.win32_1.5.0.202011040924/tools/bin/../lib/gcc/arm-none-eabi/9.3.1/thumb/v7e-m+fp/hard\libgcc.a
LOAD c:/st/stm32cubeide_1.6.1/stm32cubeide/plugins/com.st.stm32cube.ide.mcu.externaltools.gnu-tools-for-stm32.9-2020-q2-update.win32_1.5.0.202011040924/tools/bin/../lib/gcc/arm-none-eabi/9.3.1/../../../../arm-none-eabi/lib/thumb/v7e-m+fp/hard\libc_nano.a
LOAD c:/st/stm32cubeide_1.6.1/stm32cubeide/plugins/com.st.stm32cube.ide.mcu.externaltools.gnu-tools-for-stm32.9-2020-q2-update.win32_1.5.0.202011040924/tools/bin/../lib/gcc/arm-none-eabi/9.3.1/../../../../arm-none-eabi/lib/thumb/v7e-m+fp/hard\libnosys.a
END GROUP
START GROUP
LOAD c:/st/stm32cubeide_1.6.1/stm32cubeide/plugins/com.st.stm32cube.ide.mcu.externaltools.gnu-tools-for-stm32.9-2020-q2-update.win32_1.5.0.202011040924/tools/bin/../lib/gcc/arm-none-eabi/9.3.1/thumb/v7e-m+fp/hard\libgcc.a
LOAD c:/st/stm32cubeide_1.6.1/stm32cubeide/plugins/com.st.stm32cube.ide.mcu.externaltools.gnu-tools-for-stm32.9-2020-q2-update.win32_1.5.0.202011040924/tools/bin/../lib/gcc/arm-none-eabi/9.3.1/../../../../arm-none-eabi/lib/thumb/v7e-m+fp/hard\libc_nano.a
LOAD c:/st/stm32cubeide_1.6.1/stm32cubeide/plugins/com.st.stm32cube.ide.mcu.externaltools.gnu-tools-for-stm32.9-2020-q2-update.win32_1.5.0.202011040924/tools/bin/../lib/gcc/arm-none-eabi/9.3.1/../../../../arm-none-eabi/lib/thumb/v7e-m+fp/hard\libnosys.a
END GROUP
LOAD c:/st/stm32cubeide_1.6.1/stm32cubeide/plugins/com.st.stm32cube.ide.mcu.externaltools.gnu-tools-for-stm32.9-2020-q2-update.win32_1.5.0.202011040924/tools/bin/../lib/gcc/arm-none-eabi/9.3.1/thumb/v7e-m+fp/hard/crtend.o
LOAD c:/st/stm32cubeide_1.6.1/stm32cubeide/plugins/com.st.stm32cube.ide.mcu.externaltools.gnu-tools-for-stm32.9-2020-q2-update.win32_1.5.0.202011040924/tools/bin/../lib/gcc/arm-none-eabi/9.3.1/thumb/v7e-m+fp/hard/crtn.o
                0x0000000020020000                _estack = (ORIGIN (RAM) + LENGTH (RAM))
                0x0000000000000200                _Min_Heap_Size = 0x200
                0x0000000000000400                _Min_Stack_Size = 0x400

.isr_vector     0x0000000008000000      0x198
                0x0000000008000000                . = ALIGN (0x4)
 *(.isr_vector)
 .isr_vector    0x0000000008000000      0x198 Core/Startup/startup_stm32f411ceux.o
                0x0000000008000000                g_pfnVectors
                0x0000000008000198                . = ALIGN (0x4)

.text           0x0000000008000198     0x72d8
                0x0000000008000198                . = ALIGN (0x4)
 *(.text)
 .text          0x0000000008000198       0x40 c:/st/stm32cubeide_1.6.1/stm32cubeide/plugins/com.st.stm32cube.ide.mcu.externaltools.gnu-tools-for-stm32.9-2020-q2-update.win32_1.5.0.202011040924/tools/bin/../lib/gcc/arm-none-eabi/9.3.1/thumb/v7e-m+fp/hard/crtbegin.o
 .text          0x00000000080001d8      0x378 c:/st/stm32cubeide_1.6.1/stm32cubeide/plugins/com.st.stm32cube.ide.mcu.externaltools.gnu-tools-for-stm32.9-2020-q2-update.win32_1.5.0.202011040924/tools/bin/../lib/gcc/arm-none-eabi/9.3.1/thumb/v7e-m+fp/hard\libgcc.a(_arm_addsubdf3.o)
                0x00000000080001d8                __aeabi_drsub
                0x00000000080001e0                __aeabi_dsub
                0x00000000080001e0                __subdf3
                0x00000000080001e4                __aeabi_dadd
                0x00000000080001e4                __adddf3
                0x000000000800045c                __floatunsidf
                0x000000000800045c                __aeabi_ui2d
                0x000000000800047c                __floatsidf
                0x000000000800047c                __aeabi_i2d
                0x00000000080004a0                __aeabi_f2d
                0x00000000080004a0                __extendsfdf2
                0x00000000080004e4                __floatundidf
                0x00000000080004e4                __aeabi_ul2d
                0x00000000080004f4                __floatdidf
                0x00000000080004f4                __aeabi_l2d
 .text          0x0000000008000550      0x424 c:/st/stm32cubeide_1.6.1/stm32cubeide/plugins/com.st.stm32cube.ide.mcu.externaltools.gnu-tools-for-stm32.9-2020-q2-update.win32_1.5.0.202011040924/tools/bin/../lib/gcc/arm-none-eabi/9.3.1/thumb/v7e-m+fp/hard\libgcc.a(_arm_muldivdf3.o)
                0x0000000008000550                __aeabi_dmul
                0x0000000008000550                __muldf3
                0x00000000080007a4                __divdf3
                0x00000000080007a4                __aeabi_ddiv
 .text          0x0000000008000974      0x110 c:/st/stm32cubeide_1.6.1/stm32cubeide/plugins/com.st.stm32cube.ide.mcu.externaltools.gnu-tools-for-stm32.9-2020-q2-update.win32_1.5.0.202011040924/tools/bin/../lib/gcc/arm-none-eabi/9.3.1/thumb/v7e-m+fp/hard\libgcc.a(_arm_cmpdf2.o)
                0x0000000008000974                __gtdf2
                0x0000000008000974                __gedf2
                0x000000000800097c                __ltdf2
                0x000000000800097c                __ledf2
                0x0000000008000984                __nedf2
                0x0000000008000984                __eqdf2
                0x0000000008000984                __cmpdf2
                0x0000000008000a00                __aeabi_cdrcmple
                0x0000000008000a10                __aeabi_cdcmpeq
                0x0000000008000a10                __aeabi_cdcmple
                0x0000000008000a20                __aeabi_dcmpeq
                0x0000000008000a34                __aeabi_dcmplt
                0x0000000008000a48                __aeabi_dcmple
                0x0000000008000a5c                __aeabi_dcmpge
                0x0000000008000a70                __aeabi_dcmpgt
 .text          0x0000000008000a84       0x2c c:/st/stm32cubeide_1.6.1/stm32cubeide/plugins/com.st.stm32cube.ide.mcu.externaltools.gnu-tools-for-stm32.9-2020-q2-update.win32_1.5.0.202011040924/tools/bin/../lib/gcc/arm-none-eabi/9.3.1/thumb/v7e-m+fp/hard\libgcc.a(_arm_unorddf2.o)
                0x0000000008000a84                __unorddf2
                0x0000000008000a84                __aeabi_dcmpun
 .text          0x0000000008000ab0       0x50 c:/st/stm32cubeide_1.6.1/stm32cubeide/plugins/com.st.stm32cube.ide.mcu.externaltools.gnu-tools-for-stm32.9-2020-q2-update.win32_1.5.0.202011040924/tools/bin/../lib/gcc/arm-none-eabi/9.3.1/thumb/v7e-m+fp/hard\libgcc.a(_arm_fixdfsi.o)
                0x0000000008000ab0                __aeabi_d2iz
                0x0000000008000ab0                __fixdfsi
 .text          0x0000000008000b00       0x30 c:/st/stm32cubeide_1.6.1/stm32cubeide/plugins/com.st.stm32cube.ide.mcu.externaltools.gnu-tools-for-stm32.9-2020-q2-update.win32_1.5.0.202011040924/tools/bin/../lib/gcc/arm-none-eabi/9.3.1/thumb/v7e-m+fp/hard\libgcc.a(_aeabi_uldivmod.o)
                0x0000000008000b00                __aeabi_uldivmod
 .text          0x0000000008000b30      0x2c4 c:/st/stm32cubeide_1.6.1/stm32cubeide/plugins/com.st.stm32cube.ide.mcu.externaltools.gnu-tools-for-stm32.9-2020-q2-update.win32_1.5.0.202011040924/tools/bin/../lib/gcc/arm-none-eabi/9.3.1/thumb/v7e-m+fp/hard\libgcc.a(_udivmoddi4.o)
                0x0000000008000b30                __udivmoddi4
 .text          0x0000000008000df4        0x4 c:/st/stm32cubeide_1.6.1/stm32cubeide/plugins/com.st.stm32cube.ide.mcu.externaltools.gnu-tools-for-stm32.9-2020-q2-update.win32_1.5.0.202011040924/tools/bin/../lib/gcc/arm-none-eabi/9.3.1/thumb/v7e-m+fp/hard\libgcc.a(_dvmd_tls.o)
                0x0000000008000df4                __aeabi_idiv0
                0x0000000008000df4                __aeabi_ldiv0
 *(.text*)
 .text.MX_DMA_Init
                0x0000000008000df8       0x9c Core/Src/dma.o
                0x0000000008000df8                MX_DMA_Init
 .text.MX_GPIO_Init
                0x0000000008000e94      0x1c0 Core/Src/gpio.o
                0x0000000008000e94                MX_GPIO_Init
 .text.main     0x0000000008001054       0x78 Core/Src/main.o
                0x0000000008001054                main
 .text.SystemClock_Config
                0x00000000080010cc       0xd0 Core/Src/main.o
                0x00000000080010cc                SystemClock_Config
 .text.Error_Handler
                0x000000000800119c        0xa Core/Src/main.o
                0x000000000800119c                Error_Handler
 *fill*         0x00000000080011a6        0x2 
 .text.MX_SPI1_Init
                0x00000000080011a8       0x6c Core/Src/spi.o
                0x00000000080011a8                MX_SPI1_Init
 .text.MX_SPI2_Init
                0x0000000008001214       0x6c Core/Src/spi.o
                0x0000000008001214                MX_SPI2_Init
 .text.HAL_SPI_MspInit
                0x0000000008001280       0xfc Core/Src/spi.o
                0x0000000008001280                HAL_SPI_MspInit
 .text.HAL_MspInit
                0x000000000800137c       0x50 Core/Src/stm32f4xx_hal_msp.o
                0x000000000800137c                HAL_MspInit
 .text.NMI_Handler
                0x00000000080013cc        0x6 Core/Src/stm32f4xx_it.o
                0x00000000080013cc                NMI_Handler
 .text.HardFault_Handler
                0x00000000080013d2        0x6 Core/Src/stm32f4xx_it.o
                0x00000000080013d2                HardFault_Handler
 .text.MemManage_Handler
                0x00000000080013d8        0x6 Core/Src/stm32f4xx_it.o
                0x00000000080013d8                MemManage_Handler
 .text.BusFault_Handler
                0x00000000080013de        0x6 Core/Src/stm32f4xx_it.o
                0x00000000080013de                BusFault_Handler
 .text.UsageFault_Handler
                0x00000000080013e4        0x6 Core/Src/stm32f4xx_it.o
                0x00000000080013e4                UsageFault_Handler
 .text.SVC_Handler
                0x00000000080013ea        0xe Core/Src/stm32f4xx_it.o
                0x00000000080013ea                SVC_Handler
 .text.DebugMon_Handler
                0x00000000080013f8        0xe Core/Src/stm32f4xx_it.o
                0x00000000080013f8                DebugMon_Handler
 .text.PendSV_Handler
                0x0000000008001406        0xe Core/Src/stm32f4xx_it.o
                0x0000000008001406                PendSV_Handler
 .text.SysTick_Handler
                0x0000000008001414        0xc Core/Src/stm32f4xx_it.o
                0x0000000008001414                SysTick_Handler
 .text.EXTI0_IRQHandler
                0x0000000008001420        0xe Core/Src/stm32f4xx_it.o
                0x0000000008001420                EXTI0_IRQHandler
 *fill*         0x000000000800142e        0x2 
 .text.DMA1_Stream1_IRQHandler
                0x0000000008001430       0x14 Core/Src/stm32f4xx_it.o
                0x0000000008001430                DMA1_Stream1_IRQHandler
 .text.DMA1_Stream3_IRQHandler
                0x0000000008001444       0x14 Core/Src/stm32f4xx_it.o
                0x0000000008001444                DMA1_Stream3_IRQHandler
 .text.DMA1_Stream4_IRQHandler
                0x0000000008001458       0x14 Core/Src/stm32f4xx_it.o
                0x0000000008001458                DMA1_Stream4_IRQHandler
 .text.DMA1_Stream5_IRQHandler
                0x000000000800146c       0x14 Core/Src/stm32f4xx_it.o
                0x000000000800146c                DMA1_Stream5_IRQHandler
 .text.EXTI9_5_IRQHandler
                0x0000000008001480       0x10 Core/Src/stm32f4xx_it.o
                0x0000000008001480                EXTI9_5_IRQHandler
 .text.DMA2_Stream2_IRQHandler
                0x0000000008001490       0x14 Core/Src/stm32f4xx_it.o
                0x0000000008001490                DMA2_Stream2_IRQHandler
 .text.SystemInit
                0x00000000080014a4       0x24 Core/Src/system_stm32f4xx.o
                0x00000000080014a4                SystemInit
 .text.MX_TIM2_Init
                0x00000000080014c8       0xc4 Core/Src/tim.o
                0x00000000080014c8                MX_TIM2_Init
 .text.MX_TIM5_Init
                0x000000000800158c       0xc8 Core/Src/tim.o
                0x000000000800158c                MX_TIM5_Init
 .text.MX_TIM10_Init
                0x0000000008001654       0x48 Core/Src/tim.o
                0x0000000008001654                MX_TIM10_Init
 .text.MX_TIM11_Init
                0x000000000800169c       0x48 Core/Src/tim.o
                0x000000000800169c                MX_TIM11_Init
 .text.HAL_TIM_PWM_MspInit
                0x00000000080016e4      0x274 Core/Src/tim.o
                0x00000000080016e4                HAL_TIM_PWM_MspInit
 .text.HAL_TIM_Base_MspInit
                0x0000000008001958       0x70 Core/Src/tim.o
                0x0000000008001958                HAL_TIM_Base_MspInit
 .text.HAL_TIM_MspPostInit
                0x00000000080019c8       0xbc Core/Src/tim.o
                0x00000000080019c8                HAL_TIM_MspPostInit
 .text.MX_USART1_UART_Init
                0x0000000008001a84       0x54 Core/Src/usart.o
                0x0000000008001a84                MX_USART1_UART_Init
 .text.HAL_UART_MspInit
                0x0000000008001ad8      0x138 Core/Src/usart.o
                0x0000000008001ad8                HAL_UART_MspInit
 .text.Reset_Handler
                0x0000000008001c10       0x50 Core/Startup/startup_stm32f411ceux.o
                0x0000000008001c10                Reset_Handler
 .text.Default_Handler
                0x0000000008001c60        0x2 Core/Startup/startup_stm32f411ceux.o
                0x0000000008001c60                RTC_Alarm_IRQHandler
                0x0000000008001c60                EXTI2_IRQHandler
                0x0000000008001c60                SPI4_IRQHandler
                0x0000000008001c60                TIM1_CC_IRQHandler
                0x0000000008001c60                DMA2_Stream5_IRQHandler
                0x0000000008001c60                PVD_IRQHandler
                0x0000000008001c60                SDIO_IRQHandler
                0x0000000008001c60                TAMP_STAMP_IRQHandler
                0x0000000008001c60                EXTI3_IRQHandler
                0x0000000008001c60                TIM1_UP_TIM10_IRQHandler
                0x0000000008001c60                I2C3_ER_IRQHandler
                0x0000000008001c60                I2C2_EV_IRQHandler
                0x0000000008001c60                DMA1_Stream2_IRQHandler
                0x0000000008001c60                FPU_IRQHandler
                0x0000000008001c60                SPI1_IRQHandler
                0x0000000008001c60                TIM1_BRK_TIM9_IRQHandler
                0x0000000008001c60                DMA2_Stream3_IRQHandler
                0x0000000008001c60                USART6_IRQHandler
                0x0000000008001c60                DMA2_Stream0_IRQHandler
                0x0000000008001c60                TIM4_IRQHandler
                0x0000000008001c60                I2C1_EV_IRQHandler
                0x0000000008001c60                DMA1_Stream6_IRQHandler
                0x0000000008001c60                TIM3_IRQHandler
                0x0000000008001c60                RCC_IRQHandler
                0x0000000008001c60                Default_Handler
                0x0000000008001c60                EXTI15_10_IRQHandler
                0x0000000008001c60                ADC_IRQHandler
                0x0000000008001c60                DMA1_Stream7_IRQHandler
                0x0000000008001c60                SPI5_IRQHandler
                0x0000000008001c60                TIM5_IRQHandler
                0x0000000008001c60                DMA2_Stream7_IRQHandler
                0x0000000008001c60                I2C3_EV_IRQHandler
                0x0000000008001c60                RTC_WKUP_IRQHandler
                0x0000000008001c60                SPI2_IRQHandler
                0x0000000008001c60                DMA1_Stream0_IRQHandler
                0x0000000008001c60                EXTI4_IRQHandler
                0x0000000008001c60                WWDG_IRQHandler
                0x0000000008001c60                TIM2_IRQHandler
                0x0000000008001c60                OTG_FS_WKUP_IRQHandler
                0x0000000008001c60                TIM1_TRG_COM_TIM11_IRQHandler
                0x0000000008001c60                EXTI1_IRQHandler
                0x0000000008001c60                USART2_IRQHandler
                0x0000000008001c60                I2C2_ER_IRQHandler
                0x0000000008001c60                DMA2_Stream1_IRQHandler
                0x0000000008001c60                FLASH_IRQHandler
                0x0000000008001c60                DMA2_Stream4_IRQHandler
                0x0000000008001c60                USART1_IRQHandler
                0x0000000008001c60                OTG_FS_IRQHandler
                0x0000000008001c60                SPI3_IRQHandler
                0x0000000008001c60                I2C1_ER_IRQHandler
                0x0000000008001c60                DMA2_Stream6_IRQHandler
 *fill*         0x0000000008001c62        0x2 
 .text.HAL_Init
                0x0000000008001c64       0x44 Drivers/STM32F4xx_HAL_Driver/Src/stm32f4xx_hal.o
                0x0000000008001c64                HAL_Init
 .text.HAL_InitTick
                0x0000000008001ca8       0x60 Drivers/STM32F4xx_HAL_Driver/Src/stm32f4xx_hal.o
                0x0000000008001ca8                HAL_InitTick
 .text.HAL_IncTick
                0x0000000008001d08       0x28 Drivers/STM32F4xx_HAL_Driver/Src/stm32f4xx_hal.o
                0x0000000008001d08                HAL_IncTick
 .text.HAL_GetTick
                0x0000000008001d30       0x18 Drivers/STM32F4xx_HAL_Driver/Src/stm32f4xx_hal.o
                0x0000000008001d30                HAL_GetTick
 .text.HAL_Delay
                0x0000000008001d48       0x48 Drivers/STM32F4xx_HAL_Driver/Src/stm32f4xx_hal.o
                0x0000000008001d48                HAL_Delay
 .text.__NVIC_SetPriorityGrouping
                0x0000000008001d90       0x48 Drivers/STM32F4xx_HAL_Driver/Src/stm32f4xx_hal_cortex.o
 .text.__NVIC_GetPriorityGrouping
                0x0000000008001dd8       0x1c Drivers/STM32F4xx_HAL_Driver/Src/stm32f4xx_hal_cortex.o
 .text.__NVIC_EnableIRQ
                0x0000000008001df4       0x3c Drivers/STM32F4xx_HAL_Driver/Src/stm32f4xx_hal_cortex.o
 .text.__NVIC_SetPriority
                0x0000000008001e30       0x54 Drivers/STM32F4xx_HAL_Driver/Src/stm32f4xx_hal_cortex.o
 .text.NVIC_EncodePriority
                0x0000000008001e84       0x66 Drivers/STM32F4xx_HAL_Driver/Src/stm32f4xx_hal_cortex.o
 *fill*         0x0000000008001eea        0x2 
 .text.SysTick_Config
                0x0000000008001eec       0x44 Drivers/STM32F4xx_HAL_Driver/Src/stm32f4xx_hal_cortex.o
 .text.HAL_NVIC_SetPriorityGrouping
                0x0000000008001f30       0x16 Drivers/STM32F4xx_HAL_Driver/Src/stm32f4xx_hal_cortex.o
                0x0000000008001f30                HAL_NVIC_SetPriorityGrouping
 .text.HAL_NVIC_SetPriority
                0x0000000008001f46       0x38 Drivers/STM32F4xx_HAL_Driver/Src/stm32f4xx_hal_cortex.o
                0x0000000008001f46                HAL_NVIC_SetPriority
 .text.HAL_NVIC_EnableIRQ
                0x0000000008001f7e       0x1c Drivers/STM32F4xx_HAL_Driver/Src/stm32f4xx_hal_cortex.o
                0x0000000008001f7e                HAL_NVIC_EnableIRQ
 .text.HAL_SYSTICK_Config
                0x0000000008001f9a       0x18 Drivers/STM32F4xx_HAL_Driver/Src/stm32f4xx_hal_cortex.o
                0x0000000008001f9a                HAL_SYSTICK_Config
 *fill*         0x0000000008001fb2        0x2 
 .text.HAL_DMA_Init
                0x0000000008001fb4      0x15c Drivers/STM32F4xx_HAL_Driver/Src/stm32f4xx_hal_dma.o
                0x0000000008001fb4                HAL_DMA_Init
 .text.HAL_DMA_Start_IT
                0x0000000008002110       0xb0 Drivers/STM32F4xx_HAL_Driver/Src/stm32f4xx_hal_dma.o
                0x0000000008002110                HAL_DMA_Start_IT
 .text.HAL_DMA_IRQHandler
                0x00000000080021c0      0x314 Drivers/STM32F4xx_HAL_Driver/Src/stm32f4xx_hal_dma.o
                0x00000000080021c0                HAL_DMA_IRQHandler
 .text.DMA_SetConfig
                0x00000000080024d4       0x5c Drivers/STM32F4xx_HAL_Driver/Src/stm32f4xx_hal_dma.o
 .text.DMA_CalcBaseAndBitshift
                0x0000000008002530       0x6c Drivers/STM32F4xx_HAL_Driver/Src/stm32f4xx_hal_dma.o
 .text.DMA_CheckFifoParam
                0x000000000800259c       0xf8 Drivers/STM32F4xx_HAL_Driver/Src/stm32f4xx_hal_dma.o
 .text.HAL_GPIO_Init
                0x0000000008002694      0x308 Drivers/STM32F4xx_HAL_Driver/Src/stm32f4xx_hal_gpio.o
                0x0000000008002694                HAL_GPIO_Init
 .text.HAL_GPIO_WritePin
                0x000000000800299c       0x32 Drivers/STM32F4xx_HAL_Driver/Src/stm32f4xx_hal_gpio.o
                0x000000000800299c                HAL_GPIO_WritePin
 *fill*         0x00000000080029ce        0x2 
 .text.HAL_GPIO_EXTI_IRQHandler
                0x00000000080029d0       0x30 Drivers/STM32F4xx_HAL_Driver/Src/stm32f4xx_hal_gpio.o
                0x00000000080029d0                HAL_GPIO_EXTI_IRQHandler
 .text.HAL_RCC_OscConfig
                0x0000000008002a00      0x4f0 Drivers/STM32F4xx_HAL_Driver/Src/stm32f4xx_hal_rcc.o
                0x0000000008002a00                HAL_RCC_OscConfig
 .text.HAL_RCC_ClockConfig
                0x0000000008002ef0      0x1cc Drivers/STM32F4xx_HAL_Driver/Src/stm32f4xx_hal_rcc.o
                0x0000000008002ef0                HAL_RCC_ClockConfig
 .text.HAL_RCC_GetSysClockFreq
                0x00000000080030bc      0x16c Drivers/STM32F4xx_HAL_Driver/Src/stm32f4xx_hal_rcc.o
                0x00000000080030bc                HAL_RCC_GetSysClockFreq
 .text.HAL_RCC_GetHCLKFreq
                0x0000000008003228       0x18 Drivers/STM32F4xx_HAL_Driver/Src/stm32f4xx_hal_rcc.o
                0x0000000008003228                HAL_RCC_GetHCLKFreq
 .text.HAL_RCC_GetPCLK1Freq
                0x0000000008003240       0x28 Drivers/STM32F4xx_HAL_Driver/Src/stm32f4xx_hal_rcc.o
                0x0000000008003240                HAL_RCC_GetPCLK1Freq
 .text.HAL_RCC_GetPCLK2Freq
                0x0000000008003268       0x28 Drivers/STM32F4xx_HAL_Driver/Src/stm32f4xx_hal_rcc.o
                0x0000000008003268                HAL_RCC_GetPCLK2Freq
 .text.HAL_SPI_Init
                0x0000000008003290      0x112 Drivers/STM32F4xx_HAL_Driver/Src/stm32f4xx_hal_spi.o
                0x0000000008003290                HAL_SPI_Init
 .text.HAL_SPI_Transmit
                0x00000000080033a2      0x278 Drivers/STM32F4xx_HAL_Driver/Src/stm32f4xx_hal_spi.o
                0x00000000080033a2                HAL_SPI_Transmit
 .text.HAL_SPI_Receive
                0x000000000800361a      0x222 Drivers/STM32F4xx_HAL_Driver/Src/stm32f4xx_hal_spi.o
                0x000000000800361a                HAL_SPI_Receive
 .text.HAL_SPI_TransmitReceive
                0x000000000800383c      0x344 Drivers/STM32F4xx_HAL_Driver/Src/stm32f4xx_hal_spi.o
                0x000000000800383c                HAL_SPI_TransmitReceive
 .text.SPI_WaitFlagStateUntilTimeout
                0x0000000008003b80      0x110 Drivers/STM32F4xx_HAL_Driver/Src/stm32f4xx_hal_spi.o
 .text.SPI_EndRxTransaction
                0x0000000008003c90       0xca Drivers/STM32F4xx_HAL_Driver/Src/stm32f4xx_hal_spi.o
 *fill*         0x0000000008003d5a        0x2 
 .text.SPI_EndRxTxTransaction
                0x0000000008003d5c       0x84 Drivers/STM32F4xx_HAL_Driver/Src/stm32f4xx_hal_spi.o
 .text.HAL_TIM_Base_Init
                0x0000000008003de0       0x9e Drivers/STM32F4xx_HAL_Driver/Src/stm32f4xx_hal_tim.o
                0x0000000008003de0                HAL_TIM_Base_Init
 *fill*         0x0000000008003e7e        0x2 
 .text.HAL_TIM_Base_Start
                0x0000000008003e80       0xb4 Drivers/STM32F4xx_HAL_Driver/Src/stm32f4xx_hal_tim.o
                0x0000000008003e80                HAL_TIM_Base_Start
 .text.HAL_TIM_PWM_Init
                0x0000000008003f34       0x9e Drivers/STM32F4xx_HAL_Driver/Src/stm32f4xx_hal_tim.o
                0x0000000008003f34                HAL_TIM_PWM_Init
 *fill*         0x0000000008003fd2        0x2 
 .text.HAL_TIM_PWM_Start
                0x0000000008003fd4      0x160 Drivers/STM32F4xx_HAL_Driver/Src/stm32f4xx_hal_tim.o
                0x0000000008003fd4                HAL_TIM_PWM_Start
 .text.HAL_TIM_PWM_ConfigChannel
                0x0000000008004134      0x17c Drivers/STM32F4xx_HAL_Driver/Src/stm32f4xx_hal_tim.o
                0x0000000008004134                HAL_TIM_PWM_ConfigChannel
 .text.TIM_Base_SetConfig
                0x00000000080042b0      0x100 Drivers/STM32F4xx_HAL_Driver/Src/stm32f4xx_hal_tim.o
                0x00000000080042b0                TIM_Base_SetConfig
 .text.TIM_OC1_SetConfig
                0x00000000080043b0       0xcc Drivers/STM32F4xx_HAL_Driver/Src/stm32f4xx_hal_tim.o
 .text.TIM_OC2_SetConfig
                0x000000000800447c       0xd8 Drivers/STM32F4xx_HAL_Driver/Src/stm32f4xx_hal_tim.o
                0x000000000800447c                TIM_OC2_SetConfig
 .text.TIM_OC3_SetConfig
                0x0000000008004554       0xd4 Drivers/STM32F4xx_HAL_Driver/Src/stm32f4xx_hal_tim.o
 .text.TIM_OC4_SetConfig
                0x0000000008004628       0xa0 Drivers/STM32F4xx_HAL_Driver/Src/stm32f4xx_hal_tim.o
 .text.TIM_CCxChannelCmd
                0x00000000080046c8       0x4a Drivers/STM32F4xx_HAL_Driver/Src/stm32f4xx_hal_tim.o
                0x00000000080046c8                TIM_CCxChannelCmd
 *fill*         0x0000000008004712        0x2 
 .text.HAL_TIMEx_MasterConfigSynchronization
                0x0000000008004714       0xdc Drivers/STM32F4xx_HAL_Driver/Src/stm32f4xx_hal_tim_ex.o
                0x0000000008004714                HAL_TIMEx_MasterConfigSynchronization
 .text.HAL_UART_Init
                0x00000000080047f0       0x9a Drivers/STM32F4xx_HAL_Driver/Src/stm32f4xx_hal_uart.o
                0x00000000080047f0                HAL_UART_Init
 .text.HAL_UART_Receive_DMA
                0x000000000800488a       0x60 Drivers/STM32F4xx_HAL_Driver/Src/stm32f4xx_hal_uart.o
                0x000000000800488a                HAL_UART_Receive_DMA
 .text.HAL_UART_RxHalfCpltCallback
                0x00000000080048ea       0x14 Drivers/STM32F4xx_HAL_Driver/Src/stm32f4xx_hal_uart.o
                0x00000000080048ea                HAL_UART_RxHalfCpltCallback
 .text.HAL_UART_ErrorCallback
                0x00000000080048fe       0x14 Drivers/STM32F4xx_HAL_Driver/Src/stm32f4xx_hal_uart.o
                0x00000000080048fe                HAL_UART_ErrorCallback
 .text.HAL_UARTEx_RxEventCallback
                0x0000000008004912       0x18 Drivers/STM32F4xx_HAL_Driver/Src/stm32f4xx_hal_uart.o
                0x0000000008004912                HAL_UARTEx_RxEventCallback
 .text.UART_DMAReceiveCplt
                0x000000000800492a       0x96 Drivers/STM32F4xx_HAL_Driver/Src/stm32f4xx_hal_uart.o
 .text.UART_DMARxHalfCplt
                0x00000000080049c0       0x36 Drivers/STM32F4xx_HAL_Driver/Src/stm32f4xx_hal_uart.o
 .text.UART_DMAError
                0x00000000080049f6       0x94 Drivers/STM32F4xx_HAL_Driver/Src/stm32f4xx_hal_uart.o
 *fill*         0x0000000008004a8a        0x2 
 .text.UART_Start_Receive_DMA
                0x0000000008004a8c       0xc8 Drivers/STM32F4xx_HAL_Driver/Src/stm32f4xx_hal_uart.o
                0x0000000008004a8c                UART_Start_Receive_DMA
 .text.UART_EndTxTransfer
                0x0000000008004b54       0x2c Drivers/STM32F4xx_HAL_Driver/Src/stm32f4xx_hal_uart.o
 .text.UART_EndRxTransfer
                0x0000000008004b80       0x5a Drivers/STM32F4xx_HAL_Driver/Src/stm32f4xx_hal_uart.o
 *fill*         0x0000000008004bda        0x2 
 .text.UART_SetConfig
                0x0000000008004bdc      0x390 Drivers/STM32F4xx_HAL_Driver/Src/stm32f4xx_hal_uart.o
 *fill*         0x0000000008004f6c        0x4 
 .text.get_angle_from_accel
                0x0000000008004f70      0x128 Lib/Src/angle.o
                0x0000000008004f70                get_angle_from_accel
 .text.get_angle_from_gyro
                0x0000000008005098       0x9c Lib/Src/angle.o
                0x0000000008005098                get_angle_from_gyro
 .text.complementary_filter
                0x0000000008005134      0x134 Lib/Src/angle.o
                0x0000000008005134                complementary_filter
 .text.dshot_init
                0x0000000008005268       0x22 Lib/Src/dshot.o
                0x0000000008005268                dshot_init
 .text.dshot_write
                0x000000000800528a       0x1e Lib/Src/dshot.o
                0x000000000800528a                dshot_write
 .text.dshot_choose_type
                0x00000000080052a8       0x38 Lib/Src/dshot.o
 .text.dshot_set_timer
                0x00000000080052e0       0xbc Lib/Src/dshot.o
 .text.dshot_dma_tc_callback
                0x000000000800539c       0x88 Lib/Src/dshot.o
 .text.dshot_put_tc_callback_function
                0x0000000008005424       0x3c Lib/Src/dshot.o
 .text.dshot_start_pwm
                0x0000000008005460       0x30 Lib/Src/dshot.o
 .text.dshot_prepare_packet
                0x0000000008005490       0x6a Lib/Src/dshot.o
 .text.dshot_prepare_dmabuffer
                0x00000000080054fa       0x60 Lib/Src/dshot.o
 *fill*         0x000000000800555a        0x2 
 .text.dshot_prepare_dmabuffer_all
                0x000000000800555c       0x58 Lib/Src/dshot.o
 .text.dshot_dma_start
                0x00000000080055b4       0x70 Lib/Src/dshot.o
 .text.dshot_enable_dma_request
                0x0000000008005624       0x58 Lib/Src/dshot.o
 .text.ibus_init
                0x000000000800567c       0x1c Lib/Src/ibus.o
                0x000000000800567c                ibus_init
 .text.ibus_read
                0x0000000008005698       0x48 Lib/Src/ibus.o
                0x0000000008005698                ibus_read
 .text.ibus_is_valid
                0x00000000080056e0       0x30 Lib/Src/ibus.o
                0x00000000080056e0                ibus_is_valid
 .text.ibus_checksum
                0x0000000008005710       0x60 Lib/Src/ibus.o
                0x0000000008005710                ibus_checksum
 .text.ibus_update
                0x0000000008005770       0x64 Lib/Src/ibus.o
                0x0000000008005770                ibus_update
 .text.is_ibus_lost
                0x00000000080057d4       0x38 Lib/Src/ibus.o
                0x00000000080057d4                is_ibus_lost
 .text.ibus_lost_flag_clear
                0x000000000800580c       0x18 Lib/Src/ibus.o
                0x000000000800580c                ibus_lost_flag_clear
 .text.icm20948_init
                0x0000000008005824       0x56 Lib/Src/icm20948.o
                0x0000000008005824                icm20948_init
 .text.ak09916_init
                0x000000000800587a       0x20 Lib/Src/icm20948.o
                0x000000000800587a                ak09916_init
 .text.icm20948_gyro_read
                0x000000000800589a       0x8c Lib/Src/icm20948.o
                0x000000000800589a                icm20948_gyro_read
 *fill*         0x0000000008005926        0x2 
 .text.icm20948_accel_read
                0x0000000008005928       0xa4 Lib/Src/icm20948.o
                0x0000000008005928                icm20948_accel_read
 .text.icm20948_gyro_read_dps
                0x00000000080059cc       0x8c Lib/Src/icm20948.o
                0x00000000080059cc                icm20948_gyro_read_dps
 .text.icm20948_accel_read_g
                0x0000000008005a58       0x8c Lib/Src/icm20948.o
                0x0000000008005a58                icm20948_accel_read_g
 .text.icm20948_device_reset
                0x0000000008005ae4       0x18 Lib/Src/icm20948.o
                0x0000000008005ae4                icm20948_device_reset
 .text.ak09916_soft_reset
                0x0000000008005afc       0x16 Lib/Src/icm20948.o
                0x0000000008005afc                ak09916_soft_reset
 .text.icm20948_wakeup
                0x0000000008005b12       0x34 Lib/Src/icm20948.o
                0x0000000008005b12                icm20948_wakeup
 .text.icm20948_spi_slave_enable
                0x0000000008005b46       0x2e Lib/Src/icm20948.o
                0x0000000008005b46                icm20948_spi_slave_enable
 .text.icm20948_i2c_master_reset
                0x0000000008005b74       0x2e Lib/Src/icm20948.o
                0x0000000008005b74                icm20948_i2c_master_reset
 .text.icm20948_i2c_master_enable
                0x0000000008005ba2       0x34 Lib/Src/icm20948.o
                0x0000000008005ba2                icm20948_i2c_master_enable
 .text.icm20948_i2c_master_clk_frq
                0x0000000008005bd6       0x32 Lib/Src/icm20948.o
                0x0000000008005bd6                icm20948_i2c_master_clk_frq
 .text.icm20948_clock_source
                0x0000000008005c08       0x32 Lib/Src/icm20948.o
                0x0000000008005c08                icm20948_clock_source
 .text.icm20948_odr_align_enable
                0x0000000008005c3a       0x12 Lib/Src/icm20948.o
                0x0000000008005c3a                icm20948_odr_align_enable
 .text.icm20948_int_pin_active_low
                0x0000000008005c4c       0x2e Lib/Src/icm20948.o
                0x0000000008005c4c                icm20948_int_pin_active_low
 .text.icm20948_int_pulse
                0x0000000008005c7a       0x2e Lib/Src/icm20948.o
                0x0000000008005c7a                icm20948_int_pulse
 .text.icm20948_int_enable_raw_data_rdy
                0x0000000008005ca8       0x12 Lib/Src/icm20948.o
                0x0000000008005ca8                icm20948_int_enable_raw_data_rdy
 .text.icm20948_gyro_low_pass_filter
                0x0000000008005cba       0x3a Lib/Src/icm20948.o
                0x0000000008005cba                icm20948_gyro_low_pass_filter
 .text.icm20948_accel_low_pass_filter
                0x0000000008005cf4       0x3a Lib/Src/icm20948.o
                0x0000000008005cf4                icm20948_accel_low_pass_filter
 .text.icm20948_gyro_sample_rate_divider
                0x0000000008005d2e       0x1e Lib/Src/icm20948.o
                0x0000000008005d2e                icm20948_gyro_sample_rate_divider
 .text.icm20948_accel_sample_rate_divider
                0x0000000008005d4c       0x3c Lib/Src/icm20948.o
                0x0000000008005d4c                icm20948_accel_sample_rate_divider
 .text.ak09916_operation_mode_setting
                0x0000000008005d88       0x22 Lib/Src/icm20948.o
                0x0000000008005d88                ak09916_operation_mode_setting
 *fill*         0x0000000008005daa        0x2 
 .text.icm20948_gyro_calibration
                0x0000000008005dac      0x144 Lib/Src/icm20948.o
                0x0000000008005dac                icm20948_gyro_calibration
 .text.icm20948_accel_calibration
                0x0000000008005ef0      0x230 Lib/Src/icm20948.o
                0x0000000008005ef0                icm20948_accel_calibration
 .text.icm20948_gyro_full_scale_select
                0x0000000008006120       0x94 Lib/Src/icm20948.o
                0x0000000008006120                icm20948_gyro_full_scale_select
 .text.icm20948_accel_full_scale_select
                0x00000000080061b4       0x8c Lib/Src/icm20948.o
                0x00000000080061b4                icm20948_accel_full_scale_select
 .text.cs_high  0x0000000008006240       0x18 Lib/Src/icm20948.o
 .text.cs_low   0x0000000008006258       0x18 Lib/Src/icm20948.o
 .text.select_user_bank
                0x0000000008006270       0x34 Lib/Src/icm20948.o
 .text.read_single_icm20948_reg
                0x00000000080062a4       0x58 Lib/Src/icm20948.o
 .text.write_single_icm20948_reg
                0x00000000080062fc       0x48 Lib/Src/icm20948.o
 .text.read_multiple_icm20948_reg
                0x0000000008006344       0x60 Lib/Src/icm20948.o
 .text.write_multiple_icm20948_reg
                0x00000000080063a4       0x58 Lib/Src/icm20948.o
 .text.write_single_ak09916_reg
                0x00000000080063fc       0x44 Lib/Src/icm20948.o
 .text.imu_init
                0x0000000008006440       0x10 Lib/Src/imu.o
                0x0000000008006440                imu_init
 .text.imu_update
                0x0000000008006450       0x78 Lib/Src/imu.o
                0x0000000008006450                imu_update
 .text.HAL_UART_RxCpltCallback
                0x00000000080064c8       0x20 Lib/Src/interrupt.o
                0x00000000080064c8                HAL_UART_RxCpltCallback
 .text.HAL_GPIO_EXTI_Callback
                0x00000000080064e8       0x48 Lib/Src/interrupt.o
                0x00000000080064e8                HAL_GPIO_EXTI_Callback
 .text.led_blue_on
                0x0000000008006530       0x18 Lib/Src/led.o
                0x0000000008006530                led_blue_on
 .text.led_blue_off
                0x0000000008006548       0x18 Lib/Src/led.o
                0x0000000008006548                led_blue_off
 .text.led_green_on
                0x0000000008006560       0x18 Lib/Src/led.o
                0x0000000008006560                led_green_on
 .text.led_green_off
                0x0000000008006578       0x18 Lib/Src/led.o
                0x0000000008006578                led_green_off
 .text.motor_init
                0x0000000008006590        0xe Lib/Src/motor.o
                0x0000000008006590                motor_init
 .text.motor_update
                0x000000000800659e       0x76 Lib/Src/motor.o
                0x000000000800659e                motor_update
 .text.nrf24l01p_tx_init
                0x0000000008006614       0x56 Lib/Src/nrf24l01p.o
                0x0000000008006614                nrf24l01p_tx_init
 .text.nrf24l01p_tx_transmit
                0x000000000800666a       0x18 Lib/Src/nrf24l01p.o
                0x000000000800666a                nrf24l01p_tx_transmit
 .text.nrf24l01p_tx_irq
                0x0000000008006682       0x2e Lib/Src/nrf24l01p.o
                0x0000000008006682                nrf24l01p_tx_irq
 .text.nrf24l01p_reset
                0x00000000080066b0       0xa8 Lib/Src/nrf24l01p.o
                0x00000000080066b0                nrf24l01p_reset
 .text.nrf24l01p_ptx_mode
                0x0000000008006758       0x2a Lib/Src/nrf24l01p.o
                0x0000000008006758                nrf24l01p_ptx_mode
 *fill*         0x0000000008006782        0x2 
 .text.nrf24l01p_write_tx_fifo
                0x0000000008006784       0x4c Lib/Src/nrf24l01p.o
                0x0000000008006784                nrf24l01p_write_tx_fifo
 .text.nrf24l01p_flush_rx_fifo
                0x00000000080067d0       0x30 Lib/Src/nrf24l01p.o
                0x00000000080067d0                nrf24l01p_flush_rx_fifo
 .text.nrf24l01p_flush_tx_fifo
                0x0000000008006800       0x30 Lib/Src/nrf24l01p.o
                0x0000000008006800                nrf24l01p_flush_tx_fifo
 .text.nrf24l01p_get_status
                0x0000000008006830       0x34 Lib/Src/nrf24l01p.o
                0x0000000008006830                nrf24l01p_get_status
 .text.nrf24l01p_clear_tx_ds
                0x0000000008006864       0x28 Lib/Src/nrf24l01p.o
                0x0000000008006864                nrf24l01p_clear_tx_ds
 .text.nrf24l01p_clear_max_rt
                0x000000000800688c       0x28 Lib/Src/nrf24l01p.o
                0x000000000800688c                nrf24l01p_clear_max_rt
 .text.nrf24l01p_power_up
                0x00000000080068b4       0x2a Lib/Src/nrf24l01p.o
                0x00000000080068b4                nrf24l01p_power_up
 .text.nrf24l01p_set_crc_length
                0x00000000080068de       0x46 Lib/Src/nrf24l01p.o
                0x00000000080068de                nrf24l01p_set_crc_length
 .text.nrf24l01p_set_address_widths
                0x0000000008006924       0x20 Lib/Src/nrf24l01p.o
                0x0000000008006924                nrf24l01p_set_address_widths
 .text.nrf24l01p_auto_retransmit_count
                0x0000000008006944       0x36 Lib/Src/nrf24l01p.o
                0x0000000008006944                nrf24l01p_auto_retransmit_count
 *fill*         0x000000000800697a        0x2 
 .text.nrf24l01p_auto_retransmit_delay
                0x000000000800697c       0x50 Lib/Src/nrf24l01p.o
                0x000000000800697c                nrf24l01p_auto_retransmit_delay
 .text.nrf24l01p_set_rf_channel
                0x00000000080069cc       0x26 Lib/Src/nrf24l01p.o
                0x00000000080069cc                nrf24l01p_set_rf_channel
 .text.nrf24l01p_set_rf_tx_output_power
                0x00000000080069f2       0x3a Lib/Src/nrf24l01p.o
                0x00000000080069f2                nrf24l01p_set_rf_tx_output_power
 .text.nrf24l01p_set_rf_air_data_rate
                0x0000000008006a2c       0x52 Lib/Src/nrf24l01p.o
                0x0000000008006a2c                nrf24l01p_set_rf_air_data_rate
 *fill*         0x0000000008006a7e        0x2 
 .text.cs_high  0x0000000008006a80       0x18 Lib/Src/nrf24l01p.o
 .text.cs_low   0x0000000008006a98       0x18 Lib/Src/nrf24l01p.o
 .text.ce_high  0x0000000008006ab0       0x18 Lib/Src/nrf24l01p.o
 .text.ce_low   0x0000000008006ac8       0x18 Lib/Src/nrf24l01p.o
 .text.read_register
                0x0000000008006ae0       0x4c Lib/Src/nrf24l01p.o
 .text.write_register
                0x0000000008006b2c       0x5c Lib/Src/nrf24l01p.o
 .text.rc_init  0x0000000008006b88        0xc Lib/Src/rc.o
                0x0000000008006b88                rc_init
 .text.rc_update
                0x0000000008006b94       0x64 Lib/Src/rc.o
                0x0000000008006b94                rc_update
 .text.rc_command_clear
                0x0000000008006bf8       0x38 Lib/Src/rc.o
                0x0000000008006bf8                rc_command_clear
 .text.rc_channel_mapping
                0x0000000008006c30       0x46 Lib/Src/rc.o
                0x0000000008006c30                rc_channel_mapping
 .text.rc_set_angle_range
                0x0000000008006c76       0x36 Lib/Src/rc.o
 .text.rc_get_command
                0x0000000008006cac       0x8a Lib/Src/rc.o
                0x0000000008006cac                rc_get_command
 .text.telemetry_init
                0x0000000008006d36       0x12 Lib/Src/telemetry.o
                0x0000000008006d36                telemetry_init
 .text.telemetry_update
                0x0000000008006d48       0x20 Lib/Src/telemetry.o
                0x0000000008006d48                telemetry_update
 .text.put_angle
                0x0000000008006d68       0x58 Lib/Src/telemetry.o
 .text.put_rc_command
                0x0000000008006dc0       0x3c Lib/Src/telemetry.o
 .text.timer_init
                0x0000000008006dfc       0x1c Lib/Src/timer.o
                0x0000000008006dfc                timer_init
 .text.tiemr2_start
                0x0000000008006e18       0x1c Lib/Src/timer.o
                0x0000000008006e18                tiemr2_start
 .text.timer2_end
                0x0000000008006e34       0x1c Lib/Src/timer.o
                0x0000000008006e34                timer2_end
 .text.__libc_init_array
                0x0000000008006e50       0x48 c:/st/stm32cubeide_1.6.1/stm32cubeide/plugins/com.st.stm32cube.ide.mcu.externaltools.gnu-tools-for-stm32.9-2020-q2-update.win32_1.5.0.202011040924/tools/bin/../lib/gcc/arm-none-eabi/9.3.1/../../../../arm-none-eabi/lib/thumb/v7e-m+fp/hard\libc_nano.a(lib_a-init.o)
                0x0000000008006e50                __libc_init_array
 .text.memset   0x0000000008006e98       0x10 c:/st/stm32cubeide_1.6.1/stm32cubeide/plugins/com.st.stm32cube.ide.mcu.externaltools.gnu-tools-for-stm32.9-2020-q2-update.win32_1.5.0.202011040924/tools/bin/../lib/gcc/arm-none-eabi/9.3.1/../../../../arm-none-eabi/lib/thumb/v7e-m+fp/hard\libc_nano.a(lib_a-memset.o)
                0x0000000008006e98                memset
 .text.atan     0x0000000008006ea8      0x340 c:/st/stm32cubeide_1.6.1/stm32cubeide/plugins/com.st.stm32cube.ide.mcu.externaltools.gnu-tools-for-stm32.9-2020-q2-update.win32_1.5.0.202011040924/tools/bin/../lib/gcc/arm-none-eabi/9.3.1/../../../../arm-none-eabi/lib/thumb/v7e-m+fp/hard\libm.a(lib_a-s_atan.o)
                0x0000000008006ea8                atan
 .text.fabs     0x00000000080071e8       0x12 c:/st/stm32cubeide_1.6.1/stm32cubeide/plugins/com.st.stm32cube.ide.mcu.externaltools.gnu-tools-for-stm32.9-2020-q2-update.win32_1.5.0.202011040924/tools/bin/../lib/gcc/arm-none-eabi/9.3.1/../../../../arm-none-eabi/lib/thumb/v7e-m+fp/hard\libm.a(lib_a-s_fabs.o)
                0x00000000080071e8                fabs
 *fill*         0x00000000080071fa        0x2 
 .text.lrintf   0x00000000080071fc       0x80 c:/st/stm32cubeide_1.6.1/stm32cubeide/plugins/com.st.stm32cube.ide.mcu.externaltools.gnu-tools-for-stm32.9-2020-q2-update.win32_1.5.0.202011040924/tools/bin/../lib/gcc/arm-none-eabi/9.3.1/../../../../arm-none-eabi/lib/thumb/v7e-m+fp/hard\libm.a(lib_a-sf_lrint.o)
                0x00000000080071fc                lrintf
 .text.sqrt     0x000000000800727c       0x68 c:/st/stm32cubeide_1.6.1/stm32cubeide/plugins/com.st.stm32cube.ide.mcu.externaltools.gnu-tools-for-stm32.9-2020-q2-update.win32_1.5.0.202011040924/tools/bin/../lib/gcc/arm-none-eabi/9.3.1/../../../../arm-none-eabi/lib/thumb/v7e-m+fp/hard\libm.a(lib_a-w_sqrt.o)
                0x000000000800727c                sqrt
 .text.__ieee754_sqrt
                0x00000000080072e4      0x168 c:/st/stm32cubeide_1.6.1/stm32cubeide/plugins/com.st.stm32cube.ide.mcu.externaltools.gnu-tools-for-stm32.9-2020-q2-update.win32_1.5.0.202011040924/tools/bin/../lib/gcc/arm-none-eabi/9.3.1/../../../../arm-none-eabi/lib/thumb/v7e-m+fp/hard\libm.a(lib_a-e_sqrt.o)
                0x00000000080072e4                __ieee754_sqrt
 .text.__errno  0x000000000800744c        0xc c:/st/stm32cubeide_1.6.1/stm32cubeide/plugins/com.st.stm32cube.ide.mcu.externaltools.gnu-tools-for-stm32.9-2020-q2-update.win32_1.5.0.202011040924/tools/bin/../lib/gcc/arm-none-eabi/9.3.1/../../../../arm-none-eabi/lib/thumb/v7e-m+fp/hard\libc_nano.a(lib_a-errno.o)
                0x000000000800744c                __errno
 *(.glue_7)
 .glue_7        0x0000000008007458        0x0 linker stubs
 *(.glue_7t)
 .glue_7t       0x0000000008007458        0x0 linker stubs
 *(.eh_frame)
 .eh_frame      0x0000000008007458        0x0 c:/st/stm32cubeide_1.6.1/stm32cubeide/plugins/com.st.stm32cube.ide.mcu.externaltools.gnu-tools-for-stm32.9-2020-q2-update.win32_1.5.0.202011040924/tools/bin/../lib/gcc/arm-none-eabi/9.3.1/thumb/v7e-m+fp/hard/crtbegin.o
 *(.init)
 .init          0x0000000008007458        0x4 c:/st/stm32cubeide_1.6.1/stm32cubeide/plugins/com.st.stm32cube.ide.mcu.externaltools.gnu-tools-for-stm32.9-2020-q2-update.win32_1.5.0.202011040924/tools/bin/../lib/gcc/arm-none-eabi/9.3.1/thumb/v7e-m+fp/hard/crti.o
                0x0000000008007458                _init
 .init          0x000000000800745c        0x8 c:/st/stm32cubeide_1.6.1/stm32cubeide/plugins/com.st.stm32cube.ide.mcu.externaltools.gnu-tools-for-stm32.9-2020-q2-update.win32_1.5.0.202011040924/tools/bin/../lib/gcc/arm-none-eabi/9.3.1/thumb/v7e-m+fp/hard/crtn.o
 *(.fini)
 .fini          0x0000000008007464        0x4 c:/st/stm32cubeide_1.6.1/stm32cubeide/plugins/com.st.stm32cube.ide.mcu.externaltools.gnu-tools-for-stm32.9-2020-q2-update.win32_1.5.0.202011040924/tools/bin/../lib/gcc/arm-none-eabi/9.3.1/thumb/v7e-m+fp/hard/crti.o
                0x0000000008007464                _fini
 .fini          0x0000000008007468        0x8 c:/st/stm32cubeide_1.6.1/stm32cubeide/plugins/com.st.stm32cube.ide.mcu.externaltools.gnu-tools-for-stm32.9-2020-q2-update.win32_1.5.0.202011040924/tools/bin/../lib/gcc/arm-none-eabi/9.3.1/thumb/v7e-m+fp/hard/crtn.o
                0x0000000008007470                . = ALIGN (0x4)
                0x0000000008007470                _etext = .

.vfp11_veneer   0x0000000008007470        0x0
 .vfp11_veneer  0x0000000008007470        0x0 linker stubs

.v4_bx          0x0000000008007470        0x0
 .v4_bx         0x0000000008007470        0x0 linker stubs

.iplt           0x0000000008007470        0x0
 .iplt          0x0000000008007470        0x0 c:/st/stm32cubeide_1.6.1/stm32cubeide/plugins/com.st.stm32cube.ide.mcu.externaltools.gnu-tools-for-stm32.9-2020-q2-update.win32_1.5.0.202011040924/tools/bin/../lib/gcc/arm-none-eabi/9.3.1/thumb/v7e-m+fp/hard/crtbegin.o

.rodata         0x0000000008007470       0x70
                0x0000000008007470                . = ALIGN (0x4)
 *(.rodata)
 .rodata        0x0000000008007470        0x3 Lib/Src/icm20948.o
 *(.rodata*)
 *fill*         0x0000000008007473        0x1 
 .rodata.AHBPrescTable
                0x0000000008007474       0x10 Core/Src/system_stm32f4xx.o
                0x0000000008007474                AHBPrescTable
 .rodata.APBPrescTable
                0x0000000008007484        0x8 Core/Src/system_stm32f4xx.o
                0x0000000008007484                APBPrescTable
 .rodata.flagBitshiftOffset.8275
                0x000000000800748c        0x8 Drivers/STM32F4xx_HAL_Driver/Src/stm32f4xx_hal_dma.o
 *fill*         0x0000000008007494        0x4 
 .rodata.atanhi
                0x0000000008007498       0x20 c:/st/stm32cubeide_1.6.1/stm32cubeide/plugins/com.st.stm32cube.ide.mcu.externaltools.gnu-tools-for-stm32.9-2020-q2-update.win32_1.5.0.202011040924/tools/bin/../lib/gcc/arm-none-eabi/9.3.1/../../../../arm-none-eabi/lib/thumb/v7e-m+fp/hard\libm.a(lib_a-s_atan.o)
 .rodata.atanlo
                0x00000000080074b8       0x20 c:/st/stm32cubeide_1.6.1/stm32cubeide/plugins/com.st.stm32cube.ide.mcu.externaltools.gnu-tools-for-stm32.9-2020-q2-update.win32_1.5.0.202011040924/tools/bin/../lib/gcc/arm-none-eabi/9.3.1/../../../../arm-none-eabi/lib/thumb/v7e-m+fp/hard\libm.a(lib_a-s_atan.o)
 .rodata.TWO23  0x00000000080074d8        0x8 c:/st/stm32cubeide_1.6.1/stm32cubeide/plugins/com.st.stm32cube.ide.mcu.externaltools.gnu-tools-for-stm32.9-2020-q2-update.win32_1.5.0.202011040924/tools/bin/../lib/gcc/arm-none-eabi/9.3.1/../../../../arm-none-eabi/lib/thumb/v7e-m+fp/hard\libm.a(lib_a-sf_lrint.o)
                0x00000000080074e0                . = ALIGN (0x4)

.ARM.extab      0x00000000080074e0        0x0
                0x00000000080074e0                . = ALIGN (0x4)
 *(.ARM.extab* .gnu.linkonce.armextab.*)
                0x00000000080074e0                . = ALIGN (0x4)

.ARM            0x00000000080074e0        0x8
                0x00000000080074e0                . = ALIGN (0x4)
                0x00000000080074e0                __exidx_start = .
 *(.ARM.exidx*)
 .ARM.exidx     0x00000000080074e0        0x8 c:/st/stm32cubeide_1.6.1/stm32cubeide/plugins/com.st.stm32cube.ide.mcu.externaltools.gnu-tools-for-stm32.9-2020-q2-update.win32_1.5.0.202011040924/tools/bin/../lib/gcc/arm-none-eabi/9.3.1/thumb/v7e-m+fp/hard\libgcc.a(_udivmoddi4.o)
                0x00000000080074e8                __exidx_end = .
                0x00000000080074e8                . = ALIGN (0x4)

.rel.dyn        0x00000000080074e8        0x0
 .rel.iplt      0x00000000080074e8        0x0 c:/st/stm32cubeide_1.6.1/stm32cubeide/plugins/com.st.stm32cube.ide.mcu.externaltools.gnu-tools-for-stm32.9-2020-q2-update.win32_1.5.0.202011040924/tools/bin/../lib/gcc/arm-none-eabi/9.3.1/thumb/v7e-m+fp/hard/crtbegin.o

.preinit_array  0x00000000080074e8        0x0
                0x00000000080074e8                . = ALIGN (0x4)
                0x00000000080074e8                PROVIDE (__preinit_array_start = .)
 *(.preinit_array*)
                0x00000000080074e8                PROVIDE (__preinit_array_end = .)
                0x00000000080074e8                . = ALIGN (0x4)

.init_array     0x00000000080074e8        0x4
                0x00000000080074e8                . = ALIGN (0x4)
                0x00000000080074e8                PROVIDE (__init_array_start = .)
 *(SORT_BY_NAME(.init_array.*))
 *(.init_array*)
 .init_array    0x00000000080074e8        0x4 c:/st/stm32cubeide_1.6.1/stm32cubeide/plugins/com.st.stm32cube.ide.mcu.externaltools.gnu-tools-for-stm32.9-2020-q2-update.win32_1.5.0.202011040924/tools/bin/../lib/gcc/arm-none-eabi/9.3.1/thumb/v7e-m+fp/hard/crtbegin.o
                0x00000000080074ec                PROVIDE (__init_array_end = .)
                0x00000000080074ec                . = ALIGN (0x4)

.fini_array     0x00000000080074ec        0x4
                0x00000000080074ec                . = ALIGN (0x4)
                [!provide]                        PROVIDE (__fini_array_start = .)
 *(SORT_BY_NAME(.fini_array.*))
 *(.fini_array*)
 .fini_array    0x00000000080074ec        0x4 c:/st/stm32cubeide_1.6.1/stm32cubeide/plugins/com.st.stm32cube.ide.mcu.externaltools.gnu-tools-for-stm32.9-2020-q2-update.win32_1.5.0.202011040924/tools/bin/../lib/gcc/arm-none-eabi/9.3.1/thumb/v7e-m+fp/hard/crtbegin.o
                [!provide]                        PROVIDE (__fini_array_end = .)
                0x00000000080074f0                . = ALIGN (0x4)
                0x00000000080074f0                _sidata = LOADADDR (.data)

.data           0x0000000020000000       0x74 load address 0x00000000080074f0
                0x0000000020000000                . = ALIGN (0x4)
                0x0000000020000000                _sdata = .
 *(.data)
 *(.data*)
 .data.SystemCoreClock
                0x0000000020000000        0x4 Core/Src/system_stm32f4xx.o
                0x0000000020000000                SystemCoreClock
 .data.uwTickPrio
                0x0000000020000004        0x4 Drivers/STM32F4xx_HAL_Driver/Src/stm32f4xx_hal.o
                0x0000000020000004                uwTickPrio
 .data.uwTickFreq
                0x0000000020000008        0x1 Drivers/STM32F4xx_HAL_Driver/Src/stm32f4xx_hal.o
                0x0000000020000008                uwTickFreq
 *fill*         0x0000000020000009        0x3 
 .data._impure_ptr
                0x000000002000000c        0x4 c:/st/stm32cubeide_1.6.1/stm32cubeide/plugins/com.st.stm32cube.ide.mcu.externaltools.gnu-tools-for-stm32.9-2020-q2-update.win32_1.5.0.202011040924/tools/bin/../lib/gcc/arm-none-eabi/9.3.1/../../../../arm-none-eabi/lib/thumb/v7e-m+fp/hard\libc_nano.a(lib_a-impure.o)
                0x000000002000000c                _impure_ptr
 .data.impure_data
                0x0000000020000010       0x60 c:/st/stm32cubeide_1.6.1/stm32cubeide/plugins/com.st.stm32cube.ide.mcu.externaltools.gnu-tools-for-stm32.9-2020-q2-update.win32_1.5.0.202011040924/tools/bin/../lib/gcc/arm-none-eabi/9.3.1/../../../../arm-none-eabi/lib/thumb/v7e-m+fp/hard\libc_nano.a(lib_a-impure.o)
 .data.__fdlib_version
                0x0000000020000070        0x1 c:/st/stm32cubeide_1.6.1/stm32cubeide/plugins/com.st.stm32cube.ide.mcu.externaltools.gnu-tools-for-stm32.9-2020-q2-update.win32_1.5.0.202011040924/tools/bin/../lib/gcc/arm-none-eabi/9.3.1/../../../../arm-none-eabi/lib/thumb/v7e-m+fp/hard\libm.a(lib_a-s_lib_ver.o)
                0x0000000020000070                __fdlib_version
 *(.RamFunc)
 *(.RamFunc*)
                0x0000000020000074                . = ALIGN (0x4)
 *fill*         0x0000000020000071        0x3 
                0x0000000020000074                _edata = .

.igot.plt       0x0000000020000074        0x0 load address 0x0000000008007564
 .igot.plt      0x0000000020000074        0x0 c:/st/stm32cubeide_1.6.1/stm32cubeide/plugins/com.st.stm32cube.ide.mcu.externaltools.gnu-tools-for-stm32.9-2020-q2-update.win32_1.5.0.202011040924/tools/bin/../lib/gcc/arm-none-eabi/9.3.1/thumb/v7e-m+fp/hard/crtbegin.o
                0x0000000020000074                . = ALIGN (0x4)

.bss            0x0000000020000078      0x5b4 load address 0x0000000008007564
                0x0000000020000078                _sbss = .
                0x0000000020000078                __bss_start__ = _sbss
 *(.bss)
 .bss           0x0000000020000078       0x1c c:/st/stm32cubeide_1.6.1/stm32cubeide/plugins/com.st.stm32cube.ide.mcu.externaltools.gnu-tools-for-stm32.9-2020-q2-update.win32_1.5.0.202011040924/tools/bin/../lib/gcc/arm-none-eabi/9.3.1/thumb/v7e-m+fp/hard/crtbegin.o
 *(.bss*)
 .bss.my_motor_value
                0x0000000020000094        0x8 Core/Src/main.o
                0x0000000020000094                my_motor_value
 .bss.motor1_dmabuffer
                0x000000002000009c       0x48 Lib/Src/dshot.o
 .bss.motor2_dmabuffer
                0x00000000200000e4       0x48 Lib/Src/dshot.o
 .bss.motor3_dmabuffer
                0x000000002000012c       0x48 Lib/Src/dshot.o
 .bss.motor4_dmabuffer
                0x0000000020000174       0x48 Lib/Src/dshot.o
 .bss.uart_rx_buffer
                0x00000000200001bc       0x20 Lib/Src/ibus.o
 .bss.ibus_lost_flag
                0x00000000200001dc        0x1 Lib/Src/ibus.o
 *fill*         0x00000000200001dd        0x3 
 .bss.gyro_scale_factor
                0x00000000200001e0        0x4 Lib/Src/icm20948.o
 .bss.accel_scale_factor
                0x00000000200001e4        0x4 Lib/Src/icm20948.o
 .bss.reg_val.8449
                0x00000000200001e8        0x6 Lib/Src/icm20948.o
 *fill*         0x00000000200001ee        0x2 
 .bss.ibus_channel.8203
                0x00000000200001f0        0xc Lib/Src/rc.o
 .bss.telemetry_tx_buffer
                0x00000000200001fc        0x6 Lib/Src/telemetry.o
 *(COMMON)
 *fill*         0x0000000020000202        0x2 
 COMMON         0x0000000020000204       0xb0 Core/Src/spi.o
                0x0000000020000204                hspi2
                0x000000002000025c                hspi1
 COMMON         0x00000000200002b4      0x2a0 Core/Src/tim.o
                0x00000000200002b4                hdma_tim2_ch1
                0x0000000020000314                htim10
                0x000000002000035c                hdma_tim5_ch4_trig
                0x00000000200003bc                htim5
                0x0000000020000404                htim11
                0x000000002000044c                hdma_tim5_ch2
                0x00000000200004ac                hdma_tim2_ch3_up
                0x000000002000050c                htim2
 COMMON         0x0000000020000554       0xa4 Core/Src/usart.o
                0x0000000020000554                hdma_usart1_rx
                0x00000000200005b4                huart1
 COMMON         0x00000000200005f8        0x4 Drivers/STM32F4xx_HAL_Driver/Src/stm32f4xx_hal.o
                0x00000000200005f8                uwTick
 *fill*         0x00000000200005fc        0x4 
 COMMON         0x0000000020000600       0x18 Lib/Src/imu.o
                0x0000000020000600                my_angle
 COMMON         0x0000000020000618        0x5 Lib/Src/interrupt.o
                0x0000000020000618                telemetry_time
                0x000000002000061a                imu_sampling_time
                0x000000002000061c                imu_ready
 *fill*         0x000000002000061d        0x3 
 COMMON         0x0000000020000620        0xa Lib/Src/rc.o
                0x0000000020000620                my_rc_command
                0x000000002000062c                . = ALIGN (0x4)
 *fill*         0x000000002000062a        0x2 
                0x000000002000062c                _ebss = .
                0x000000002000062c                __bss_end__ = _ebss

._user_heap_stack
                0x000000002000062c      0x604 load address 0x0000000008007564
                0x0000000020000630                . = ALIGN (0x8)
 *fill*         0x000000002000062c        0x4 
                [!provide]                        PROVIDE (end = .)
                [!provide]                        PROVIDE (_end = .)
                0x0000000020000830                . = (. + _Min_Heap_Size)
 *fill*         0x0000000020000630      0x200 
                0x0000000020000c30                . = (. + _Min_Stack_Size)
 *fill*         0x0000000020000830      0x400 
                0x0000000020000c30                . = ALIGN (0x8)

/DISCARD/
 libc.a(*)
 libm.a(*)
 libgcc.a(*)

.ARM.attributes
                0x0000000000000000       0x30
 *(.ARM.attributes)
 .ARM.attributes
                0x0000000000000000       0x1e c:/st/stm32cubeide_1.6.1/stm32cubeide/plugins/com.st.stm32cube.ide.mcu.externaltools.gnu-tools-for-stm32.9-2020-q2-update.win32_1.5.0.202011040924/tools/bin/../lib/gcc/arm-none-eabi/9.3.1/thumb/v7e-m+fp/hard/crti.o
 .ARM.attributes
                0x000000000000001e       0x34 c:/st/stm32cubeide_1.6.1/stm32cubeide/plugins/com.st.stm32cube.ide.mcu.externaltools.gnu-tools-for-stm32.9-2020-q2-update.win32_1.5.0.202011040924/tools/bin/../lib/gcc/arm-none-eabi/9.3.1/thumb/v7e-m+fp/hard/crtbegin.o
 .ARM.attributes
                0x0000000000000052       0x34 Core/Src/dma.o
 .ARM.attributes
                0x0000000000000086       0x34 Core/Src/gpio.o
 .ARM.attributes
                0x00000000000000ba       0x34 Core/Src/main.o
 .ARM.attributes
                0x00000000000000ee       0x34 Core/Src/spi.o
 .ARM.attributes
                0x0000000000000122       0x34 Core/Src/stm32f4xx_hal_msp.o
 .ARM.attributes
                0x0000000000000156       0x34 Core/Src/stm32f4xx_it.o
 .ARM.attributes
                0x000000000000018a       0x34 Core/Src/system_stm32f4xx.o
 .ARM.attributes
                0x00000000000001be       0x34 Core/Src/tim.o
 .ARM.attributes
                0x00000000000001f2       0x34 Core/Src/usart.o
 .ARM.attributes
                0x0000000000000226       0x21 Core/Startup/startup_stm32f411ceux.o
 .ARM.attributes
                0x0000000000000247       0x34 Drivers/STM32F4xx_HAL_Driver/Src/stm32f4xx_hal.o
 .ARM.attributes
                0x000000000000027b       0x34 Drivers/STM32F4xx_HAL_Driver/Src/stm32f4xx_hal_cortex.o
 .ARM.attributes
                0x00000000000002af       0x34 Drivers/STM32F4xx_HAL_Driver/Src/stm32f4xx_hal_dma.o
 .ARM.attributes
                0x00000000000002e3       0x34 Drivers/STM32F4xx_HAL_Driver/Src/stm32f4xx_hal_gpio.o
 .ARM.attributes
                0x0000000000000317       0x34 Drivers/STM32F4xx_HAL_Driver/Src/stm32f4xx_hal_rcc.o
 .ARM.attributes
                0x000000000000034b       0x34 Drivers/STM32F4xx_HAL_Driver/Src/stm32f4xx_hal_spi.o
 .ARM.attributes
                0x000000000000037f       0x34 Drivers/STM32F4xx_HAL_Driver/Src/stm32f4xx_hal_tim.o
 .ARM.attributes
                0x00000000000003b3       0x34 Drivers/STM32F4xx_HAL_Driver/Src/stm32f4xx_hal_tim_ex.o
 .ARM.attributes
                0x00000000000003e7       0x34 Drivers/STM32F4xx_HAL_Driver/Src/stm32f4xx_hal_uart.o
 .ARM.attributes
                0x000000000000041b       0x34 Lib/Src/angle.o
 .ARM.attributes
                0x000000000000044f       0x34 Lib/Src/dshot.o
 .ARM.attributes
                0x0000000000000483       0x34 Lib/Src/ibus.o
 .ARM.attributes
                0x00000000000004b7       0x34 Lib/Src/icm20948.o
 .ARM.attributes
                0x00000000000004eb       0x34 Lib/Src/imu.o
 .ARM.attributes
                0x000000000000051f       0x34 Lib/Src/interrupt.o
 .ARM.attributes
                0x0000000000000553       0x34 Lib/Src/led.o
 .ARM.attributes
                0x0000000000000587       0x34 Lib/Src/motor.o
 .ARM.attributes
                0x00000000000005bb       0x34 Lib/Src/nrf24l01p.o
 .ARM.attributes
                0x00000000000005ef       0x34 Lib/Src/rc.o
 .ARM.attributes
                0x0000000000000623       0x34 Lib/Src/telemetry.o
 .ARM.attributes
                0x0000000000000657       0x34 Lib/Src/timer.o
 .ARM.attributes
                0x000000000000068b       0x32 c:/st/stm32cubeide_1.6.1/stm32cubeide/plugins/com.st.stm32cube.ide.mcu.externaltools.gnu-tools-for-stm32.9-2020-q2-update.win32_1.5.0.202011040924/tools/bin/../lib/gcc/arm-none-eabi/9.3.1/../../../../arm-none-eabi/lib/thumb/v7e-m+fp/hard\libc_nano.a(lib_a-impure.o)
 .ARM.attributes
                0x00000000000006bd       0x34 c:/st/stm32cubeide_1.6.1/stm32cubeide/plugins/com.st.stm32cube.ide.mcu.externaltools.gnu-tools-for-stm32.9-2020-q2-update.win32_1.5.0.202011040924/tools/bin/../lib/gcc/arm-none-eabi/9.3.1/../../../../arm-none-eabi/lib/thumb/v7e-m+fp/hard\libc_nano.a(lib_a-init.o)
 .ARM.attributes
                0x00000000000006f1       0x34 c:/st/stm32cubeide_1.6.1/stm32cubeide/plugins/com.st.stm32cube.ide.mcu.externaltools.gnu-tools-for-stm32.9-2020-q2-update.win32_1.5.0.202011040924/tools/bin/../lib/gcc/arm-none-eabi/9.3.1/../../../../arm-none-eabi/lib/thumb/v7e-m+fp/hard\libc_nano.a(lib_a-memset.o)
 .ARM.attributes
                0x0000000000000725       0x34 c:/st/stm32cubeide_1.6.1/stm32cubeide/plugins/com.st.stm32cube.ide.mcu.externaltools.gnu-tools-for-stm32.9-2020-q2-update.win32_1.5.0.202011040924/tools/bin/../lib/gcc/arm-none-eabi/9.3.1/../../../../arm-none-eabi/lib/thumb/v7e-m+fp/hard\libm.a(lib_a-s_atan.o)
 .ARM.attributes
                0x0000000000000759       0x34 c:/st/stm32cubeide_1.6.1/stm32cubeide/plugins/com.st.stm32cube.ide.mcu.externaltools.gnu-tools-for-stm32.9-2020-q2-update.win32_1.5.0.202011040924/tools/bin/../lib/gcc/arm-none-eabi/9.3.1/../../../../arm-none-eabi/lib/thumb/v7e-m+fp/hard\libm.a(lib_a-s_fabs.o)
 .ARM.attributes
                0x000000000000078d       0x34 c:/st/stm32cubeide_1.6.1/stm32cubeide/plugins/com.st.stm32cube.ide.mcu.externaltools.gnu-tools-for-stm32.9-2020-q2-update.win32_1.5.0.202011040924/tools/bin/../lib/gcc/arm-none-eabi/9.3.1/../../../../arm-none-eabi/lib/thumb/v7e-m+fp/hard\libm.a(lib_a-sf_lrint.o)
 .ARM.attributes
                0x00000000000007c1       0x34 c:/st/stm32cubeide_1.6.1/stm32cubeide/plugins/com.st.stm32cube.ide.mcu.externaltools.gnu-tools-for-stm32.9-2020-q2-update.win32_1.5.0.202011040924/tools/bin/../lib/gcc/arm-none-eabi/9.3.1/../../../../arm-none-eabi/lib/thumb/v7e-m+fp/hard\libm.a(lib_a-w_sqrt.o)
 .ARM.attributes
                0x00000000000007f5       0x34 c:/st/stm32cubeide_1.6.1/stm32cubeide/plugins/com.st.stm32cube.ide.mcu.externaltools.gnu-tools-for-stm32.9-2020-q2-update.win32_1.5.0.202011040924/tools/bin/../lib/gcc/arm-none-eabi/9.3.1/../../../../arm-none-eabi/lib/thumb/v7e-m+fp/hard\libm.a(lib_a-e_sqrt.o)
 .ARM.attributes
                0x0000000000000829       0x32 c:/st/stm32cubeide_1.6.1/stm32cubeide/plugins/com.st.stm32cube.ide.mcu.externaltools.gnu-tools-for-stm32.9-2020-q2-update.win32_1.5.0.202011040924/tools/bin/../lib/gcc/arm-none-eabi/9.3.1/../../../../arm-none-eabi/lib/thumb/v7e-m+fp/hard\libm.a(lib_a-s_lib_ver.o)
 .ARM.attributes
                0x000000000000085b       0x34 c:/st/stm32cubeide_1.6.1/stm32cubeide/plugins/com.st.stm32cube.ide.mcu.externaltools.gnu-tools-for-stm32.9-2020-q2-update.win32_1.5.0.202011040924/tools/bin/../lib/gcc/arm-none-eabi/9.3.1/../../../../arm-none-eabi/lib/thumb/v7e-m+fp/hard\libc_nano.a(lib_a-errno.o)
 .ARM.attributes
                0x000000000000088f       0x1e c:/st/stm32cubeide_1.6.1/stm32cubeide/plugins/com.st.stm32cube.ide.mcu.externaltools.gnu-tools-for-stm32.9-2020-q2-update.win32_1.5.0.202011040924/tools/bin/../lib/gcc/arm-none-eabi/9.3.1/thumb/v7e-m+fp/hard\libgcc.a(_arm_addsubdf3.o)
 .ARM.attributes
                0x00000000000008ad       0x1e c:/st/stm32cubeide_1.6.1/stm32cubeide/plugins/com.st.stm32cube.ide.mcu.externaltools.gnu-tools-for-stm32.9-2020-q2-update.win32_1.5.0.202011040924/tools/bin/../lib/gcc/arm-none-eabi/9.3.1/thumb/v7e-m+fp/hard\libgcc.a(_arm_muldivdf3.o)
 .ARM.attributes
                0x00000000000008cb       0x1e c:/st/stm32cubeide_1.6.1/stm32cubeide/plugins/com.st.stm32cube.ide.mcu.externaltools.gnu-tools-for-stm32.9-2020-q2-update.win32_1.5.0.202011040924/tools/bin/../lib/gcc/arm-none-eabi/9.3.1/thumb/v7e-m+fp/hard\libgcc.a(_arm_cmpdf2.o)
 .ARM.attributes
                0x00000000000008e9       0x1e c:/st/stm32cubeide_1.6.1/stm32cubeide/plugins/com.st.stm32cube.ide.mcu.externaltools.gnu-tools-for-stm32.9-2020-q2-update.win32_1.5.0.202011040924/tools/bin/../lib/gcc/arm-none-eabi/9.3.1/thumb/v7e-m+fp/hard\libgcc.a(_arm_unorddf2.o)
 .ARM.attributes
                0x0000000000000907       0x1e c:/st/stm32cubeide_1.6.1/stm32cubeide/plugins/com.st.stm32cube.ide.mcu.externaltools.gnu-tools-for-stm32.9-2020-q2-update.win32_1.5.0.202011040924/tools/bin/../lib/gcc/arm-none-eabi/9.3.1/thumb/v7e-m+fp/hard\libgcc.a(_arm_fixdfsi.o)
 .ARM.attributes
                0x0000000000000925       0x1e c:/st/stm32cubeide_1.6.1/stm32cubeide/plugins/com.st.stm32cube.ide.mcu.externaltools.gnu-tools-for-stm32.9-2020-q2-update.win32_1.5.0.202011040924/tools/bin/../lib/gcc/arm-none-eabi/9.3.1/thumb/v7e-m+fp/hard\libgcc.a(_aeabi_uldivmod.o)
 .ARM.attributes
                0x0000000000000943       0x34 c:/st/stm32cubeide_1.6.1/stm32cubeide/plugins/com.st.stm32cube.ide.mcu.externaltools.gnu-tools-for-stm32.9-2020-q2-update.win32_1.5.0.202011040924/tools/bin/../lib/gcc/arm-none-eabi/9.3.1/thumb/v7e-m+fp/hard\libgcc.a(_udivmoddi4.o)
 .ARM.attributes
                0x0000000000000977       0x1e c:/st/stm32cubeide_1.6.1/stm32cubeide/plugins/com.st.stm32cube.ide.mcu.externaltools.gnu-tools-for-stm32.9-2020-q2-update.win32_1.5.0.202011040924/tools/bin/../lib/gcc/arm-none-eabi/9.3.1/thumb/v7e-m+fp/hard\libgcc.a(_dvmd_tls.o)
 .ARM.attributes
                0x0000000000000995       0x1e c:/st/stm32cubeide_1.6.1/stm32cubeide/plugins/com.st.stm32cube.ide.mcu.externaltools.gnu-tools-for-stm32.9-2020-q2-update.win32_1.5.0.202011040924/tools/bin/../lib/gcc/arm-none-eabi/9.3.1/thumb/v7e-m+fp/hard/crtn.o
OUTPUT(quadcopter_fw.elf elf32-littlearm)
LOAD linker stubs
LOAD c:/st/stm32cubeide_1.6.1/stm32cubeide/plugins/com.st.stm32cube.ide.mcu.externaltools.gnu-tools-for-stm32.9-2020-q2-update.win32_1.5.0.202011040924/tools/bin/../lib/gcc/arm-none-eabi/9.3.1/../../../../arm-none-eabi/lib/thumb/v7e-m+fp/hard\libc.a
LOAD c:/st/stm32cubeide_1.6.1/stm32cubeide/plugins/com.st.stm32cube.ide.mcu.externaltools.gnu-tools-for-stm32.9-2020-q2-update.win32_1.5.0.202011040924/tools/bin/../lib/gcc/arm-none-eabi/9.3.1/../../../../arm-none-eabi/lib/thumb/v7e-m+fp/hard\libm.a
LOAD c:/st/stm32cubeide_1.6.1/stm32cubeide/plugins/com.st.stm32cube.ide.mcu.externaltools.gnu-tools-for-stm32.9-2020-q2-update.win32_1.5.0.202011040924/tools/bin/../lib/gcc/arm-none-eabi/9.3.1/thumb/v7e-m+fp/hard\libgcc.a

.debug_info     0x0000000000000000    0x1a6ac
 .debug_info    0x0000000000000000      0x555 Core/Src/dma.o
 .debug_info    0x0000000000000555      0x6d3 Core/Src/gpio.o
 .debug_info    0x0000000000000c28     0x1aab Core/Src/main.o
 .debug_info    0x00000000000026d3      0xae4 Core/Src/spi.o
 .debug_info    0x00000000000031b7      0x3c0 Core/Src/stm32f4xx_hal_msp.o
 .debug_info    0x0000000000003577      0x567 Core/Src/stm32f4xx_it.o
 .debug_info    0x0000000000003ade      0x5d0 Core/Src/system_stm32f4xx.o
 .debug_info    0x00000000000040ae      0xdce Core/Src/tim.o
 .debug_info    0x0000000000004e7c      0xa57 Core/Src/usart.o
 .debug_info    0x00000000000058d3       0x22 Core/Startup/startup_stm32f411ceux.o
 .debug_info    0x00000000000058f5      0x944 Drivers/STM32F4xx_HAL_Driver/Src/stm32f4xx_hal.o
 .debug_info    0x0000000000006239      0xe47 Drivers/STM32F4xx_HAL_Driver/Src/stm32f4xx_hal_cortex.o
 .debug_info    0x0000000000007080      0x9e9 Drivers/STM32F4xx_HAL_Driver/Src/stm32f4xx_hal_dma.o
 .debug_info    0x0000000000007a69      0x862 Drivers/STM32F4xx_HAL_Driver/Src/stm32f4xx_hal_gpio.o
 .debug_info    0x00000000000082cb      0x9be Drivers/STM32F4xx_HAL_Driver/Src/stm32f4xx_hal_rcc.o
 .debug_info    0x0000000000008c89     0x17b8 Drivers/STM32F4xx_HAL_Driver/Src/stm32f4xx_hal_spi.o
 .debug_info    0x000000000000a441     0x2a88 Drivers/STM32F4xx_HAL_Driver/Src/stm32f4xx_hal_tim.o
 .debug_info    0x000000000000cec9     0x151a Drivers/STM32F4xx_HAL_Driver/Src/stm32f4xx_hal_tim_ex.o
 .debug_info    0x000000000000e3e3     0x165d Drivers/STM32F4xx_HAL_Driver/Src/stm32f4xx_hal_uart.o
 .debug_info    0x000000000000fa40     0x1175 Lib/Src/angle.o
 .debug_info    0x0000000000010bb5     0x132b Lib/Src/dshot.o
 .debug_info    0x0000000000011ee0      0x7d8 Lib/Src/ibus.o
 .debug_info    0x00000000000126b8     0x12a0 Lib/Src/icm20948.o
 .debug_info    0x0000000000013958     0x167d Lib/Src/imu.o
 .debug_info    0x0000000000014fd5      0xd19 Lib/Src/interrupt.o
 .debug_info    0x0000000000015cee      0x300 Lib/Src/led.o
 .debug_info    0x0000000000015fee     0x10f1 Lib/Src/motor.o
 .debug_info    0x00000000000170df      0xe2a Lib/Src/nrf24l01p.o
 .debug_info    0x0000000000017f09      0x8d0 Lib/Src/rc.o
 .debug_info    0x00000000000187d9     0x16e5 Lib/Src/telemetry.o
 .debug_info    0x0000000000019ebe      0x7ee Lib/Src/timer.o

.debug_abbrev   0x0000000000000000     0x3e5b
 .debug_abbrev  0x0000000000000000      0x126 Core/Src/dma.o
 .debug_abbrev  0x0000000000000126      0x157 Core/Src/gpio.o
 .debug_abbrev  0x000000000000027d      0x2b4 Core/Src/main.o
 .debug_abbrev  0x0000000000000531      0x1bb Core/Src/spi.o
 .debug_abbrev  0x00000000000006ec      0x11d Core/Src/stm32f4xx_hal_msp.o
 .debug_abbrev  0x0000000000000809      0x14e Core/Src/stm32f4xx_it.o
 .debug_abbrev  0x0000000000000957      0x145 Core/Src/system_stm32f4xx.o
 .debug_abbrev  0x0000000000000a9c      0x255 Core/Src/tim.o
 .debug_abbrev  0x0000000000000cf1      0x1ce Core/Src/usart.o
 .debug_abbrev  0x0000000000000ebf       0x12 Core/Startup/startup_stm32f411ceux.o
 .debug_abbrev  0x0000000000000ed1      0x21e Drivers/STM32F4xx_HAL_Driver/Src/stm32f4xx_hal.o
 .debug_abbrev  0x00000000000010ef      0x33c Drivers/STM32F4xx_HAL_Driver/Src/stm32f4xx_hal_cortex.o
 .debug_abbrev  0x000000000000142b      0x219 Drivers/STM32F4xx_HAL_Driver/Src/stm32f4xx_hal_dma.o
 .debug_abbrev  0x0000000000001644      0x1f1 Drivers/STM32F4xx_HAL_Driver/Src/stm32f4xx_hal_gpio.o
 .debug_abbrev  0x0000000000001835      0x275 Drivers/STM32F4xx_HAL_Driver/Src/stm32f4xx_hal_rcc.o
 .debug_abbrev  0x0000000000001aaa      0x26e Drivers/STM32F4xx_HAL_Driver/Src/stm32f4xx_hal_spi.o
 .debug_abbrev  0x0000000000001d18      0x26f Drivers/STM32F4xx_HAL_Driver/Src/stm32f4xx_hal_tim.o
 .debug_abbrev  0x0000000000001f87      0x277 Drivers/STM32F4xx_HAL_Driver/Src/stm32f4xx_hal_tim_ex.o
 .debug_abbrev  0x00000000000021fe      0x29c Drivers/STM32F4xx_HAL_Driver/Src/stm32f4xx_hal_uart.o
 .debug_abbrev  0x000000000000249a      0x242 Lib/Src/angle.o
 .debug_abbrev  0x00000000000026dc      0x2cb Lib/Src/dshot.o
 .debug_abbrev  0x00000000000029a7      0x21c Lib/Src/ibus.o
 .debug_abbrev  0x0000000000002bc3      0x2da Lib/Src/icm20948.o
 .debug_abbrev  0x0000000000002e9d      0x23e Lib/Src/imu.o
 .debug_abbrev  0x00000000000030db      0x19e Lib/Src/interrupt.o
 .debug_abbrev  0x0000000000003279       0xff Lib/Src/led.o
 .debug_abbrev  0x0000000000003378      0x24d Lib/Src/motor.o
 .debug_abbrev  0x00000000000035c5      0x2b0 Lib/Src/nrf24l01p.o
 .debug_abbrev  0x0000000000003875      0x1f9 Lib/Src/rc.o
 .debug_abbrev  0x0000000000003a6e      0x241 Lib/Src/telemetry.o
 .debug_abbrev  0x0000000000003caf      0x1ac Lib/Src/timer.o

.debug_aranges  0x0000000000000000     0x13f0
 .debug_aranges
                0x0000000000000000       0x20 Core/Src/dma.o
 .debug_aranges
                0x0000000000000020       0x20 Core/Src/gpio.o
 .debug_aranges
                0x0000000000000040       0x38 Core/Src/main.o
 .debug_aranges
                0x0000000000000078       0x38 Core/Src/spi.o
 .debug_aranges
                0x00000000000000b0       0x20 Core/Src/stm32f4xx_hal_msp.o
 .debug_aranges
                0x00000000000000d0       0x98 Core/Src/stm32f4xx_it.o
 .debug_aranges
                0x0000000000000168       0x28 Core/Src/system_stm32f4xx.o
 .debug_aranges
                0x0000000000000190       0x60 Core/Src/tim.o
 .debug_aranges
                0x00000000000001f0       0x30 Core/Src/usart.o
 .debug_aranges
                0x0000000000000220       0x28 Core/Startup/startup_stm32f411ceux.o
 .debug_aranges
                0x0000000000000248       0xf0 Drivers/STM32F4xx_HAL_Driver/Src/stm32f4xx_hal.o
 .debug_aranges
                0x0000000000000338      0x118 Drivers/STM32F4xx_HAL_Driver/Src/stm32f4xx_hal_cortex.o
 .debug_aranges
                0x0000000000000450       0x90 Drivers/STM32F4xx_HAL_Driver/Src/stm32f4xx_hal_dma.o
 .debug_aranges
                0x00000000000004e0       0x58 Drivers/STM32F4xx_HAL_Driver/Src/stm32f4xx_hal_gpio.o
 .debug_aranges
                0x0000000000000538       0x88 Drivers/STM32F4xx_HAL_Driver/Src/stm32f4xx_hal_rcc.o
 .debug_aranges
                0x00000000000005c0      0x1d0 Drivers/STM32F4xx_HAL_Driver/Src/stm32f4xx_hal_spi.o
 .debug_aranges
                0x0000000000000790      0x3d0 Drivers/STM32F4xx_HAL_Driver/Src/stm32f4xx_hal_tim.o
 .debug_aranges
                0x0000000000000b60      0x168 Drivers/STM32F4xx_HAL_Driver/Src/stm32f4xx_hal_tim_ex.o
 .debug_aranges
                0x0000000000000cc8      0x200 Drivers/STM32F4xx_HAL_Driver/Src/stm32f4xx_hal_uart.o
 .debug_aranges
                0x0000000000000ec8       0x30 Lib/Src/angle.o
 .debug_aranges
                0x0000000000000ef8       0x78 Lib/Src/dshot.o
 .debug_aranges
                0x0000000000000f70       0x50 Lib/Src/ibus.o
 .debug_aranges
                0x0000000000000fc0      0x178 Lib/Src/icm20948.o
 .debug_aranges
                0x0000000000001138       0x28 Lib/Src/imu.o
 .debug_aranges
                0x0000000000001160       0x28 Lib/Src/interrupt.o
 .debug_aranges
                0x0000000000001188       0x60 Lib/Src/led.o
 .debug_aranges
                0x00000000000011e8       0x28 Lib/Src/motor.o
 .debug_aranges
                0x0000000000001210      0x120 Lib/Src/nrf24l01p.o
 .debug_aranges
                0x0000000000001330       0x48 Lib/Src/rc.o
 .debug_aranges
                0x0000000000001378       0x38 Lib/Src/telemetry.o
 .debug_aranges
                0x00000000000013b0       0x40 Lib/Src/timer.o

.debug_ranges   0x0000000000000000     0x1238
 .debug_ranges  0x0000000000000000       0x10 Core/Src/dma.o
 .debug_ranges  0x0000000000000010       0x10 Core/Src/gpio.o
 .debug_ranges  0x0000000000000020       0x28 Core/Src/main.o
 .debug_ranges  0x0000000000000048       0x28 Core/Src/spi.o
 .debug_ranges  0x0000000000000070       0x10 Core/Src/stm32f4xx_hal_msp.o
 .debug_ranges  0x0000000000000080       0x88 Core/Src/stm32f4xx_it.o
 .debug_ranges  0x0000000000000108       0x18 Core/Src/system_stm32f4xx.o
 .debug_ranges  0x0000000000000120       0x50 Core/Src/tim.o
 .debug_ranges  0x0000000000000170       0x20 Core/Src/usart.o
 .debug_ranges  0x0000000000000190       0x20 Core/Startup/startup_stm32f411ceux.o
 .debug_ranges  0x00000000000001b0       0xe0 Drivers/STM32F4xx_HAL_Driver/Src/stm32f4xx_hal.o
 .debug_ranges  0x0000000000000290      0x108 Drivers/STM32F4xx_HAL_Driver/Src/stm32f4xx_hal_cortex.o
 .debug_ranges  0x0000000000000398       0x80 Drivers/STM32F4xx_HAL_Driver/Src/stm32f4xx_hal_dma.o
 .debug_ranges  0x0000000000000418       0x48 Drivers/STM32F4xx_HAL_Driver/Src/stm32f4xx_hal_gpio.o
 .debug_ranges  0x0000000000000460       0x78 Drivers/STM32F4xx_HAL_Driver/Src/stm32f4xx_hal_rcc.o
 .debug_ranges  0x00000000000004d8      0x1c0 Drivers/STM32F4xx_HAL_Driver/Src/stm32f4xx_hal_spi.o
 .debug_ranges  0x0000000000000698      0x3c0 Drivers/STM32F4xx_HAL_Driver/Src/stm32f4xx_hal_tim.o
 .debug_ranges  0x0000000000000a58      0x158 Drivers/STM32F4xx_HAL_Driver/Src/stm32f4xx_hal_tim_ex.o
 .debug_ranges  0x0000000000000bb0      0x220 Drivers/STM32F4xx_HAL_Driver/Src/stm32f4xx_hal_uart.o
 .debug_ranges  0x0000000000000dd0       0x20 Lib/Src/angle.o
 .debug_ranges  0x0000000000000df0       0x68 Lib/Src/dshot.o
 .debug_ranges  0x0000000000000e58       0x40 Lib/Src/ibus.o
 .debug_ranges  0x0000000000000e98      0x168 Lib/Src/icm20948.o
 .debug_ranges  0x0000000000001000       0x18 Lib/Src/imu.o
 .debug_ranges  0x0000000000001018       0x18 Lib/Src/interrupt.o
 .debug_ranges  0x0000000000001030       0x50 Lib/Src/led.o
 .debug_ranges  0x0000000000001080       0x18 Lib/Src/motor.o
 .debug_ranges  0x0000000000001098      0x110 Lib/Src/nrf24l01p.o
 .debug_ranges  0x00000000000011a8       0x38 Lib/Src/rc.o
 .debug_ranges  0x00000000000011e0       0x28 Lib/Src/telemetry.o
 .debug_ranges  0x0000000000001208       0x30 Lib/Src/timer.o

.debug_macro    0x0000000000000000    0x19d71
 .debug_macro   0x0000000000000000      0x1f1 Core/Src/dma.o
 .debug_macro   0x00000000000001f1      0xaa8 Core/Src/dma.o
 .debug_macro   0x0000000000000c99      0x2a1 Core/Src/dma.o
 .debug_macro   0x0000000000000f3a       0x2e Core/Src/dma.o
 .debug_macro   0x0000000000000f68       0x28 Core/Src/dma.o
 .debug_macro   0x0000000000000f90       0x22 Core/Src/dma.o
 .debug_macro   0x0000000000000fb2       0x8e Core/Src/dma.o
 .debug_macro   0x0000000000001040       0x51 Core/Src/dma.o
 .debug_macro   0x0000000000001091      0x103 Core/Src/dma.o
 .debug_macro   0x0000000000001194       0x6a Core/Src/dma.o
 .debug_macro   0x00000000000011fe      0x1df Core/Src/dma.o
 .debug_macro   0x00000000000013dd       0x1c Core/Src/dma.o
 .debug_macro   0x00000000000013f9       0x22 Core/Src/dma.o
 .debug_macro   0x000000000000141b       0xdf Core/Src/dma.o
 .debug_macro   0x00000000000014fa     0x102d Core/Src/dma.o
 .debug_macro   0x0000000000002527      0x11f Core/Src/dma.o
 .debug_macro   0x0000000000002646     0xb937 Core/Src/dma.o
 .debug_macro   0x000000000000df7d       0x43 Core/Src/dma.o
 .debug_macro   0x000000000000dfc0     0x3659 Core/Src/dma.o
 .debug_macro   0x0000000000011619      0x174 Core/Src/dma.o
 .debug_macro   0x000000000001178d       0x5c Core/Src/dma.o
 .debug_macro   0x00000000000117e9      0x447 Core/Src/dma.o
 .debug_macro   0x0000000000011c30      0x9fe Core/Src/dma.o
 .debug_macro   0x000000000001262e      0x117 Core/Src/dma.o
 .debug_macro   0x0000000000012745      0x11b Core/Src/dma.o
 .debug_macro   0x0000000000012860       0x82 Core/Src/dma.o
 .debug_macro   0x00000000000128e2      0x15f Core/Src/dma.o
 .debug_macro   0x0000000000012a41      0x287 Core/Src/dma.o
 .debug_macro   0x0000000000012cc8       0x5f Core/Src/dma.o
 .debug_macro   0x0000000000012d27      0x236 Core/Src/dma.o
 .debug_macro   0x0000000000012f5d      0x132 Core/Src/dma.o
 .debug_macro   0x000000000001308f      0x264 Core/Src/dma.o
 .debug_macro   0x00000000000132f3       0x2e Core/Src/dma.o
 .debug_macro   0x0000000000013321      0x11a Core/Src/dma.o
 .debug_macro   0x000000000001343b       0x85 Core/Src/dma.o
 .debug_macro   0x00000000000134c0       0x89 Core/Src/dma.o
 .debug_macro   0x0000000000013549      0x225 Core/Src/dma.o
 .debug_macro   0x000000000001376e      0x8d1 Core/Src/dma.o
 .debug_macro   0x000000000001403f       0x47 Core/Src/dma.o
 .debug_macro   0x0000000000014086      0x295 Core/Src/dma.o
 .debug_macro   0x000000000001431b      0x126 Core/Src/dma.o
 .debug_macro   0x0000000000014441       0xf4 Core/Src/dma.o
 .debug_macro   0x0000000000014535      0x1f1 Core/Src/gpio.o
 .debug_macro   0x0000000000014726      0x41d Core/Src/main.o
 .debug_macro   0x0000000000014b43       0x52 Core/Src/main.o
 .debug_macro   0x0000000000014b95       0x18 Core/Src/main.o
 .debug_macro   0x0000000000014bad       0x3c Core/Src/main.o
 .debug_macro   0x0000000000014be9       0x34 Core/Src/main.o
 .debug_macro   0x0000000000014c1d       0x16 Core/Src/main.o
 .debug_macro   0x0000000000014c33       0x35 Core/Src/main.o
 .debug_macro   0x0000000000014c68      0x333 Core/Src/main.o
 .debug_macro   0x0000000000014f9b       0x10 Core/Src/main.o
 .debug_macro   0x0000000000014fab       0x16 Core/Src/main.o
 .debug_macro   0x0000000000014fc1       0x43 Core/Src/main.o
 .debug_macro   0x0000000000015004       0x34 Core/Src/main.o
 .debug_macro   0x0000000000015038       0x10 Core/Src/main.o
 .debug_macro   0x0000000000015048       0x58 Core/Src/main.o
 .debug_macro   0x00000000000150a0       0x71 Core/Src/main.o
 .debug_macro   0x0000000000015111       0x1c Core/Src/main.o
 .debug_macro   0x000000000001512d      0x12a Core/Src/main.o
 .debug_macro   0x0000000000015257       0x10 Core/Src/main.o
 .debug_macro   0x0000000000015267       0x1c Core/Src/main.o
 .debug_macro   0x0000000000015283       0x52 Core/Src/main.o
 .debug_macro   0x00000000000152d5       0x22 Core/Src/main.o
 .debug_macro   0x00000000000152f7       0x10 Core/Src/main.o
 .debug_macro   0x0000000000015307       0x40 Core/Src/main.o
 .debug_macro   0x0000000000015347       0xd5 Core/Src/main.o
 .debug_macro   0x000000000001541c       0x1c Core/Src/main.o
 .debug_macro   0x0000000000015438       0x3d Core/Src/main.o
 .debug_macro   0x0000000000015475       0x16 Core/Src/main.o
 .debug_macro   0x000000000001548b      0x145 Core/Src/main.o
 .debug_macro   0x00000000000155d0      0x1a9 Core/Src/main.o
 .debug_macro   0x0000000000015779       0x22 Core/Src/main.o
 .debug_macro   0x000000000001579b       0x2e Core/Src/main.o
 .debug_macro   0x00000000000157c9       0x16 Core/Src/main.o
 .debug_macro   0x00000000000157df       0x22 Core/Src/main.o
 .debug_macro   0x0000000000015801      0x125 Core/Src/main.o
 .debug_macro   0x0000000000015926      0x3f3 Core/Src/main.o
 .debug_macro   0x0000000000015d19       0x10 Core/Src/main.o
 .debug_macro   0x0000000000015d29       0x88 Core/Src/main.o
 .debug_macro   0x0000000000015db1      0x1f1 Core/Src/spi.o
 .debug_macro   0x0000000000015fa2      0x1e7 Core/Src/stm32f4xx_hal_msp.o
 .debug_macro   0x0000000000016189      0x1f1 Core/Src/stm32f4xx_it.o
 .debug_macro   0x000000000001637a      0x1d8 Core/Src/system_stm32f4xx.o
 .debug_macro   0x0000000000016552      0x1f1 Core/Src/tim.o
 .debug_macro   0x0000000000016743      0x1f1 Core/Src/usart.o
 .debug_macro   0x0000000000016934      0x238 Drivers/STM32F4xx_HAL_Driver/Src/stm32f4xx_hal.o
 .debug_macro   0x0000000000016b6c      0x1d8 Drivers/STM32F4xx_HAL_Driver/Src/stm32f4xx_hal_cortex.o
 .debug_macro   0x0000000000016d44      0x1de Drivers/STM32F4xx_HAL_Driver/Src/stm32f4xx_hal_dma.o
 .debug_macro   0x0000000000016f22      0x1de Drivers/STM32F4xx_HAL_Driver/Src/stm32f4xx_hal_gpio.o
 .debug_macro   0x0000000000017100      0x1fc Drivers/STM32F4xx_HAL_Driver/Src/stm32f4xx_hal_rcc.o
 .debug_macro   0x00000000000172fc      0x1e7 Drivers/STM32F4xx_HAL_Driver/Src/stm32f4xx_hal_spi.o
 .debug_macro   0x00000000000174e3      0x1d9 Drivers/STM32F4xx_HAL_Driver/Src/stm32f4xx_hal_tim.o
 .debug_macro   0x00000000000176bc      0x1d8 Drivers/STM32F4xx_HAL_Driver/Src/stm32f4xx_hal_tim_ex.o
 .debug_macro   0x0000000000017894      0x1d9 Drivers/STM32F4xx_HAL_Driver/Src/stm32f4xx_hal_uart.o
 .debug_macro   0x0000000000017a6d      0x2c4 Lib/Src/angle.o
 .debug_macro   0x0000000000017d31      0x3ed Lib/Src/angle.o
 .debug_macro   0x000000000001811e      0x2b4 Lib/Src/dshot.o
 .debug_macro   0x00000000000183d2       0x82 Lib/Src/dshot.o
 .debug_macro   0x0000000000018454      0x209 Lib/Src/ibus.o
 .debug_macro   0x000000000001865d       0x1c Lib/Src/ibus.o
 .debug_macro   0x0000000000018679      0x209 Lib/Src/icm20948.o
 .debug_macro   0x0000000000018882      0x320 Lib/Src/imu.o
 .debug_macro   0x0000000000018ba2       0x10 Lib/Src/imu.o
 .debug_macro   0x0000000000018bb2      0x261 Lib/Src/interrupt.o
 .debug_macro   0x0000000000018e13      0x11f Lib/Src/interrupt.o
 .debug_macro   0x0000000000018f32      0x200 Lib/Src/led.o
 .debug_macro   0x0000000000019132       0x28 Lib/Src/led.o
 .debug_macro   0x000000000001915a      0x2be Lib/Src/motor.o
 .debug_macro   0x0000000000019418      0x209 Lib/Src/nrf24l01p.o
 .debug_macro   0x0000000000019621      0x213 Lib/Src/rc.o
 .debug_macro   0x0000000000019834      0x334 Lib/Src/telemetry.o
 .debug_macro   0x0000000000019b68      0x209 Lib/Src/timer.o

.debug_line     0x0000000000000000    0x17c4a
 .debug_line    0x0000000000000000      0x6e2 Core/Src/dma.o
 .debug_line    0x00000000000006e2      0x73d Core/Src/gpio.o
 .debug_line    0x0000000000000e1f      0xa8c Core/Src/main.o
 .debug_line    0x00000000000018ab      0x7c5 Core/Src/spi.o
 .debug_line    0x0000000000002070      0x6de Core/Src/stm32f4xx_hal_msp.o
 .debug_line    0x000000000000274e      0x848 Core/Src/stm32f4xx_it.o
 .debug_line    0x0000000000002f96      0x75f Core/Src/system_stm32f4xx.o
 .debug_line    0x00000000000036f5      0x9af Core/Src/tim.o
 .debug_line    0x00000000000040a4      0x77f Core/Src/usart.o
 .debug_line    0x0000000000004823       0x85 Core/Startup/startup_stm32f411ceux.o
 .debug_line    0x00000000000048a8      0x9c5 Drivers/STM32F4xx_HAL_Driver/Src/stm32f4xx_hal.o
 .debug_line    0x000000000000526d      0xc74 Drivers/STM32F4xx_HAL_Driver/Src/stm32f4xx_hal_cortex.o
 .debug_line    0x0000000000005ee1      0xf2e Drivers/STM32F4xx_HAL_Driver/Src/stm32f4xx_hal_dma.o
 .debug_line    0x0000000000006e0f      0xb01 Drivers/STM32F4xx_HAL_Driver/Src/stm32f4xx_hal_gpio.o
 .debug_line    0x0000000000007910      0xd3f Drivers/STM32F4xx_HAL_Driver/Src/stm32f4xx_hal_rcc.o
 .debug_line    0x000000000000864f     0x1c4d Drivers/STM32F4xx_HAL_Driver/Src/stm32f4xx_hal_spi.o
 .debug_line    0x000000000000a29c     0x33cb Drivers/STM32F4xx_HAL_Driver/Src/stm32f4xx_hal_tim.o
 .debug_line    0x000000000000d667     0x192d Drivers/STM32F4xx_HAL_Driver/Src/stm32f4xx_hal_tim_ex.o
 .debug_line    0x000000000000ef94     0x1a8b Drivers/STM32F4xx_HAL_Driver/Src/stm32f4xx_hal_uart.o
 .debug_line    0x0000000000010a1f      0x94d Lib/Src/angle.o
 .debug_line    0x000000000001136c      0xab7 Lib/Src/dshot.o
 .debug_line    0x0000000000011e23      0x8b2 Lib/Src/ibus.o
 .debug_line    0x00000000000126d5      0xf5b Lib/Src/icm20948.o
 .debug_line    0x0000000000013630      0x901 Lib/Src/imu.o
 .debug_line    0x0000000000013f31      0x7ce Lib/Src/interrupt.o
 .debug_line    0x00000000000146ff      0x7e8 Lib/Src/led.o
 .debug_line    0x0000000000014ee7      0x8c3 Lib/Src/motor.o
 .debug_line    0x00000000000157aa      0xb34 Lib/Src/nrf24l01p.o
 .debug_line    0x00000000000162de      0x853 Lib/Src/rc.o
 .debug_line    0x0000000000016b31      0x97c Lib/Src/telemetry.o
 .debug_line    0x00000000000174ad      0x79d Lib/Src/timer.o

.debug_str      0x0000000000000000    0x928b5
 .debug_str     0x0000000000000000    0x87dce Core/Src/dma.o
                                      0x88076 (size before relaxing)
 .debug_str     0x0000000000087dce       0xbb Core/Src/gpio.o
                                      0x88116 (size before relaxing)
 .debug_str     0x0000000000087e89     0x683b Core/Src/main.o
                                      0x8e6e9 (size before relaxing)
 .debug_str     0x000000000008e6c4       0x58 Core/Src/spi.o
                                      0x881f0 (size before relaxing)
 .debug_str     0x000000000008e71c       0x2c Core/Src/stm32f4xx_hal_msp.o
                                      0x87ce3 (size before relaxing)
 .debug_str     0x000000000008e748      0x1a8 Core/Src/stm32f4xx_it.o
                                      0x87faa (size before relaxing)
 .debug_str     0x000000000008e8f0       0xaf Core/Src/system_stm32f4xx.o
                                      0x879b1 (size before relaxing)
 .debug_str     0x000000000008e99f      0x188 Core/Src/tim.o
                                      0x88467 (size before relaxing)
 .debug_str     0x000000000008eb27       0x57 Core/Src/usart.o
                                      0x881f4 (size before relaxing)
 .debug_str     0x000000000008eb7e       0x36 Core/Startup/startup_stm32f411ceux.o
                                         0x84 (size before relaxing)