icm_20948.c:23:6:CS_HIGH	8	static
icm_20948.c:28:6:CS_LOW	8	static
icm_20948.c:35:6:SELECT_USER_BANK	16	static
icm_20948.c:42:6:ICM20948_READ	16	static
icm_20948.c:53:6:ICM20948_WRITE	16	static
icm_20948.c:65:6:AK09916_READ	16	static
icm_20948.c:79:6:AK09916_WRTIE	16	static
icm_20948.c:93:9:WHOAMI_ICM20948	8	static
icm_20948.c:101:9:WHOAMI_AK09916	8	static
icm_20948.c:110:6:INIT_ICM20948	8	static
icm_20948.c:136:6:INIT_AK09916	8	static
icm_20948.c:159:6:READ_GYRO	16	static
icm_20948.c:169:6:READ_ACCEL	16	static
icm_20948.c:179:6:READ_MAG	24	static
