icm_20948.c:27:6:cs_high	8	static
icm_20948.c:32:6:cs_low	8	static
icm_20948.c:38:6:select_user_bank	16	static
icm_20948.c:44:6:icm20948_read	16	static
icm_20948.c:53:6:icm20948_write	16	static
icm_20948.c:66:6:ak09916_read	16	static
icm_20948.c:80:6:ak09916_wrtie	16	static
icm_20948.c:93:9:whoami_icm20948	8	static
icm_20948.c:101:9:whoami_ak09916	8	static
icm_20948.c:109:6:icm20948_init	8	static
icm_20948.c:137:6:ak09916_init	8	static
icm_20948.c:161:6:read_gyro_lsb	16	static
icm_20948.c:182:6:read_gyro_dps	24	static
icm_20948.c:195:6:read_accel_lsb	16	static
icm_20948.c:213:6:read_accel_g	24	static
icm_20948.c:224:6:read_mag_lsb	24	static
icm_20948.c:255:6:calibrate_icm20948	24	static
icm_20948.c:291:6:complementary_filter	32	static
