Archive member included to satisfy reference by file (symbol)

c:/st/stm32cubeide_1.6.1/stm32cubeide/plugins/com.st.stm32cube.ide.mcu.externaltools.gnu-tools-for-stm32.9-2020-q2-update.win32_1.5.0.202011040924/tools/bin/../lib/gcc/arm-none-eabi/9.3.1/../../../../arm-none-eabi/lib/thumb/v7e-m+fp/hard\libc_nano.a(lib_a-errno.o)
                              Core/Src/syscalls.o (__errno)
c:/st/stm32cubeide_1.6.1/stm32cubeide/plugins/com.st.stm32cube.ide.mcu.externaltools.gnu-tools-for-stm32.9-2020-q2-update.win32_1.5.0.202011040924/tools/bin/../lib/gcc/arm-none-eabi/9.3.1/../../../../arm-none-eabi/lib/thumb/v7e-m+fp/hard\libc_nano.a(lib_a-exit.o)
                              c:/st/stm32cubeide_1.6.1/stm32cubeide/plugins/com.st.stm32cube.ide.mcu.externaltools.gnu-tools-for-stm32.9-2020-q2-update.win32_1.5.0.202011040924/tools/bin/../lib/gcc/arm-none-eabi/9.3.1/../../../../arm-none-eabi/lib/thumb/v7e-m+fp/hard/crt0.o (exit)
c:/st/stm32cubeide_1.6.1/stm32cubeide/plugins/com.st.stm32cube.ide.mcu.externaltools.gnu-tools-for-stm32.9-2020-q2-update.win32_1.5.0.202011040924/tools/bin/../lib/gcc/arm-none-eabi/9.3.1/../../../../arm-none-eabi/lib/thumb/v7e-m+fp/hard\libc_nano.a(lib_a-impure.o)
                              c:/st/stm32cubeide_1.6.1/stm32cubeide/plugins/com.st.stm32cube.ide.mcu.externaltools.gnu-tools-for-stm32.9-2020-q2-update.win32_1.5.0.202011040924/tools/bin/../lib/gcc/arm-none-eabi/9.3.1/../../../../arm-none-eabi/lib/thumb/v7e-m+fp/hard\libc_nano.a(lib_a-exit.o) (_global_impure_ptr)
c:/st/stm32cubeide_1.6.1/stm32cubeide/plugins/com.st.stm32cube.ide.mcu.externaltools.gnu-tools-for-stm32.9-2020-q2-update.win32_1.5.0.202011040924/tools/bin/../lib/gcc/arm-none-eabi/9.3.1/../../../../arm-none-eabi/lib/thumb/v7e-m+fp/hard\libc_nano.a(lib_a-init.o)
                              c:/st/stm32cubeide_1.6.1/stm32cubeide/plugins/com.st.stm32cube.ide.mcu.externaltools.gnu-tools-for-stm32.9-2020-q2-update.win32_1.5.0.202011040924/tools/bin/../lib/gcc/arm-none-eabi/9.3.1/../../../../arm-none-eabi/lib/thumb/v7e-m+fp/hard/crt0.o (__libc_init_array)
c:/st/stm32cubeide_1.6.1/stm32cubeide/plugins/com.st.stm32cube.ide.mcu.externaltools.gnu-tools-for-stm32.9-2020-q2-update.win32_1.5.0.202011040924/tools/bin/../lib/gcc/arm-none-eabi/9.3.1/../../../../arm-none-eabi/lib/thumb/v7e-m+fp/hard\libc_nano.a(lib_a-memset.o)
                              c:/st/stm32cubeide_1.6.1/stm32cubeide/plugins/com.st.stm32cube.ide.mcu.externaltools.gnu-tools-for-stm32.9-2020-q2-update.win32_1.5.0.202011040924/tools/bin/../lib/gcc/arm-none-eabi/9.3.1/../../../../arm-none-eabi/lib/thumb/v7e-m+fp/hard/crt0.o (memset)
c:/st/stm32cubeide_1.6.1/stm32cubeide/plugins/com.st.stm32cube.ide.mcu.externaltools.gnu-tools-for-stm32.9-2020-q2-update.win32_1.5.0.202011040924/tools/bin/../lib/gcc/arm-none-eabi/9.3.1/thumb/v7e-m+fp/hard\libgcc.a(_arm_muldf3.o)
                              Core/Src/voltage_monitor.o (__aeabi_dmul)
c:/st/stm32cubeide_1.6.1/stm32cubeide/plugins/com.st.stm32cube.ide.mcu.externaltools.gnu-tools-for-stm32.9-2020-q2-update.win32_1.5.0.202011040924/tools/bin/../lib/gcc/arm-none-eabi/9.3.1/thumb/v7e-m+fp/hard\libgcc.a(_arm_addsubdf3.o)
                              Core/Src/voltage_monitor.o (__aeabi_ui2d)
c:/st/stm32cubeide_1.6.1/stm32cubeide/plugins/com.st.stm32cube.ide.mcu.externaltools.gnu-tools-for-stm32.9-2020-q2-update.win32_1.5.0.202011040924/tools/bin/../lib/gcc/arm-none-eabi/9.3.1/thumb/v7e-m+fp/hard\libgcc.a(_arm_truncdfsf2.o)
                              Core/Src/voltage_monitor.o (__aeabi_d2f)
c:/st/stm32cubeide_1.6.1/stm32cubeide/plugins/com.st.stm32cube.ide.mcu.externaltools.gnu-tools-for-stm32.9-2020-q2-update.win32_1.5.0.202011040924/tools/bin/../lib/gcc/arm-none-eabi/9.3.1/thumb/v7e-m+fp/hard\libgcc.a(_aeabi_uldivmod.o)
                              Drivers/STM32F4xx_HAL_Driver/Src/stm32f4xx_hal_rcc.o (__aeabi_uldivmod)
c:/st/stm32cubeide_1.6.1/stm32cubeide/plugins/com.st.stm32cube.ide.mcu.externaltools.gnu-tools-for-stm32.9-2020-q2-update.win32_1.5.0.202011040924/tools/bin/../lib/gcc/arm-none-eabi/9.3.1/thumb/v7e-m+fp/hard\libgcc.a(_udivmoddi4.o)
                              c:/st/stm32cubeide_1.6.1/stm32cubeide/plugins/com.st.stm32cube.ide.mcu.externaltools.gnu-tools-for-stm32.9-2020-q2-update.win32_1.5.0.202011040924/tools/bin/../lib/gcc/arm-none-eabi/9.3.1/thumb/v7e-m+fp/hard\libgcc.a(_aeabi_uldivmod.o) (__udivmoddi4)
c:/st/stm32cubeide_1.6.1/stm32cubeide/plugins/com.st.stm32cube.ide.mcu.externaltools.gnu-tools-for-stm32.9-2020-q2-update.win32_1.5.0.202011040924/tools/bin/../lib/gcc/arm-none-eabi/9.3.1/thumb/v7e-m+fp/hard\libgcc.a(_dvmd_tls.o)
                              c:/st/stm32cubeide_1.6.1/stm32cubeide/plugins/com.st.stm32cube.ide.mcu.externaltools.gnu-tools-for-stm32.9-2020-q2-update.win32_1.5.0.202011040924/tools/bin/../lib/gcc/arm-none-eabi/9.3.1/thumb/v7e-m+fp/hard\libgcc.a(_aeabi_uldivmod.o) (__aeabi_ldiv0)

Allocating common symbols
Common symbol       size              file

[...]
Memory Configuration

Name             Origin             Length             Attributes
RAM              0x0000000020000000 0x0000000000020000 xrw
FLASH            0x0000000008000000 0x0000000000080000 xr
*default*        0x0000000000000000 0xffffffffffffffff

Linker script and memory map

LOAD c:/st/stm32cubeide_1.6.1/stm32cubeide/plugins/com.st.stm32cube.ide.mcu.externaltools.gnu-tools-for-stm32.9-2020-q2-update.win32_1.5.0.202011040924/tools/bin/../lib/gcc/arm-none-eabi/9.3.1/thumb/v7e-m+fp/hard/crti.o
LOAD c:/st/stm32cubeide_1.6.1/stm32cubeide/plugins/com.st.stm32cube.ide.mcu.externaltools.gnu-tools-for-stm32.9-2020-q2-update.win32_1.5.0.202011040924/tools/bin/../lib/gcc/arm-none-eabi/9.3.1/thumb/v7e-m+fp/hard/crtbegin.o
LOAD c:/st/stm32cubeide_1.6.1/stm32cubeide/plugins/com.st.stm32cube.ide.mcu.externaltools.gnu-tools-for-stm32.9-2020-q2-update.win32_1.5.0.202011040924/tools/bin/../lib/gcc/arm-none-eabi/9.3.1/../../../../arm-none-eabi/lib/thumb/v7e-m+fp/hard/crt0.o
LOAD Core/Src/adc.o
LOAD Core/Src/dma.o
LOAD Core/Src/dshot.o
LOAD Core/Src/flysky_ibus.o
LOAD Core/Src/gpio.o
LOAD Core/Src/i2c.o
LOAD Core/Src/icm_20948.o
LOAD Core/Src/main.o
LOAD Core/Src/pid.o
LOAD Core/Src/spi.o
LOAD Core/Src/stm32f4xx_hal_msp.o
LOAD Core/Src/stm32f4xx_it.o
LOAD Core/Src/syscalls.o
LOAD Core/Src/sysmem.o
LOAD Core/Src/system_stm32f4xx.o
LOAD Core/Src/tim.o
LOAD Core/Src/usart.o
LOAD Core/Src/voltage_monitor.o
LOAD Core/Startup/startup_stm32f411ceux.o
LOAD Drivers/STM32F4xx_HAL_Driver/Src/stm32f4xx_hal.o
LOAD Drivers/STM32F4xx_HAL_Driver/Src/stm32f4xx_hal_adc.o
LOAD Drivers/STM32F4xx_HAL_Driver/Src/stm32f4xx_hal_adc_ex.o
LOAD Drivers/STM32F4xx_HAL_Driver/Src/stm32f4xx_hal_cortex.o
LOAD Drivers/STM32F4xx_HAL_Driver/Src/stm32f4xx_hal_dma.o
LOAD Drivers/STM32F4xx_HAL_Driver/Src/stm32f4xx_hal_dma_ex.o
LOAD Drivers/STM32F4xx_HAL_Driver/Src/stm32f4xx_hal_exti.o
LOAD Drivers/STM32F4xx_HAL_Driver/Src/stm32f4xx_hal_flash.o
LOAD Drivers/STM32F4xx_HAL_Driver/Src/stm32f4xx_hal_flash_ex.o
LOAD Drivers/STM32F4xx_HAL_Driver/Src/stm32f4xx_hal_flash_ramfunc.o
LOAD Drivers/STM32F4xx_HAL_Driver/Src/stm32f4xx_hal_gpio.o
LOAD Drivers/STM32F4xx_HAL_Driver/Src/stm32f4xx_hal_i2c.o
LOAD Drivers/STM32F4xx_HAL_Driver/Src/stm32f4xx_hal_i2c_ex.o
LOAD Drivers/STM32F4xx_HAL_Driver/Src/stm32f4xx_hal_pwr.o
LOAD Drivers/STM32F4xx_HAL_Driver/Src/stm32f4xx_hal_pwr_ex.o
LOAD Drivers/STM32F4xx_HAL_Driver/Src/stm32f4xx_hal_rcc.o
LOAD Drivers/STM32F4xx_HAL_Driver/Src/stm32f4xx_hal_rcc_ex.o
LOAD Drivers/STM32F4xx_HAL_Driver/Src/stm32f4xx_hal_spi.o
LOAD Drivers/STM32F4xx_HAL_Driver/Src/stm32f4xx_hal_tim.o
LOAD Drivers/STM32F4xx_HAL_Driver/Src/stm32f4xx_hal_tim_ex.o
LOAD Drivers/STM32F4xx_HAL_Driver/Src/stm32f4xx_hal_uart.o
LOAD Drivers/STM32F4xx_HAL_Driver/Src/stm32f4xx_ll_adc.o
START GROUP
LOAD c:/st/stm32cubeide_1.6.1/stm32cubeide/plugins/com.st.stm32cube.ide.mcu.externaltools.gnu-tools-for-stm32.9-2020-q2-update.win32_1.5.0.202011040924/tools/bin/../lib/gcc/arm-none-eabi/9.3.1/../../../../arm-none-eabi/lib/thumb/v7e-m+fp/hard\libc_nano.a
LOAD c:/st/stm32cubeide_1.6.1/stm32cubeide/plugins/com.st.stm32cube.ide.mcu.externaltools.gnu-tools-for-stm32.9-2020-q2-update.win32_1.5.0.202011040924/tools/bin/../lib/gcc/arm-none-eabi/9.3.1/../../../../arm-none-eabi/lib/thumb/v7e-m+fp/hard\libm.a
END GROUP
START GROUP
LOAD c:/st/stm32cubeide_1.6.1/stm32cubeide/plugins/com.st.stm32cube.ide.mcu.externaltools.gnu-tools-for-stm32.9-2020-q2-update.win32_1.5.0.202011040924/tools/bin/../lib/gcc/arm-none-eabi/9.3.1/thumb/v7e-m+fp/hard\libgcc.a
LOAD c:/st/stm32cubeide_1.6.1/stm32cubeide/plugins/com.st.stm32cube.ide.mcu.externaltools.gnu-tools-for-stm32.9-2020-q2-update.win32_1.5.0.202011040924/tools/bin/../lib/gcc/arm-none-eabi/9.3.1/../../../../arm-none-eabi/lib/thumb/v7e-m+fp/hard\libc_nano.a
END GROUP
START GROUP
LOAD c:/st/stm32cubeide_1.6.1/stm32cubeide/plugins/com.st.stm32cube.ide.mcu.externaltools.gnu-tools-for-stm32.9-2020-q2-update.win32_1.5.0.202011040924/tools/bin/../lib/gcc/arm-none-eabi/9.3.1/thumb/v7e-m+fp/hard\libgcc.a
LOAD c:/st/stm32cubeide_1.6.1/stm32cubeide/plugins/com.st.stm32cube.ide.mcu.externaltools.gnu-tools-for-stm32.9-2020-q2-update.win32_1.5.0.202011040924/tools/bin/../lib/gcc/arm-none-eabi/9.3.1/../../../../arm-none-eabi/lib/thumb/v7e-m+fp/hard\libc_nano.a
LOAD c:/st/stm32cubeide_1.6.1/stm32cubeide/plugins/com.st.stm32cube.ide.mcu.externaltools.gnu-tools-for-stm32.9-2020-q2-update.win32_1.5.0.202011040924/tools/bin/../lib/gcc/arm-none-eabi/9.3.1/../../../../arm-none-eabi/lib/thumb/v7e-m+fp/hard\libnosys.a
END GROUP
START GROUP
LOAD c:/st/stm32cubeide_1.6.1/stm32cubeide/plugins/com.st.stm32cube.ide.mcu.externaltools.gnu-tools-for-stm32.9-2020-q2-update.win32_1.5.0.202011040924/tools/bin/../lib/gcc/arm-none-eabi/9.3.1/thumb/v7e-m+fp/hard\libgcc.a
LOAD c:/st/stm32cubeide_1.6.1/stm32cubeide/plugins/com.st.stm32cube.ide.mcu.externaltools.gnu-tools-for-stm32.9-2020-q2-update.win32_1.5.0.202011040924/tools/bin/../lib/gcc/arm-none-eabi/9.3.1/../../../../arm-none-eabi/lib/thumb/v7e-m+fp/hard\libc_nano.a
LOAD c:/st/stm32cubeide_1.6.1/stm32cubeide/plugins/com.st.stm32cube.ide.mcu.externaltools.gnu-tools-for-stm32.9-2020-q2-update.win32_1.5.0.202011040924/tools/bin/../lib/gcc/arm-none-eabi/9.3.1/../../../../arm-none-eabi/lib/thumb/v7e-m+fp/hard\libnosys.a
END GROUP
LOAD c:/st/stm32cubeide_1.6.1/stm32cubeide/plugins/com.st.stm32cube.ide.mcu.externaltools.gnu-tools-for-stm32.9-2020-q2-update.win32_1.5.0.202011040924/tools/bin/../lib/gcc/arm-none-eabi/9.3.1/thumb/v7e-m+fp/hard/crtend.o
LOAD c:/st/stm32cubeide_1.6.1/stm32cubeide/plugins/com.st.stm32cube.ide.mcu.externaltools.gnu-tools-for-stm32.9-2020-q2-update.win32_1.5.0.202011040924/tools/bin/../lib/gcc/arm-none-eabi/9.3.1/thumb/v7e-m+fp/hard/crtn.o
                0x0000000020020000                _estack = (ORIGIN (RAM) + LENGTH (RAM))
                0x0000000000000200                _Min_Heap_Size = 0x200
                0x0000000000000400                _Min_Stack_Size = 0x400

.isr_vector     0x0000000008000000      0x198
                0x0000000008000000                . = ALIGN (0x4)
 *(.isr_vector)
 .isr_vector    0x0000000008000000      0x198 Core/Startup/startup_stm32f411ceux.o
                0x0000000008000000                g_pfnVectors
                0x0000000008000198                . = ALIGN (0x4)

.text           0x0000000008000198     0x5330
                0x0000000008000198                . = ALIGN (0x4)
 *(.text)
 .text          0x0000000008000198       0x40 c:/st/stm32cubeide_1.6.1/stm32cubeide/plugins/com.st.stm32cube.ide.mcu.externaltools.gnu-tools-for-stm32.9-2020-q2-update.win32_1.5.0.202011040924/tools/bin/../lib/gcc/arm-none-eabi/9.3.1/thumb/v7e-m+fp/hard/crtbegin.o
 .text          0x00000000080001d8      0x254 c:/st/stm32cubeide_1.6.1/stm32cubeide/plugins/com.st.stm32cube.ide.mcu.externaltools.gnu-tools-for-stm32.9-2020-q2-update.win32_1.5.0.202011040924/tools/bin/../lib/gcc/arm-none-eabi/9.3.1/thumb/v7e-m+fp/hard\libgcc.a(_arm_muldf3.o)
                0x00000000080001d8                __muldf3
                0x00000000080001d8                __aeabi_dmul
 .text          0x000000000800042c      0x378 c:/st/stm32cubeide_1.6.1/stm32cubeide/plugins/com.st.stm32cube.ide.mcu.externaltools.gnu-tools-for-stm32.9-2020-q2-update.win32_1.5.0.202011040924/tools/bin/../lib/gcc/arm-none-eabi/9.3.1/thumb/v7e-m+fp/hard\libgcc.a(_arm_addsubdf3.o)
                0x000000000800042c                __aeabi_drsub
                0x0000000008000434                __aeabi_dsub
                0x0000000008000434                __subdf3
                0x0000000008000438                __aeabi_dadd
                0x0000000008000438                __adddf3
                0x00000000080006b0                __floatunsidf
                0x00000000080006b0                __aeabi_ui2d
                0x00000000080006d0                __floatsidf
                0x00000000080006d0                __aeabi_i2d
                0x00000000080006f4                __aeabi_f2d
                0x00000000080006f4                __extendsfdf2
                0x0000000008000738                __floatundidf
                0x0000000008000738                __aeabi_ul2d
                0x0000000008000748                __floatdidf
                0x0000000008000748                __aeabi_l2d
 .text          0x00000000080007a4       0xa0 c:/st/stm32cubeide_1.6.1/stm32cubeide/plugins/com.st.stm32cube.ide.mcu.externaltools.gnu-tools-for-stm32.9-2020-q2-update.win32_1.5.0.202011040924/tools/bin/../lib/gcc/arm-none-eabi/9.3.1/thumb/v7e-m+fp/hard\libgcc.a(_arm_truncdfsf2.o)
                0x00000000080007a4                __truncdfsf2
                0x00000000080007a4                __aeabi_d2f
 .text          0x0000000008000844       0x30 c:/st/stm32cubeide_1.6.1/stm32cubeide/plugins/com.st.stm32cube.ide.mcu.externaltools.gnu-tools-for-stm32.9-2020-q2-update.win32_1.5.0.202011040924/tools/bin/../lib/gcc/arm-none-eabi/9.3.1/thumb/v7e-m+fp/hard\libgcc.a(_aeabi_uldivmod.o)
                0x0000000008000844                __aeabi_uldivmod
 .text          0x0000000008000874      0x2c4 c:/st/stm32cubeide_1.6.1/stm32cubeide/plugins/com.st.stm32cube.ide.mcu.externaltools.gnu-tools-for-stm32.9-2020-q2-update.win32_1.5.0.202011040924/tools/bin/../lib/gcc/arm-none-eabi/9.3.1/thumb/v7e-m+fp/hard\libgcc.a(_udivmoddi4.o)
                0x0000000008000874                __udivmoddi4
 .text          0x0000000008000b38        0x4 c:/st/stm32cubeide_1.6.1/stm32cubeide/plugins/com.st.stm32cube.ide.mcu.externaltools.gnu-tools-for-stm32.9-2020-q2-update.win32_1.5.0.202011040924/tools/bin/../lib/gcc/arm-none-eabi/9.3.1/thumb/v7e-m+fp/hard\libgcc.a(_dvmd_tls.o)
                0x0000000008000b38                __aeabi_idiv0
                0x0000000008000b38                __aeabi_ldiv0
 *(.text*)
 .text.MX_ADC1_Init
                0x0000000008000b3c       0xa4 Core/Src/adc.o
                0x0000000008000b3c                MX_ADC1_Init
 .text.HAL_ADC_MspInit
                0x0000000008000be0      0x100 Core/Src/adc.o
                0x0000000008000be0                HAL_ADC_MspInit
 .text.MX_DMA_Init
                0x0000000008000ce0       0xac Core/Src/dma.o
                0x0000000008000ce0                MX_DMA_Init
 .text.MX_GPIO_Init
                0x0000000008000d8c       0xec Core/Src/gpio.o
                0x0000000008000d8c                MX_GPIO_Init
 .text.MX_I2C1_Init
                0x0000000008000e78       0x5c Core/Src/i2c.o
                0x0000000008000e78                MX_I2C1_Init
 .text.HAL_I2C_MspInit
                0x0000000008000ed4       0x90 Core/Src/i2c.o
                0x0000000008000ed4                HAL_I2C_MspInit
 .text.loop     0x0000000008000f64       0x24 Core/Src/main.o
                0x0000000008000f64                loop
 .text.HAL_TIM_PeriodElapsedCallback
                0x0000000008000f88       0x20 Core/Src/main.o
                0x0000000008000f88                HAL_TIM_PeriodElapsedCallback
 .text.main     0x0000000008000fa8       0x58 Core/Src/main.o
                0x0000000008000fa8                main
 .text.SystemClock_Config
                0x0000000008001000       0xd0 Core/Src/main.o
                0x0000000008001000                SystemClock_Config
 .text.Error_Handler
                0x00000000080010d0        0xa Core/Src/main.o
                0x00000000080010d0                Error_Handler
 *fill*         0x00000000080010da        0x2 
 .text.MX_SPI1_Init
                0x00000000080010dc       0x6c Core/Src/spi.o
                0x00000000080010dc                MX_SPI1_Init
 .text.MX_SPI2_Init
                0x0000000008001148       0x6c Core/Src/spi.o
                0x0000000008001148                MX_SPI2_Init
 .text.HAL_SPI_MspInit
                0x00000000080011b4       0xfc Core/Src/spi.o
                0x00000000080011b4                HAL_SPI_MspInit
 .text.HAL_MspInit
                0x00000000080012b0       0x50 Core/Src/stm32f4xx_hal_msp.o
                0x00000000080012b0                HAL_MspInit
 .text.NMI_Handler
                0x0000000008001300        0x6 Core/Src/stm32f4xx_it.o
                0x0000000008001300                NMI_Handler
 .text.HardFault_Handler
                0x0000000008001306        0x6 Core/Src/stm32f4xx_it.o
                0x0000000008001306                HardFault_Handler
 .text.MemManage_Handler
                0x000000000800130c        0x6 Core/Src/stm32f4xx_it.o
                0x000000000800130c                MemManage_Handler
 .text.BusFault_Handler
                0x0000000008001312        0x6 Core/Src/stm32f4xx_it.o
                0x0000000008001312                BusFault_Handler
 .text.UsageFault_Handler
                0x0000000008001318        0x6 Core/Src/stm32f4xx_it.o
                0x0000000008001318                UsageFault_Handler
 .text.SVC_Handler
                0x000000000800131e        0xe Core/Src/stm32f4xx_it.o
                0x000000000800131e                SVC_Handler
 .text.DebugMon_Handler
                0x000000000800132c        0xe Core/Src/stm32f4xx_it.o
                0x000000000800132c                DebugMon_Handler
 .text.PendSV_Handler
                0x000000000800133a        0xe Core/Src/stm32f4xx_it.o
                0x000000000800133a                PendSV_Handler
 .text.SysTick_Handler
                0x0000000008001348        0xc Core/Src/stm32f4xx_it.o
                0x0000000008001348                SysTick_Handler
 .text.DMA1_Stream1_IRQHandler
                0x0000000008001354       0x14 Core/Src/stm32f4xx_it.o
                0x0000000008001354                DMA1_Stream1_IRQHandler
 .text.DMA1_Stream3_IRQHandler
                0x0000000008001368       0x14 Core/Src/stm32f4xx_it.o
                0x0000000008001368                DMA1_Stream3_IRQHandler
 .text.DMA1_Stream4_IRQHandler
                0x000000000800137c       0x14 Core/Src/stm32f4xx_it.o
                0x000000000800137c                DMA1_Stream4_IRQHandler
 .text.DMA1_Stream5_IRQHandler
                0x0000000008001390       0x14 Core/Src/stm32f4xx_it.o
                0x0000000008001390                DMA1_Stream5_IRQHandler
 .text.TIM1_TRG_COM_TIM11_IRQHandler
                0x00000000080013a4       0x14 Core/Src/stm32f4xx_it.o
                0x00000000080013a4                TIM1_TRG_COM_TIM11_IRQHandler
 .text.USART1_IRQHandler
                0x00000000080013b8       0x14 Core/Src/stm32f4xx_it.o
                0x00000000080013b8                USART1_IRQHandler
 .text.DMA2_Stream0_IRQHandler
                0x00000000080013cc       0x14 Core/Src/stm32f4xx_it.o
                0x00000000080013cc                DMA2_Stream0_IRQHandler
 .text.DMA2_Stream2_IRQHandler
                0x00000000080013e0       0x14 Core/Src/stm32f4xx_it.o
                0x00000000080013e0                DMA2_Stream2_IRQHandler
 .text.SystemInit
                0x00000000080013f4       0x2c Core/Src/system_stm32f4xx.o
                0x00000000080013f4                SystemInit
 .text.MX_TIM2_Init
                0x0000000008001420       0xc4 Core/Src/tim.o
                0x0000000008001420                MX_TIM2_Init
 .text.MX_TIM5_Init
                0x00000000080014e4       0xc8 Core/Src/tim.o
                0x00000000080014e4                MX_TIM5_Init
 .text.MX_TIM11_Init
                0x00000000080015ac       0x48 Core/Src/tim.o
                0x00000000080015ac                MX_TIM11_Init
 .text.HAL_TIM_PWM_MspInit
                0x00000000080015f4      0x26c Core/Src/tim.o
                0x00000000080015f4                HAL_TIM_PWM_MspInit
 .text.HAL_TIM_Base_MspInit
                0x0000000008001860       0x50 Core/Src/tim.o
                0x0000000008001860                HAL_TIM_Base_MspInit
 .text.HAL_TIM_MspPostInit
                0x00000000080018b0       0xbc Core/Src/tim.o
                0x00000000080018b0                HAL_TIM_MspPostInit
 .text.MX_USART1_UART_Init
                0x000000000800196c       0x54 Core/Src/usart.o
                0x000000000800196c                MX_USART1_UART_Init
 .text.MX_USART6_UART_Init
                0x00000000080019c0       0x54 Core/Src/usart.o
                0x00000000080019c0                MX_USART6_UART_Init
 .text.HAL_UART_MspInit
                0x0000000008001a14      0x170 Core/Src/usart.o
                0x0000000008001a14                HAL_UART_MspInit
 .text.init_voltage_monitor
                0x0000000008001b84       0x20 Core/Src/voltage_monitor.o
                0x0000000008001b84                init_voltage_monitor
 *fill*         0x0000000008001ba4        0x4 
 .text.read_battery_voltage
                0x0000000008001ba8       0x4c Core/Src/voltage_monitor.o
                0x0000000008001ba8                read_battery_voltage
 .text.Reset_Handler
                0x0000000008001bf4       0x50 Core/Startup/startup_stm32f411ceux.o
                0x0000000008001bf4                Reset_Handler
 .text.Default_Handler
                0x0000000008001c44        0x2 Core/Startup/startup_stm32f411ceux.o
                0x0000000008001c44                RTC_Alarm_IRQHandler
                0x0000000008001c44                EXTI2_IRQHandler
                0x0000000008001c44                SPI4_IRQHandler
                0x0000000008001c44                TIM1_CC_IRQHandler
                0x0000000008001c44                DMA2_Stream5_IRQHandler
                0x0000000008001c44                PVD_IRQHandler
                0x0000000008001c44                SDIO_IRQHandler
                0x0000000008001c44                TAMP_STAMP_IRQHandler
                0x0000000008001c44                EXTI3_IRQHandler
                0x0000000008001c44                TIM1_UP_TIM10_IRQHandler
                0x0000000008001c44                I2C3_ER_IRQHandler
                0x0000000008001c44                EXTI0_IRQHandler
                0x0000000008001c44                I2C2_EV_IRQHandler
                0x0000000008001c44                DMA1_Stream2_IRQHandler
                0x0000000008001c44                FPU_IRQHandler
                0x0000000008001c44                SPI1_IRQHandler
                0x0000000008001c44                TIM1_BRK_TIM9_IRQHandler
                0x0000000008001c44                DMA2_Stream3_IRQHandler
                0x0000000008001c44                USART6_IRQHandler
                0x0000000008001c44                TIM4_IRQHandler
                0x0000000008001c44                I2C1_EV_IRQHandler
                0x0000000008001c44                DMA1_Stream6_IRQHandler
                0x0000000008001c44                TIM3_IRQHandler
                0x0000000008001c44                RCC_IRQHandler
                0x0000000008001c44                Default_Handler
                0x0000000008001c44                EXTI15_10_IRQHandler
                0x0000000008001c44                ADC_IRQHandler
                0x0000000008001c44                DMA1_Stream7_IRQHandler
                0x0000000008001c44                SPI5_IRQHandler
                0x0000000008001c44                TIM5_IRQHandler
                0x0000000008001c44                DMA2_Stream7_IRQHandler
                0x0000000008001c44                I2C3_EV_IRQHandler
                0x0000000008001c44                EXTI9_5_IRQHandler
                0x0000000008001c44                RTC_WKUP_IRQHandler
                0x0000000008001c44                SPI2_IRQHandler
                0x0000000008001c44                DMA1_Stream0_IRQHandler
                0x0000000008001c44                EXTI4_IRQHandler
                0x0000000008001c44                WWDG_IRQHandler
                0x0000000008001c44                TIM2_IRQHandler
                0x0000000008001c44                OTG_FS_WKUP_IRQHandler
                0x0000000008001c44                EXTI1_IRQHandler
                0x0000000008001c44                USART2_IRQHandler
                0x0000000008001c44                I2C2_ER_IRQHandler
                0x0000000008001c44                DMA2_Stream1_IRQHandler
                0x0000000008001c44                FLASH_IRQHandler
                0x0000000008001c44                DMA2_Stream4_IRQHandler
                0x0000000008001c44                OTG_FS_IRQHandler
                0x0000000008001c44                SPI3_IRQHandler
                0x0000000008001c44                I2C1_ER_IRQHandler
                0x0000000008001c44                DMA2_Stream6_IRQHandler
 *fill*         0x0000000008001c46        0x2 
 .text.HAL_Init
                0x0000000008001c48       0x44 Drivers/STM32F4xx_HAL_Driver/Src/stm32f4xx_hal.o
                0x0000000008001c48                HAL_Init
 .text.HAL_InitTick
                0x0000000008001c8c       0x60 Drivers/STM32F4xx_HAL_Driver/Src/stm32f4xx_hal.o
                0x0000000008001c8c                HAL_InitTick
 .text.HAL_IncTick
                0x0000000008001cec       0x28 Drivers/STM32F4xx_HAL_Driver/Src/stm32f4xx_hal.o
                0x0000000008001cec                HAL_IncTick
 .text.HAL_GetTick
                0x0000000008001d14       0x18 Drivers/STM32F4xx_HAL_Driver/Src/stm32f4xx_hal.o
                0x0000000008001d14                HAL_GetTick
 .text.HAL_Delay
                0x0000000008001d2c       0x48 Drivers/STM32F4xx_HAL_Driver/Src/stm32f4xx_hal.o
                0x0000000008001d2c                HAL_Delay
 .text.HAL_ADC_Init
                0x0000000008001d74       0x86 Drivers/STM32F4xx_HAL_Driver/Src/stm32f4xx_hal_adc.o
                0x0000000008001d74                HAL_ADC_Init
 *fill*         0x0000000008001dfa        0x2 
 .text.HAL_ADC_Start_DMA
                0x0000000008001dfc      0x1e0 Drivers/STM32F4xx_HAL_Driver/Src/stm32f4xx_hal_adc.o
                0x0000000008001dfc                HAL_ADC_Start_DMA
 .text.HAL_ADC_ConvCpltCallback
                0x0000000008001fdc       0x14 Drivers/STM32F4xx_HAL_Driver/Src/stm32f4xx_hal_adc.o
                0x0000000008001fdc                HAL_ADC_ConvCpltCallback
 .text.HAL_ADC_ConvHalfCpltCallback
                0x0000000008001ff0       0x14 Drivers/STM32F4xx_HAL_Driver/Src/stm32f4xx_hal_adc.o
                0x0000000008001ff0                HAL_ADC_ConvHalfCpltCallback
 .text.HAL_ADC_ErrorCallback
                0x0000000008002004       0x14 Drivers/STM32F4xx_HAL_Driver/Src/stm32f4xx_hal_adc.o
                0x0000000008002004                HAL_ADC_ErrorCallback
 .text.HAL_ADC_ConfigChannel
                0x0000000008002018      0x264 Drivers/STM32F4xx_HAL_Driver/Src/stm32f4xx_hal_adc.o
                0x0000000008002018                HAL_ADC_ConfigChannel
 .text.ADC_Init
                0x000000000800227c      0x1f8 Drivers/STM32F4xx_HAL_Driver/Src/stm32f4xx_hal_adc.o
 .text.ADC_DMAConvCplt
                0x0000000008002474       0xba Drivers/STM32F4xx_HAL_Driver/Src/stm32f4xx_hal_adc.o
 .text.ADC_DMAHalfConvCplt
                0x000000000800252e       0x1c Drivers/STM32F4xx_HAL_Driver/Src/stm32f4xx_hal_adc.o
 .text.ADC_DMAError
                0x000000000800254a       0x2e Drivers/STM32F4xx_HAL_Driver/Src/stm32f4xx_hal_adc.o
 .text.__NVIC_SetPriorityGrouping
                0x0000000008002578       0x48 Drivers/STM32F4xx_HAL_Driver/Src/stm32f4xx_hal_cortex.o
 .text.__NVIC_GetPriorityGrouping
                0x00000000080025c0       0x1c Drivers/STM32F4xx_HAL_Driver/Src/stm32f4xx_hal_cortex.o
 .text.__NVIC_EnableIRQ
                0x00000000080025dc       0x3c Drivers/STM32F4xx_HAL_Driver/Src/stm32f4xx_hal_cortex.o
 .text.__NVIC_SetPriority
                0x0000000008002618       0x54 Drivers/STM32F4xx_HAL_Driver/Src/stm32f4xx_hal_cortex.o
 .text.NVIC_EncodePriority
                0x000000000800266c       0x66 Drivers/STM32F4xx_HAL_Driver/Src/stm32f4xx_hal_cortex.o
 *fill*         0x00000000080026d2        0x2 
 .text.SysTick_Config
                0x00000000080026d4       0x44 Drivers/STM32F4xx_HAL_Driver/Src/stm32f4xx_hal_cortex.o
 .text.HAL_NVIC_SetPriorityGrouping
                0x0000000008002718       0x16 Drivers/STM32F4xx_HAL_Driver/Src/stm32f4xx_hal_cortex.o
                0x0000000008002718                HAL_NVIC_SetPriorityGrouping
 .text.HAL_NVIC_SetPriority
                0x000000000800272e       0x38 Drivers/STM32F4xx_HAL_Driver/Src/stm32f4xx_hal_cortex.o
                0x000000000800272e                HAL_NVIC_SetPriority
 .text.HAL_NVIC_EnableIRQ
                0x0000000008002766       0x1c Drivers/STM32F4xx_HAL_Driver/Src/stm32f4xx_hal_cortex.o
                0x0000000008002766                HAL_NVIC_EnableIRQ
 .text.HAL_SYSTICK_Config
                0x0000000008002782       0x18 Drivers/STM32F4xx_HAL_Driver/Src/stm32f4xx_hal_cortex.o
                0x0000000008002782                HAL_SYSTICK_Config
 *fill*         0x000000000800279a        0x2 
 .text.HAL_DMA_Init
                0x000000000800279c      0x15c Drivers/STM32F4xx_HAL_Driver/Src/stm32f4xx_hal_dma.o
                0x000000000800279c                HAL_DMA_Init
 .text.HAL_DMA_Start_IT
                0x00000000080028f8       0xb0 Drivers/STM32F4xx_HAL_Driver/Src/stm32f4xx_hal_dma.o
                0x00000000080028f8                HAL_DMA_Start_IT
 .text.HAL_DMA_Abort
                0x00000000080029a8       0xe0 Drivers/STM32F4xx_HAL_Driver/Src/stm32f4xx_hal_dma.o
                0x00000000080029a8                HAL_DMA_Abort
 .text.HAL_DMA_Abort_IT
                0x0000000008002a88       0x44 Drivers/STM32F4xx_HAL_Driver/Src/stm32f4xx_hal_dma.o
                0x0000000008002a88                HAL_DMA_Abort_IT
 .text.HAL_DMA_IRQHandler
                0x0000000008002acc      0x314 Drivers/STM32F4xx_HAL_Driver/Src/stm32f4xx_hal_dma.o
                0x0000000008002acc                HAL_DMA_IRQHandler
 .text.DMA_SetConfig
                0x0000000008002de0       0x5c Drivers/STM32F4xx_HAL_Driver/Src/stm32f4xx_hal_dma.o
 .text.DMA_CalcBaseAndBitshift
                0x0000000008002e3c       0x6c Drivers/STM32F4xx_HAL_Driver/Src/stm32f4xx_hal_dma.o
 .text.DMA_CheckFifoParam
                0x0000000008002ea8       0xf8 Drivers/STM32F4xx_HAL_Driver/Src/stm32f4xx_hal_dma.o
 .text.HAL_GPIO_Init
                0x0000000008002fa0      0x308 Drivers/STM32F4xx_HAL_Driver/Src/stm32f4xx_hal_gpio.o
                0x0000000008002fa0                HAL_GPIO_Init
 .text.HAL_GPIO_WritePin
                0x00000000080032a8       0x32 Drivers/STM32F4xx_HAL_Driver/Src/stm32f4xx_hal_gpio.o
                0x00000000080032a8                HAL_GPIO_WritePin
 *fill*         0x00000000080032da        0x2 
 .text.HAL_I2C_Init
                0x00000000080032dc      0x288 Drivers/STM32F4xx_HAL_Driver/Src/stm32f4xx_hal_i2c.o
                0x00000000080032dc                HAL_I2C_Init
 .text.HAL_RCC_OscConfig
                0x0000000008003564      0x4f0 Drivers/STM32F4xx_HAL_Driver/Src/stm32f4xx_hal_rcc.o
                0x0000000008003564                HAL_RCC_OscConfig
 .text.HAL_RCC_ClockConfig
                0x0000000008003a54      0x1cc Drivers/STM32F4xx_HAL_Driver/Src/stm32f4xx_hal_rcc.o
                0x0000000008003a54                HAL_RCC_ClockConfig
 .text.HAL_RCC_GetSysClockFreq
                0x0000000008003c20      0x16c Drivers/STM32F4xx_HAL_Driver/Src/stm32f4xx_hal_rcc.o
                0x0000000008003c20                HAL_RCC_GetSysClockFreq
 .text.HAL_RCC_GetHCLKFreq
                0x0000000008003d8c       0x18 Drivers/STM32F4xx_HAL_Driver/Src/stm32f4xx_hal_rcc.o
                0x0000000008003d8c                HAL_RCC_GetHCLKFreq
 .text.HAL_RCC_GetPCLK1Freq
                0x0000000008003da4       0x28 Drivers/STM32F4xx_HAL_Driver/Src/stm32f4xx_hal_rcc.o
                0x0000000008003da4                HAL_RCC_GetPCLK1Freq
 .text.HAL_RCC_GetPCLK2Freq
                0x0000000008003dcc       0x28 Drivers/STM32F4xx_HAL_Driver/Src/stm32f4xx_hal_rcc.o
                0x0000000008003dcc                HAL_RCC_GetPCLK2Freq
 .text.HAL_SPI_Init
                0x0000000008003df4      0x112 Drivers/STM32F4xx_HAL_Driver/Src/stm32f4xx_hal_spi.o
                0x0000000008003df4                HAL_SPI_Init
 .text.HAL_TIM_Base_Init
                0x0000000008003f06       0x9e Drivers/STM32F4xx_HAL_Driver/Src/stm32f4xx_hal_tim.o
                0x0000000008003f06                HAL_TIM_Base_Init
 .text.HAL_TIM_Base_Start_IT
                0x0000000008003fa4       0xc4 Drivers/STM32F4xx_HAL_Driver/Src/stm32f4xx_hal_tim.o
                0x0000000008003fa4                HAL_TIM_Base_Start_IT
 .text.HAL_TIM_PWM_Init
                0x0000000008004068       0x9e Drivers/STM32F4xx_HAL_Driver/Src/stm32f4xx_hal_tim.o
                0x0000000008004068                HAL_TIM_PWM_Init
 .text.HAL_TIM_IRQHandler
                0x0000000008004106      0x210 Drivers/STM32F4xx_HAL_Driver/Src/stm32f4xx_hal_tim.o
                0x0000000008004106                HAL_TIM_IRQHandler
 *fill*         0x0000000008004316        0x2 
 .text.HAL_TIM_PWM_ConfigChannel
                0x0000000008004318      0x17c Drivers/STM32F4xx_HAL_Driver/Src/stm32f4xx_hal_tim.o
                0x0000000008004318                HAL_TIM_PWM_ConfigChannel
 .text.HAL_TIM_OC_DelayElapsedCallback
                0x0000000008004494       0x14 Drivers/STM32F4xx_HAL_Driver/Src/stm32f4xx_hal_tim.o
                0x0000000008004494                HAL_TIM_OC_DelayElapsedCallback
 .text.HAL_TIM_IC_CaptureCallback
                0x00000000080044a8       0x14 Drivers/STM32F4xx_HAL_Driver/Src/stm32f4xx_hal_tim.o
                0x00000000080044a8                HAL_TIM_IC_CaptureCallback
 .text.HAL_TIM_PWM_PulseFinishedCallback
                0x00000000080044bc       0x14 Drivers/STM32F4xx_HAL_Driver/Src/stm32f4xx_hal_tim.o
                0x00000000080044bc                HAL_TIM_PWM_PulseFinishedCallback
 .text.HAL_TIM_TriggerCallback
                0x00000000080044d0       0x14 Drivers/STM32F4xx_HAL_Driver/Src/stm32f4xx_hal_tim.o
                0x00000000080044d0                HAL_TIM_TriggerCallback
 .text.TIM_Base_SetConfig
                0x00000000080044e4      0x100 Drivers/STM32F4xx_HAL_Driver/Src/stm32f4xx_hal_tim.o
                0x00000000080044e4                TIM_Base_SetConfig
 .text.TIM_OC1_SetConfig
                0x00000000080045e4       0xcc Drivers/STM32F4xx_HAL_Driver/Src/stm32f4xx_hal_tim.o
 .text.TIM_OC2_SetConfig
                0x00000000080046b0       0xd8 Drivers/STM32F4xx_HAL_Driver/Src/stm32f4xx_hal_tim.o
                0x00000000080046b0                TIM_OC2_SetConfig
 .text.TIM_OC3_SetConfig
                0x0000000008004788       0xd4 Drivers/STM32F4xx_HAL_Driver/Src/stm32f4xx_hal_tim.o
 .text.TIM_OC4_SetConfig
                0x000000000800485c       0xa0 Drivers/STM32F4xx_HAL_Driver/Src/stm32f4xx_hal_tim.o
 .text.HAL_TIMEx_MasterConfigSynchronization
                0x00000000080048fc       0xdc Drivers/STM32F4xx_HAL_Driver/Src/stm32f4xx_hal_tim_ex.o
                0x00000000080048fc                HAL_TIMEx_MasterConfigSynchronization
 .text.HAL_TIMEx_CommutCallback
                0x00000000080049d8       0x14 Drivers/STM32F4xx_HAL_Driver/Src/stm32f4xx_hal_tim_ex.o
                0x00000000080049d8                HAL_TIMEx_CommutCallback
 .text.HAL_TIMEx_BreakCallback
                0x00000000080049ec       0x14 Drivers/STM32F4xx_HAL_Driver/Src/stm32f4xx_hal_tim_ex.o
                0x00000000080049ec                HAL_TIMEx_BreakCallback
 .text.HAL_UART_Init
                0x0000000008004a00       0x9a Drivers/STM32F4xx_HAL_Driver/Src/stm32f4xx_hal_uart.o
                0x0000000008004a00                HAL_UART_Init
 *fill*         0x0000000008004a9a        0x2 
 .text.HAL_UART_IRQHandler
                0x0000000008004a9c      0x358 Drivers/STM32F4xx_HAL_Driver/Src/stm32f4xx_hal_uart.o
                0x0000000008004a9c                HAL_UART_IRQHandler
 .text.HAL_UART_TxCpltCallback
                0x0000000008004df4       0x14 Drivers/STM32F4xx_HAL_Driver/Src/stm32f4xx_hal_uart.o
                0x0000000008004df4                HAL_UART_TxCpltCallback
 .text.HAL_UART_RxCpltCallback
                0x0000000008004e08       0x14 Drivers/STM32F4xx_HAL_Driver/Src/stm32f4xx_hal_uart.o
                0x0000000008004e08                HAL_UART_RxCpltCallback
 .text.HAL_UART_ErrorCallback
                0x0000000008004e1c       0x14 Drivers/STM32F4xx_HAL_Driver/Src/stm32f4xx_hal_uart.o
                0x0000000008004e1c                HAL_UART_ErrorCallback
 .text.HAL_UARTEx_RxEventCallback
                0x0000000008004e30       0x18 Drivers/STM32F4xx_HAL_Driver/Src/stm32f4xx_hal_uart.o
                0x0000000008004e30                HAL_UARTEx_RxEventCallback
 .text.UART_EndRxTransfer
                0x0000000008004e48       0x5a Drivers/STM32F4xx_HAL_Driver/Src/stm32f4xx_hal_uart.o
 .text.UART_DMAAbortOnError
                0x0000000008004ea2       0x28 Drivers/STM32F4xx_HAL_Driver/Src/stm32f4xx_hal_uart.o
 .text.UART_Transmit_IT
                0x0000000008004eca       0xa0 Drivers/STM32F4xx_HAL_Driver/Src/stm32f4xx_hal_uart.o
 .text.UART_EndTransmit_IT
                0x0000000008004f6a       0x30 Drivers/STM32F4xx_HAL_Driver/Src/stm32f4xx_hal_uart.o
 .text.UART_Receive_IT
                0x0000000008004f9a      0x12e Drivers/STM32F4xx_HAL_Driver/Src/stm32f4xx_hal_uart.o
 .text.UART_SetConfig
                0x00000000080050c8      0x390 Drivers/STM32F4xx_HAL_Driver/Src/stm32f4xx_hal_uart.o
 .text.__libc_init_array
                0x0000000008005458       0x48 c:/st/stm32cubeide_1.6.1/stm32cubeide/plugins/com.st.stm32cube.ide.mcu.externaltools.gnu-tools-for-stm32.9-2020-q2-update.win32_1.5.0.202011040924/tools/bin/../lib/gcc/arm-none-eabi/9.3.1/../../../../arm-none-eabi/lib/thumb/v7e-m+fp/hard\libc_nano.a(lib_a-init.o)
                0x0000000008005458                __libc_init_array
 .text.memset   0x00000000080054a0       0x10 c:/st/stm32cubeide_1.6.1/stm32cubeide/plugins/com.st.stm32cube.ide.mcu.externaltools.gnu-tools-for-stm32.9-2020-q2-update.win32_1.5.0.202011040924/tools/bin/../lib/gcc/arm-none-eabi/9.3.1/../../../../arm-none-eabi/lib/thumb/v7e-m+fp/hard\libc_nano.a(lib_a-memset.o)
                0x00000000080054a0                memset
 *(.glue_7)
 .glue_7        0x00000000080054b0        0x0 linker stubs
 *(.glue_7t)
 .glue_7t       0x00000000080054b0        0x0 linker stubs
 *(.eh_frame)
 .eh_frame      0x00000000080054b0        0x0 c:/st/stm32cubeide_1.6.1/stm32cubeide/plugins/com.st.stm32cube.ide.mcu.externaltools.gnu-tools-for-stm32.9-2020-q2-update.win32_1.5.0.202011040924/tools/bin/../lib/gcc/arm-none-eabi/9.3.1/thumb/v7e-m+fp/hard/crtbegin.o
 *(.init)
 .init          0x00000000080054b0        0x4 c:/st/stm32cubeide_1.6.1/stm32cubeide/plugins/com.st.stm32cube.ide.mcu.externaltools.gnu-tools-for-stm32.9-2020-q2-update.win32_1.5.0.202011040924/tools/bin/../lib/gcc/arm-none-eabi/9.3.1/thumb/v7e-m+fp/hard/crti.o
                0x00000000080054b0                _init
 .init          0x00000000080054b4        0x8 c:/st/stm32cubeide_1.6.1/stm32cubeide/plugins/com.st.stm32cube.ide.mcu.externaltools.gnu-tools-for-stm32.9-2020-q2-update.win32_1.5.0.202011040924/tools/bin/../lib/gcc/arm-none-eabi/9.3.1/thumb/v7e-m+fp/hard/crtn.o
 *(.fini)
 .fini          0x00000000080054bc        0x4 c:/st/stm32cubeide_1.6.1/stm32cubeide/plugins/com.st.stm32cube.ide.mcu.externaltools.gnu-tools-for-stm32.9-2020-q2-update.win32_1.5.0.202011040924/tools/bin/../lib/gcc/arm-none-eabi/9.3.1/thumb/v7e-m+fp/hard/crti.o
                0x00000000080054bc                _fini
 .fini          0x00000000080054c0        0x8 c:/st/stm32cubeide_1.6.1/stm32cubeide/plugins/com.st.stm32cube.ide.mcu.externaltools.gnu-tools-for-stm32.9-2020-q2-update.win32_1.5.0.202011040924/tools/bin/../lib/gcc/arm-none-eabi/9.3.1/thumb/v7e-m+fp/hard/crtn.o
                0x00000000080054c8                . = ALIGN (0x4)
                0x00000000080054c8                _etext = .

.vfp11_veneer   0x00000000080054c8        0x0
 .vfp11_veneer  0x00000000080054c8        0x0 linker stubs

.v4_bx          0x00000000080054c8        0x0
 .v4_bx         0x00000000080054c8        0x0 linker stubs

.iplt           0x00000000080054c8        0x0
 .iplt          0x00000000080054c8        0x0 c:/st/stm32cubeide_1.6.1/stm32cubeide/plugins/com.st.stm32cube.ide.mcu.externaltools.gnu-tools-for-stm32.9-2020-q2-update.win32_1.5.0.202011040924/tools/bin/../lib/gcc/arm-none-eabi/9.3.1/thumb/v7e-m+fp/hard/crtbegin.o

.rodata         0x00000000080054c8       0x20
                0x00000000080054c8                . = ALIGN (0x4)
 *(.rodata)
 *(.rodata*)
 .rodata.AHBPrescTable
                0x00000000080054c8       0x10 Core/Src/system_stm32f4xx.o
                0x00000000080054c8                AHBPrescTable
 .rodata.APBPrescTable
                0x00000000080054d8        0x8 Core/Src/system_stm32f4xx.o
                0x00000000080054d8                APBPrescTable
 .rodata.flagBitshiftOffset.8977
                0x00000000080054e0        0x8 Drivers/STM32F4xx_HAL_Driver/Src/stm32f4xx_hal_dma.o
                0x00000000080054e8                . = ALIGN (0x4)

.ARM.extab      0x00000000080054e8        0x0
                0x00000000080054e8                . = ALIGN (0x4)
 *(.ARM.extab* .gnu.linkonce.armextab.*)
                0x00000000080054e8                . = ALIGN (0x4)

.ARM            0x00000000080054e8        0x8
                0x00000000080054e8                . = ALIGN (0x4)
                0x00000000080054e8                __exidx_start = .
 *(.ARM.exidx*)
 .ARM.exidx     0x00000000080054e8        0x8 c:/st/stm32cubeide_1.6.1/stm32cubeide/plugins/com.st.stm32cube.ide.mcu.externaltools.gnu-tools-for-stm32.9-2020-q2-update.win32_1.5.0.202011040924/tools/bin/../lib/gcc/arm-none-eabi/9.3.1/thumb/v7e-m+fp/hard\libgcc.a(_udivmoddi4.o)
                0x00000000080054f0                __exidx_end = .
                0x00000000080054f0                . = ALIGN (0x4)

.rel.dyn        0x00000000080054f0        0x0
 .rel.iplt      0x00000000080054f0        0x0 c:/st/stm32cubeide_1.6.1/stm32cubeide/plugins/com.st.stm32cube.ide.mcu.externaltools.gnu-tools-for-stm32.9-2020-q2-update.win32_1.5.0.202011040924/tools/bin/../lib/gcc/arm-none-eabi/9.3.1/thumb/v7e-m+fp/hard/crtbegin.o

.preinit_array  0x00000000080054f0        0x0
                0x00000000080054f0                . = ALIGN (0x4)
                0x00000000080054f0                PROVIDE (__preinit_array_start = .)
 *(.preinit_array*)
                0x00000000080054f0                PROVIDE (__preinit_array_end = .)
                0x00000000080054f0                . = ALIGN (0x4)

.init_array     0x00000000080054f0        0x4
                0x00000000080054f0                . = ALIGN (0x4)
                0x00000000080054f0                PROVIDE (__init_array_start = .)
 *(SORT_BY_NAME(.init_array.*))
 *(.init_array*)
 .init_array    0x00000000080054f0        0x4 c:/st/stm32cubeide_1.6.1/stm32cubeide/plugins/com.st.stm32cube.ide.mcu.externaltools.gnu-tools-for-stm32.9-2020-q2-update.win32_1.5.0.202011040924/tools/bin/../lib/gcc/arm-none-eabi/9.3.1/thumb/v7e-m+fp/hard/crtbegin.o
                0x00000000080054f4                PROVIDE (__init_array_end = .)
                0x00000000080054f4                . = ALIGN (0x4)

.fini_array     0x00000000080054f4        0x4
                0x00000000080054f4                . = ALIGN (0x4)
                [!provide]                        PROVIDE (__fini_array_start = .)
 *(SORT_BY_NAME(.fini_array.*))
 *(.fini_array*)
 .fini_array    0x00000000080054f4        0x4 c:/st/stm32cubeide_1.6.1/stm32cubeide/plugins/com.st.stm32cube.ide.mcu.externaltools.gnu-tools-for-stm32.9-2020-q2-update.win32_1.5.0.202011040924/tools/bin/../lib/gcc/arm-none-eabi/9.3.1/thumb/v7e-m+fp/hard/crtbegin.o
                [!provide]                        PROVIDE (__fini_array_end = .)
                0x00000000080054f8                . = ALIGN (0x4)
                0x00000000080054f8                _sidata = LOADADDR (.data)

.data           0x0000000020000000        0xc load address 0x00000000080054f8
                0x0000000020000000                . = ALIGN (0x4)
                0x0000000020000000                _sdata = .
 *(.data)
 *(.data*)
 .data.SystemCoreClock
                0x0000000020000000        0x4 Core/Src/system_stm32f4xx.o
                0x0000000020000000                SystemCoreClock
 .data.uwTickPrio
                0x0000000020000004        0x4 Drivers/STM32F4xx_HAL_Driver/Src/stm32f4xx_hal.o
                0x0000000020000004                uwTickPrio
 .data.uwTickFreq
                0x0000000020000008        0x1 Drivers/STM32F4xx_HAL_Driver/Src/stm32f4xx_hal.o
                0x0000000020000008                uwTickFreq
 *(.RamFunc)
 *(.RamFunc*)
                0x000000002000000c                . = ALIGN (0x4)
 *fill*         0x0000000020000009        0x3 
                0x000000002000000c                _edata = .

.igot.plt       0x000000002000000c        0x0 load address 0x0000000008005504
 .igot.plt      0x000000002000000c        0x0 c:/st/stm32cubeide_1.6.1/stm32cubeide/plugins/com.st.stm32cube.ide.mcu.externaltools.gnu-tools-for-stm32.9-2020-q2-update.win32_1.5.0.202011040924/tools/bin/../lib/gcc/arm-none-eabi/9.3.1/thumb/v7e-m+fp/hard/crtbegin.o
                0x000000002000000c                . = ALIGN (0x4)

.bss            0x000000002000000c      0x518 load address 0x0000000008005504
                0x000000002000000c                _sbss = .
                0x000000002000000c                __bss_start__ = _sbss
 *(.bss)
 .bss           0x000000002000000c       0x1c c:/st/stm32cubeide_1.6.1/stm32cubeide/plugins/com.st.stm32cube.ide.mcu.externaltools.gnu-tools-for-stm32.9-2020-q2-update.win32_1.5.0.202011040924/tools/bin/../lib/gcc/arm-none-eabi/9.3.1/thumb/v7e-m+fp/hard/crtbegin.o
 *(.bss*)
 .bss.period_us
                0x0000000020000028        0x4 Core/Src/main.o
                0x0000000020000028                period_us
 .bss.battery_votalge
                0x000000002000002c        0x4 Core/Src/main.o
                0x000000002000002c                battery_votalge
 *(COMMON)
 COMMON         0x0000000020000030       0xa8 Core/Src/adc.o
                0x0000000020000030                hadc1
                0x0000000020000078                hdma_adc1
 COMMON         0x00000000200000d8       0x54 Core/Src/i2c.o
                0x00000000200000d8                hi2c1
 COMMON         0x000000002000012c       0xb0 Core/Src/spi.o
                0x000000002000012c                hspi2
                0x0000000020000184                hspi1
 COMMON         0x00000000200001dc      0x258 Core/Src/tim.o
                0x00000000200001dc                hdma_tim2_ch1
                0x000000002000023c                hdma_tim5_ch4_trig
                0x000000002000029c                htim5
                0x00000000200002e4                htim11
                0x000000002000032c                hdma_tim5_ch2
                0x000000002000038c                hdma_tim2_ch3_up
                0x00000000200003ec                htim2
 COMMON         0x0000000020000434       0xe8 Core/Src/usart.o
                0x0000000020000434                hdma_usart1_rx
                0x0000000020000494                huart1
                0x00000000200004d8                huart6
 COMMON         0x000000002000051c        0x4 Core/Src/voltage_monitor.o
                0x000000002000051c                adc_value
 COMMON         0x0000000020000520        0x4 Drivers/STM32F4xx_HAL_Driver/Src/stm32f4xx_hal.o
                0x0000000020000520                uwTick
                0x0000000020000524                . = ALIGN (0x4)
                0x0000000020000524                _ebss = .
                0x0000000020000524                __bss_end__ = _ebss

._user_heap_stack
                0x0000000020000524      0x604 load address 0x0000000008005504
                0x0000000020000528                . = ALIGN (0x8)
 *fill*         0x0000000020000524        0x4 
                [!provide]                        PROVIDE (end = .)
                0x0000000020000528                PROVIDE (_end = .)
                0x0000000020000728                . = (. + _Min_Heap_Size)
 *fill*         0x0000000020000528      0x200 
                0x0000000020000b28                . = (. + _Min_Stack_Size)
 *fill*         0x0000000020000728      0x400 
                0x0000000020000b28                . = ALIGN (0x8)

/DISCARD/
 libc.a(*)
 libm.a(*)
 libgcc.a(*)

.ARM.attributes
                0x0000000000000000       0x30
 *(.ARM.attributes)
 .ARM.attributes
                0x0000000000000000       0x1e c:/st/stm32cubeide_1.6.1/stm32cubeide/plugins/com.st.stm32cube.ide.mcu.externaltools.gnu-tools-for-stm32.9-2020-q2-update.win32_1.5.0.202011040924/tools/bin/../lib/gcc/arm-none-eabi/9.3.1/thumb/v7e-m+fp/hard/crti.o
 .ARM.attributes
                0x000000000000001e       0x34 c:/st/stm32cubeide_1.6.1/stm32cubeide/plugins/com.st.stm32cube.ide.mcu.externaltools.gnu-tools-for-stm32.9-2020-q2-update.win32_1.5.0.202011040924/tools/bin/../lib/gcc/arm-none-eabi/9.3.1/thumb/v7e-m+fp/hard/crtbegin.o
 .ARM.attributes
                0x0000000000000052       0x34 Core/Src/adc.o
 .ARM.attributes
                0x0000000000000086       0x34 Core/Src/dma.o
 .ARM.attributes
                0x00000000000000ba       0x34 Core/Src/gpio.o
 .ARM.attributes
                0x00000000000000ee       0x34 Core/Src/i2c.o
 .ARM.attributes
                0x0000000000000122       0x34 Core/Src/main.o
 .ARM.attributes
                0x0000000000000156       0x34 Core/Src/spi.o
 .ARM.attributes
                0x000000000000018a       0x34 Core/Src/stm32f4xx_hal_msp.o
 .ARM.attributes
                0x00000000000001be       0x34 Core/Src/stm32f4xx_it.o
 .ARM.attributes
                0x00000000000001f2       0x34 Core/Src/system_stm32f4xx.o
 .ARM.attributes
                0x0000000000000226       0x34 Core/Src/tim.o
 .ARM.attributes
                0x000000000000025a       0x34 Core/Src/usart.o
 .ARM.attributes
                0x000000000000028e       0x34 Core/Src/voltage_monitor.o
 .ARM.attributes
                0x00000000000002c2       0x21 Core/Startup/startup_stm32f411ceux.o
 .ARM.attributes
                0x00000000000002e3       0x34 Drivers/STM32F4xx_HAL_Driver/Src/stm32f4xx_hal.o
 .ARM.attributes
                0x0000000000000317       0x34 Drivers/STM32F4xx_HAL_Driver/Src/stm32f4xx_hal_adc.o
 .ARM.attributes
                0x000000000000034b       0x34 Drivers/STM32F4xx_HAL_Driver/Src/stm32f4xx_hal_cortex.o
 .ARM.attributes
                0x000000000000037f       0x34 Drivers/STM32F4xx_HAL_Driver/Src/stm32f4xx_hal_dma.o
 .ARM.attributes
                0x00000000000003b3       0x34 Drivers/STM32F4xx_HAL_Driver/Src/stm32f4xx_hal_gpio.o
 .ARM.attributes
                0x00000000000003e7       0x34 Drivers/STM32F4xx_HAL_Driver/Src/stm32f4xx_hal_i2c.o
 .ARM.attributes
                0x000000000000041b       0x34 Drivers/STM32F4xx_HAL_Driver/Src/stm32f4xx_hal_rcc.o
 .ARM.attributes
                0x000000000000044f       0x34 Drivers/STM32F4xx_HAL_Driver/Src/stm32f4xx_hal_spi.o
 .ARM.attributes
                0x0000000000000483       0x34 Drivers/STM32F4xx_HAL_Driver/Src/stm32f4xx_hal_tim.o
 .ARM.attributes
                0x00000000000004b7       0x34 Drivers/STM32F4xx_HAL_Driver/Src/stm32f4xx_hal_tim_ex.o
 .ARM.attributes
                0x00000000000004eb       0x34 Drivers/STM32F4xx_HAL_Driver/Src/stm32f4xx_hal_uart.o
 .ARM.attributes
                0x000000000000051f       0x34 c:/st/stm32cubeide_1.6.1/stm32cubeide/plugins/com.st.stm32cube.ide.mcu.externaltools.gnu-tools-for-stm32.9-2020-q2-update.win32_1.5.0.202011040924/tools/bin/../lib/gcc/arm-none-eabi/9.3.1/../../../../arm-none-eabi/lib/thumb/v7e-m+fp/hard\libc_nano.a(lib_a-init.o)
 .ARM.attributes
                0x0000000000000553       0x34 c:/st/stm32cubeide_1.6.1/stm32cubeide/plugins/com.st.stm32cube.ide.mcu.externaltools.gnu-tools-for-stm32.9-2020-q2-update.win32_1.5.0.202011040924/tools/bin/../lib/gcc/arm-none-eabi/9.3.1/../../../../arm-none-eabi/lib/thumb/v7e-m+fp/hard\libc_nano.a(lib_a-memset.o)
 .ARM.attributes
                0x0000000000000587       0x1e c:/st/stm32cubeide_1.6.1/stm32cubeide/plugins/com.st.stm32cube.ide.mcu.externaltools.gnu-tools-for-stm32.9-2020-q2-update.win32_1.5.0.202011040924/tools/bin/../lib/gcc/arm-none-eabi/9.3.1/thumb/v7e-m+fp/hard\libgcc.a(_arm_muldf3.o)
 .ARM.attributes
                0x00000000000005a5       0x1e c:/st/stm32cubeide_1.6.1/stm32cubeide/plugins/com.st.stm32cube.ide.mcu.externaltools.gnu-tools-for-stm32.9-2020-q2-update.win32_1.5.0.202011040924/tools/bin/../lib/gcc/arm-none-eabi/9.3.1/thumb/v7e-m+fp/hard\libgcc.a(_arm_addsubdf3.o)
 .ARM.attributes
                0x00000000000005c3       0x1e c:/st/stm32cubeide_1.6.1/stm32cubeide/plugins/com.st.stm32cube.ide.mcu.externaltools.gnu-tools-for-stm32.9-2020-q2-update.win32_1.5.0.202011040924/tools/bin/../lib/gcc/arm-none-eabi/9.3.1/thumb/v7e-m+fp/hard\libgcc.a(_arm_truncdfsf2.o)
 .ARM.attributes
                0x00000000000005e1       0x1e c:/st/stm32cubeide_1.6.1/stm32cubeide/plugins/com.st.stm32cube.ide.mcu.externaltools.gnu-tools-for-stm32.9-2020-q2-update.win32_1.5.0.202011040924/tools/bin/../lib/gcc/arm-none-eabi/9.3.1/thumb/v7e-m+fp/hard\libgcc.a(_aeabi_uldivmod.o)
 .ARM.attributes
                0x00000000000005ff       0x34 c:/st/stm32cubeide_1.6.1/stm32cubeide/plugins/com.st.stm32cube.ide.mcu.externaltools.gnu-tools-for-stm32.9-2020-q2-update.win32_1.5.0.202011040924/tools/bin/../lib/gcc/arm-none-eabi/9.3.1/thumb/v7e-m+fp/hard\libgcc.a(_udivmoddi4.o)
 .ARM.attributes
                0x0000000000000633       0x1e c:/st/stm32cubeide_1.6.1/stm32cubeide/plugins/com.st.stm32cube.ide.mcu.externaltools.gnu-tools-for-stm32.9-2020-q2-update.win32_1.5.0.202011040924/tools/bin/../lib/gcc/arm-none-eabi/9.3.1/thumb/v7e-m+fp/hard\libgcc.a(_dvmd_tls.o)
 .ARM.attributes
                0x0000000000000651       0x1e c:/st/stm32cubeide_1.6.1/stm32cubeide/plugins/com.st.stm32cube.ide.mcu.externaltools.gnu-tools-for-stm32.9-2020-q2-update.win32_1.5.0.202011040924/tools/bin/../lib/gcc/arm-none-eabi/9.3.1/thumb/v7e-m+fp/hard/crtn.o
OUTPUT(firmware.elf elf32-littlearm)
LOAD linker stubs
LOAD c:/st/stm32cubeide_1.6.1/stm32cubeide/plugins/com.st.stm32cube.ide.mcu.externaltools.gnu-tools-for-stm32.9-2020-q2-update.win32_1.5.0.202011040924/tools/bin/../lib/gcc/arm-none-eabi/9.3.1/../../../../arm-none-eabi/lib/thumb/v7e-m+fp/hard\libc.a
LOAD c:/st/stm32cubeide_1.6.1/stm32cubeide/plugins/com.st.stm32cube.ide.mcu.externaltools.gnu-tools-for-stm32.9-2020-q2-update.win32_1.5.0.202011040924/tools/bin/../lib/gcc/arm-none-eabi/9.3.1/../../../../arm-none-eabi/lib/thumb/v7e-m+fp/hard\libm.a
LOAD c:/st/stm32cubeide_1.6.1/stm32cubeide/plugins/com.st.stm32cube.ide.mcu.externaltools.gnu-tools-for-stm32.9-2020-q2-update.win32_1.5.0.202011040924/tools/bin/../lib/gcc/arm-none-eabi/9.3.1/thumb/v7e-m+fp/hard\libgcc.a

.debug_info     0x0000000000000000    0x16a45
 .debug_info    0x0000000000000000      0xac4 Core/Src/adc.o
 .debug_info    0x0000000000000ac4      0x555 Core/Src/dma.o
 .debug_info    0x0000000000001019      0x53e Core/Src/gpio.o
 .debug_info    0x0000000000001557      0xaaf Core/Src/i2c.o
 .debug_info    0x0000000000002006     0x221e Core/Src/main.o
 .debug_info    0x0000000000004224      0xae4 Core/Src/spi.o
 .debug_info    0x0000000000004d08      0x3c0 Core/Src/stm32f4xx_hal_msp.o
 .debug_info    0x00000000000050c8      0xb1f Core/Src/stm32f4xx_it.o
 .debug_info    0x0000000000005be7      0x5d0 Core/Src/system_stm32f4xx.o
 .debug_info    0x00000000000061b7      0xf19 Core/Src/tim.o
 .debug_info    0x00000000000070d0      0xc35 Core/Src/usart.o
 .debug_info    0x0000000000007d05     0x17e6 Core/Src/voltage_monitor.o
 .debug_info    0x00000000000094eb       0x22 Core/Startup/startup_stm32f411ceux.o
 .debug_info    0x000000000000950d      0x944 Drivers/STM32F4xx_HAL_Driver/Src/stm32f4xx_hal.o
 .debug_info    0x0000000000009e51      0xdb4 Drivers/STM32F4xx_HAL_Driver/Src/stm32f4xx_hal_adc.o
 .debug_info    0x000000000000ac05      0xe47 Drivers/STM32F4xx_HAL_Driver/Src/stm32f4xx_hal_cortex.o
 .debug_info    0x000000000000ba4c      0x9e9 Drivers/STM32F4xx_HAL_Driver/Src/stm32f4xx_hal_dma.o
 .debug_info    0x000000000000c435      0x862 Drivers/STM32F4xx_HAL_Driver/Src/stm32f4xx_hal_gpio.o
 .debug_info    0x000000000000cc97     0x2639 Drivers/STM32F4xx_HAL_Driver/Src/stm32f4xx_hal_i2c.o
 .debug_info    0x000000000000f2d0      0x9be Drivers/STM32F4xx_HAL_Driver/Src/stm32f4xx_hal_rcc.o
 .debug_info    0x000000000000fc8e     0x17b8 Drivers/STM32F4xx_HAL_Driver/Src/stm32f4xx_hal_spi.o
 .debug_info    0x0000000000011446     0x2a88 Drivers/STM32F4xx_HAL_Driver/Src/stm32f4xx_hal_tim.o
 .debug_info    0x0000000000013ece     0x151a Drivers/STM32F4xx_HAL_Driver/Src/stm32f4xx_hal_tim_ex.o
 .debug_info    0x00000000000153e8     0x165d Drivers/STM32F4xx_HAL_Driver/Src/stm32f4xx_hal_uart.o

.debug_abbrev   0x0000000000000000     0x2f16
 .debug_abbrev  0x0000000000000000      0x1ce Core/Src/adc.o
 .debug_abbrev  0x00000000000001ce      0x126 Core/Src/dma.o
 .debug_abbrev  0x00000000000002f4      0x14e Core/Src/gpio.o
 .debug_abbrev  0x0000000000000442      0x1bb Core/Src/i2c.o
 .debug_abbrev  0x00000000000005fd      0x2bd Core/Src/main.o
 .debug_abbrev  0x00000000000008ba      0x1bb Core/Src/spi.o
 .debug_abbrev  0x0000000000000a75      0x11d Core/Src/stm32f4xx_hal_msp.o
 .debug_abbrev  0x0000000000000b92      0x1a1 Core/Src/stm32f4xx_it.o
 .debug_abbrev  0x0000000000000d33      0x145 Core/Src/system_stm32f4xx.o
 .debug_abbrev  0x0000000000000e78      0x242 Core/Src/tim.o
 .debug_abbrev  0x00000000000010ba      0x1d7 Core/Src/usart.o
 .debug_abbrev  0x0000000000001291      0x228 Core/Src/voltage_monitor.o
 .debug_abbrev  0x00000000000014b9       0x12 Core/Startup/startup_stm32f411ceux.o
 .debug_abbrev  0x00000000000014cb      0x21e Drivers/STM32F4xx_HAL_Driver/Src/stm32f4xx_hal.o
 .debug_abbrev  0x00000000000016e9      0x1ef Drivers/STM32F4xx_HAL_Driver/Src/stm32f4xx_hal_adc.o
 .debug_abbrev  0x00000000000018d8      0x33c Drivers/STM32F4xx_HAL_Driver/Src/stm32f4xx_hal_cortex.o
 .debug_abbrev  0x0000000000001c14      0x219 Drivers/STM32F4xx_HAL_Driver/Src/stm32f4xx_hal_dma.o
 .debug_abbrev  0x0000000000001e2d      0x1f1 Drivers/STM32F4xx_HAL_Driver/Src/stm32f4xx_hal_gpio.o
 .debug_abbrev  0x000000000000201e      0x293 Drivers/STM32F4xx_HAL_Driver/Src/stm32f4xx_hal_i2c.o
 .debug_abbrev  0x00000000000022b1      0x275 Drivers/STM32F4xx_HAL_Driver/Src/stm32f4xx_hal_rcc.o
 .debug_abbrev  0x0000000000002526      0x26e Drivers/STM32F4xx_HAL_Driver/Src/stm32f4xx_hal_spi.o
 .debug_abbrev  0x0000000000002794      0x26f Drivers/STM32F4xx_HAL_Driver/Src/stm32f4xx_hal_tim.o
 .debug_abbrev  0x0000000000002a03      0x277 Drivers/STM32F4xx_HAL_Driver/Src/stm32f4xx_hal_tim_ex.o
 .debug_abbrev  0x0000000000002c7a      0x29c Drivers/STM32F4xx_HAL_Driver/Src/stm32f4xx_hal_uart.o

.debug_aranges  0x0000000000000000     0x12f0
 .debug_aranges
                0x0000000000000000       0x30 Core/Src/adc.o
 .debug_aranges
                0x0000000000000030       0x20 Core/Src/dma.o
 .debug_aranges
                0x0000000000000050       0x20 Core/Src/gpio.o
 .debug_aranges
                0x0000000000000070       0x30 Core/Src/i2c.o
 .debug_aranges
                0x00000000000000a0       0x48 Core/Src/main.o
 .debug_aranges
                0x00000000000000e8       0x38 Core/Src/spi.o
 .debug_aranges
                0x0000000000000120       0x20 Core/Src/stm32f4xx_hal_msp.o
 .debug_aranges
                0x0000000000000140       0xa0 Core/Src/stm32f4xx_it.o
 .debug_aranges
                0x00000000000001e0       0x28 Core/Src/system_stm32f4xx.o
 .debug_aranges
                0x0000000000000208       0x58 Core/Src/tim.o
 .debug_aranges
                0x0000000000000260       0x38 Core/Src/usart.o
 .debug_aranges
                0x0000000000000298       0x28 Core/Src/voltage_monitor.o
 .debug_aranges
                0x00000000000002c0       0x28 Core/Startup/startup_stm32f411ceux.o
 .debug_aranges
                0x00000000000002e8       0xf0 Drivers/STM32F4xx_HAL_Driver/Src/stm32f4xx_hal.o
 .debug_aranges
                0x00000000000003d8       0xe8 Drivers/STM32F4xx_HAL_Driver/Src/stm32f4xx_hal_adc.o
 .debug_aranges
                0x00000000000004c0      0x118 Drivers/STM32F4xx_HAL_Driver/Src/stm32f4xx_hal_cortex.o
 .debug_aranges
                0x00000000000005d8       0x90 Drivers/STM32F4xx_HAL_Driver/Src/stm32f4xx_hal_dma.o
 .debug_aranges
                0x0000000000000668       0x58 Drivers/STM32F4xx_HAL_Driver/Src/stm32f4xx_hal_gpio.o
 .debug_aranges
                0x00000000000006c0      0x2a0 Drivers/STM32F4xx_HAL_Driver/Src/stm32f4xx_hal_i2c.o
 .debug_aranges
                0x0000000000000960       0x88 Drivers/STM32F4xx_HAL_Driver/Src/stm32f4xx_hal_rcc.o
 .debug_aranges
                0x00000000000009e8      0x1d0 Drivers/STM32F4xx_HAL_Driver/Src/stm32f4xx_hal_spi.o
 .debug_aranges
                0x0000000000000bb8      0x3d0 Drivers/STM32F4xx_HAL_Driver/Src/stm32f4xx_hal_tim.o
 .debug_aranges
                0x0000000000000f88      0x168 Drivers/STM32F4xx_HAL_Driver/Src/stm32f4xx_hal_tim_ex.o
 .debug_aranges
                0x00000000000010f0      0x200 Drivers/STM32F4xx_HAL_Driver/Src/stm32f4xx_hal_uart.o

.debug_ranges   0x0000000000000000     0x11d0
 .debug_ranges  0x0000000000000000       0x20 Core/Src/adc.o
 .debug_ranges  0x0000000000000020       0x10 Core/Src/dma.o
 .debug_ranges  0x0000000000000030       0x10 Core/Src/gpio.o
 .debug_ranges  0x0000000000000040       0x20 Core/Src/i2c.o
 .debug_ranges  0x0000000000000060       0x38 Core/Src/main.o
 .debug_ranges  0x0000000000000098       0x28 Core/Src/spi.o
 .debug_ranges  0x00000000000000c0       0x10 Core/Src/stm32f4xx_hal_msp.o
 .debug_ranges  0x00000000000000d0       0x90 Core/Src/stm32f4xx_it.o
 .debug_ranges  0x0000000000000160       0x18 Core/Src/system_stm32f4xx.o
 .debug_ranges  0x0000000000000178       0x48 Core/Src/tim.o
 .debug_ranges  0x00000000000001c0       0x28 Core/Src/usart.o
 .debug_ranges  0x00000000000001e8       0x18 Core/Src/voltage_monitor.o
 .debug_ranges  0x0000000000000200       0x20 Core/Startup/startup_stm32f411ceux.o
 .debug_ranges  0x0000000000000220       0xe0 Drivers/STM32F4xx_HAL_Driver/Src/stm32f4xx_hal.o
 .debug_ranges  0x0000000000000300       0xd8 Drivers/STM32F4xx_HAL_Driver/Src/stm32f4xx_hal_adc.o
 .debug_ranges  0x00000000000003d8      0x108 Drivers/STM32F4xx_HAL_Driver/Src/stm32f4xx_hal_cortex.o
 .debug_ranges  0x00000000000004e0       0x80 Drivers/STM32F4xx_HAL_Driver/Src/stm32f4xx_hal_dma.o
 .debug_ranges  0x0000000000000560       0x48 Drivers/STM32F4xx_HAL_Driver/Src/stm32f4xx_hal_gpio.o
 .debug_ranges  0x00000000000005a8      0x2b8 Drivers/STM32F4xx_HAL_Driver/Src/stm32f4xx_hal_i2c.o
 .debug_ranges  0x0000000000000860       0x78 Drivers/STM32F4xx_HAL_Driver/Src/stm32f4xx_hal_rcc.o
 .debug_ranges  0x00000000000008d8      0x1c0 Drivers/STM32F4xx_HAL_Driver/Src/stm32f4xx_hal_spi.o
 .debug_ranges  0x0000000000000a98      0x3c0 Drivers/STM32F4xx_HAL_Driver/Src/stm32f4xx_hal_tim.o
 .debug_ranges  0x0000000000000e58      0x158 Drivers/STM32F4xx_HAL_Driver/Src/stm32f4xx_hal_tim_ex.o
 .debug_ranges  0x0000000000000fb0      0x220 Drivers/STM32F4xx_HAL_Driver/Src/stm32f4xx_hal_uart.o

.debug_macro    0x0000000000000000    0x18b67
 .debug_macro   0x0000000000000000      0x232 Core/Src/adc.o
 .debug_macro   0x0000000000000232      0xaa8 Core/Src/adc.o
 .debug_macro   0x0000000000000cda      0x2ad Core/Src/adc.o
 .debug_macro   0x0000000000000f87       0x2e Core/Src/adc.o
 .debug_macro   0x0000000000000fb5       0x28 Core/Src/adc.o
 .debug_macro   0x0000000000000fdd       0x22 Core/Src/adc.o
 .debug_macro   0x0000000000000fff       0x8e Core/Src/adc.o
 .debug_macro   0x000000000000108d       0x51 Core/Src/adc.o
 .debug_macro   0x00000000000010de      0x103 Core/Src/adc.o
 .debug_macro   0x00000000000011e1       0x6a Core/Src/adc.o
 .debug_macro   0x000000000000124b      0x1df Core/Src/adc.o
 .debug_macro   0x000000000000142a       0x1c Core/Src/adc.o
 .debug_macro   0x0000000000001446       0x22 Core/Src/adc.o
 .debug_macro   0x0000000000001468       0xdf Core/Src/adc.o
 .debug_macro   0x0000000000001547     0x102d Core/Src/adc.o
 .debug_macro   0x0000000000002574      0x11f Core/Src/adc.o
 .debug_macro   0x0000000000002693     0xb937 Core/Src/adc.o
 .debug_macro   0x000000000000dfca       0x43 Core/Src/adc.o
 .debug_macro   0x000000000000e00d     0x3659 Core/Src/adc.o
 .debug_macro   0x0000000000011666      0x174 Core/Src/adc.o
 .debug_macro   0x00000000000117da       0x5c Core/Src/adc.o
 .debug_macro   0x0000000000011836      0x447 Core/Src/adc.o
 .debug_macro   0x0000000000011c7d      0x9fe Core/Src/adc.o
 .debug_macro   0x000000000001267b      0x117 Core/Src/adc.o
 .debug_macro   0x0000000000012792      0x11b Core/Src/adc.o
 .debug_macro   0x00000000000128ad       0x82 Core/Src/adc.o
 .debug_macro   0x000000000001292f      0x15f Core/Src/adc.o
 .debug_macro   0x0000000000012a8e      0x287 Core/Src/adc.o
 .debug_macro   0x0000000000012d15       0x5f Core/Src/adc.o
 .debug_macro   0x0000000000012d74      0x236 Core/Src/adc.o
 .debug_macro   0x0000000000012faa      0x9e1 Core/Src/adc.o
 .debug_macro   0x000000000001398b      0x38b Core/Src/adc.o
 .debug_macro   0x0000000000013d16      0x17d Core/Src/adc.o
 .debug_macro   0x0000000000013e93       0xf9 Core/Src/adc.o
 .debug_macro   0x0000000000013f8c      0x132 Core/Src/adc.o
 .debug_macro   0x00000000000140be      0x264 Core/Src/adc.o
 .debug_macro   0x0000000000014322       0x2e Core/Src/adc.o
 .debug_macro   0x0000000000014350      0x1b5 Core/Src/adc.o
 .debug_macro   0x0000000000014505       0x22 Core/Src/adc.o
 .debug_macro   0x0000000000014527       0xd6 Core/Src/adc.o
 .debug_macro   0x00000000000145fd      0x11a Core/Src/adc.o
 .debug_macro   0x0000000000014717       0x85 Core/Src/adc.o
 .debug_macro   0x000000000001479c       0x89 Core/Src/adc.o
 .debug_macro   0x0000000000014825      0x225 Core/Src/adc.o
 .debug_macro   0x0000000000014a4a      0x8d1 Core/Src/adc.o
 .debug_macro   0x000000000001531b       0x47 Core/Src/adc.o
 .debug_macro   0x0000000000015362      0x295 Core/Src/adc.o
 .debug_macro   0x00000000000155f7      0x126 Core/Src/adc.o
 .debug_macro   0x000000000001571d       0xa0 Core/Src/adc.o
 .debug_macro   0x00000000000157bd      0x232 Core/Src/dma.o
 .debug_macro   0x00000000000159ef      0x232 Core/Src/gpio.o
 .debug_macro   0x0000000000015c21      0x232 Core/Src/i2c.o
 .debug_macro   0x0000000000015e53      0x3fc Core/Src/main.o
 .debug_macro   0x000000000001624f       0x10 Core/Src/main.o
 .debug_macro   0x000000000001625f       0x35 Core/Src/main.o
 .debug_macro   0x0000000000016294       0x20 Core/Src/main.o
 .debug_macro   0x00000000000162b4       0x16 Core/Src/main.o
 .debug_macro   0x00000000000162ca       0x16 Core/Src/main.o
 .debug_macro   0x00000000000162e0       0x29 Core/Src/main.o
 .debug_macro   0x0000000000016309      0x232 Core/Src/spi.o
 .debug_macro   0x000000000001653b      0x228 Core/Src/stm32f4xx_hal_msp.o
 .debug_macro   0x0000000000016763      0x232 Core/Src/stm32f4xx_it.o
 .debug_macro   0x0000000000016995      0x21f Core/Src/system_stm32f4xx.o
 .debug_macro   0x0000000000016bb4      0x232 Core/Src/tim.o
 .debug_macro   0x0000000000016de6      0x232 Core/Src/usart.o
 .debug_macro   0x0000000000017018      0x353 Core/Src/voltage_monitor.o
 .debug_macro   0x000000000001736b      0x279 Drivers/STM32F4xx_HAL_Driver/Src/stm32f4xx_hal.o
 .debug_macro   0x00000000000175e4      0x21a Drivers/STM32F4xx_HAL_Driver/Src/stm32f4xx_hal_adc.o
 .debug_macro   0x00000000000177fe      0x219 Drivers/STM32F4xx_HAL_Driver/Src/stm32f4xx_hal_cortex.o
 .debug_macro   0x0000000000017a17      0x21f Drivers/STM32F4xx_HAL_Driver/Src/stm32f4xx_hal_dma.o
 .debug_macro   0x0000000000017c36      0x21f Drivers/STM32F4xx_HAL_Driver/Src/stm32f4xx_hal_gpio.o
 .debug_macro   0x0000000000017e55      0x260 Drivers/STM32F4xx_HAL_Driver/Src/stm32f4xx_hal_i2c.o
 .debug_macro   0x00000000000180b5      0x23d Drivers/STM32F4xx_HAL_Driver/Src/stm32f4xx_hal_rcc.o
 .debug_macro   0x00000000000182f2      0x228 Drivers/STM32F4xx_HAL_Driver/Src/stm32f4xx_hal_spi.o
 .debug_macro   0x000000000001851a      0x21a Drivers/STM32F4xx_HAL_Driver/Src/stm32f4xx_hal_tim.o
 .debug_macro   0x0000000000018734      0x219 Drivers/STM32F4xx_HAL_Driver/Src/stm32f4xx_hal_tim_ex.o
 .debug_macro   0x000000000001894d      0x21a Drivers/STM32F4xx_HAL_Driver/Src/stm32f4xx_hal_uart.o

.debug_line     0x0000000000000000    0x176a7
 .debug_line    0x0000000000000000      0x805 Core/Src/adc.o
 .debug_line    0x0000000000000805      0x75c Core/Src/dma.o
 .debug_line    0x0000000000000f61      0x773 Core/Src/gpio.o
 .debug_line    0x00000000000016d4      0x7bf Core/Src/i2c.o
 .debug_line    0x0000000000001e93      0xa75 Core/Src/main.o
 .debug_line    0x0000000000002908      0x83d Core/Src/spi.o
 .debug_line    0x0000000000003145      0x756 Core/Src/stm32f4xx_hal_msp.o
 .debug_line    0x000000000000389b      0x8d8 Core/Src/stm32f4xx_it.o
 .debug_line    0x0000000000004173      0x7dd Core/Src/system_stm32f4xx.o
 .debug_line    0x0000000000004950      0x9d8 Core/Src/tim.o
 .debug_line    0x0000000000005328      0x853 Core/Src/usart.o
 .debug_line    0x0000000000005b7b      0x933 Core/Src/voltage_monitor.o
 .debug_line    0x00000000000064ae       0x85 Core/Startup/startup_stm32f411ceux.o
 .debug_line    0x0000000000006533      0xa3d Drivers/STM32F4xx_HAL_Driver/Src/stm32f4xx_hal.o
 .debug_line    0x0000000000006f70     0x1201 Drivers/STM32F4xx_HAL_Driver/Src/stm32f4xx_hal_adc.o
 .debug_line    0x0000000000008171      0xcec Drivers/STM32F4xx_HAL_Driver/Src/stm32f4xx_hal_cortex.o
 .debug_line    0x0000000000008e5d      0xfa6 Drivers/STM32F4xx_HAL_Driver/Src/stm32f4xx_hal_dma.o
 .debug_line    0x0000000000009e03      0xb79 Drivers/STM32F4xx_HAL_Driver/Src/stm32f4xx_hal_gpio.o
 .debug_line    0x000000000000a97c     0x39c4 Drivers/STM32F4xx_HAL_Driver/Src/stm32f4xx_hal_i2c.o
 .debug_line    0x000000000000e340      0xdb7 Drivers/STM32F4xx_HAL_Driver/Src/stm32f4xx_hal_rcc.o
 .debug_line    0x000000000000f0f7     0x1cc5 Drivers/STM32F4xx_HAL_Driver/Src/stm32f4xx_hal_spi.o
 .debug_line    0x0000000000010dbc     0x3443 Drivers/STM32F4xx_HAL_Driver/Src/stm32f4xx_hal_tim.o
 .debug_line    0x00000000000141ff     0x19a5 Drivers/STM32F4xx_HAL_Driver/Src/stm32f4xx_hal_tim_ex.o
 .debug_line    0x0000000000015ba4     0x1b03 Drivers/STM32F4xx_HAL_Driver/Src/stm32f4xx_hal_uart.o

.debug_str      0x0000000000000000    0x9e419
 .debug_str     0x0000000000000000    0x95025 Core/Src/adc.o
                                      0x9533a (size before relaxing)
 .debug_str     0x0000000000095025      0x3b5 Core/Src/dma.o
                                      0x951e7 (size before relaxing)
 .debug_str     0x00000000000953da       0x48 Core/Src/gpio.o
                                      0x94ef1 (size before relaxing)
 .debug_str     0x0000000000095422      0x2c1 Core/Src/i2c.o
                                      0x953f6 (size before relaxing)
 .debug_str     0x00000000000956e3     0x4ccb Core/Src/main.o
                                      0x9a372 (size before relaxing)
 .debug_str     0x000000000009a3ae       0x58 Core/Src/spi.o
                                      0x95361 (size before relaxing)
 .debug_str     0x000000000009a406       0x2c Core/Src/stm32f4xx_hal_msp.o
                                      0x94e54 (size before relaxing)
 .debug_str     0x000000000009a432      0x1cc Core/Src/stm32f4xx_it.o
                                      0x95601 (size before relaxing)
 .debug_str     0x000000000009a5fe       0xc4 Core/Src/system_stm32f4xx.o
                                      0x94c0e (size before relaxing)
 .debug_str     0x000000000009a6c2      0x17a Core/Src/tim.o
                                      0x95959 (size before relaxing)
 .debug_str     0x000000000009a83c       0x6b Core/Src/usart.o
                                      0x95716 (size before relaxing)
 .debug_str     0x000000000009a8a7       0x66 Core/Src/voltage_monitor.o
                                      0x98b2b (size before relaxing)
 .debug_str     0x000000000009a90d       0x36 Core/Startup/startup_stm32f411ceux.o
                                         0x81 (size before relaxing)
 .debug_str     0x000000000009a943      0x583 Drivers/STM32F4xx_HAL_Driver/Src/stm32f4xx_hal.o
                                      0x95583 (size before relaxing)
 .debug_str     0x000000000009aec6      0x2a2 Drivers/STM32F4xx_HAL_Driver/Src/stm32f4xx_hal_adc.o
                                      0x95193 (size before relaxing)
 .debug_str     0x000000000009b168      0x392 Drivers/STM32F4xx_HAL_Driver/Src/stm32f4xx_hal_cortex.o
                                      0x95360 (size before relaxing)
 .debug_str     0x000000000009b4fa      0x315 Drivers/STM32F4xx_HAL_Driver/Src/stm32f4xx_hal_dma.o
                                      0x95011 (size before relaxing)
 .debug_str     0x000000000009b80f      0x15f Drivers/STM32F4xx_HAL_Driver/Src/stm32f4xx_hal_gpio.o
                                      0x94da0 (size before relaxing)
 .debug_str     0x000000000009b96e      0xab3 Drivers/STM32F4xx_HAL_Driver/Src/stm32f4xx_hal_i2c.o
                                      0x95b6e (size before relaxing)
 .debug_str     0x000000000009c421      0x24e Drivers/STM32F4xx_HAL_Driver/Src/stm32f4xx_hal_rcc.o
                                      0x94ffb (size before relaxing)
 .debug_str     0x000000000009c66f      0x564 Drivers/STM32F4xx_HAL_Driver/Src/stm32f4xx_hal_spi.o
                                      0x9548b (size before relaxing)
 .debug_str     0x000000000009cbd3      0xd74 Drivers/STM32F4xx_HAL_Driver/Src/stm32f4xx_hal_tim.o
                                      0x95f0f (size before relaxing)
 .debug_str     0x000000000009d947      0x4ee Drivers/STM32F4xx_HAL_Driver/Src/stm32f4xx_hal_tim_ex.o
                                      0x956c0 (size before relaxing)
 .debug_str     0x000000000009de35      0x5e4 Drivers/STM32F4xx_HAL_Driver/Src/stm32f4xx_hal_uart.o
                                      0x9554b (size before relaxing)

.comment        0x0000000000000000       0x53
 .comment       0x0000000000000000       0x53 Core/Src/adc.o
                                         0x54 (size before relaxing)
 .comment       0x0000000000000053       0x54 Core/Src/dma.o
 .comment       0x0000000000000053       0x54 Core/Src/gpio.o
 .comment       0x0000000000000053       0x54 Core/Src/i2c.o
 .comment       0x0000000000000053       0x54 Core/Src/main.o
 .comment       0x0000000000000053       0x54 Core/Src/spi.o
 .comment       0x0000000000000053       0x54 Core/Src/stm32f4xx_hal_msp.o
 .comment       0x0000000000000053       0x54 Core/Src/stm32f4xx_it.o
 .comment       0x0000000000000053       0x54 Core/Src/system_stm32f4xx.o
 .comment       0x0000000000000053       0x54 Core/Src/tim.o
 .comment       0x0000000000000053       0x54 Core/Src/usart.o
 .comment       0x0000000000000053       0x54 Core/Src/voltage_monitor.o
 .comment       0x0000000000000053       0x54 Drivers/STM32F4xx_HAL_Driver/Src/stm32f4xx_hal.o
 .comment       0x0000000000000053       0x54 Drivers/STM32F4xx_HAL_Driver/Src/stm32f4xx_hal_adc.o
 .comment       0x0000000000000053       0x54 Drivers/STM32F4xx_HAL_Driver/Src/stm32f4xx_hal_cortex.o
 .comment       0x0000000000000053       0x54 Drivers/STM32F4xx_HAL_Driver/Src/stm32f4xx_hal_dma.o
 .comment       0x0000000000000053       0x54 Drivers/STM32F4xx_HAL_Driver/Src/stm32f4xx_hal_gpio.o
 .comment       0x0000000000000053       0x54 Drivers/STM32F4xx_HAL_Driver/Src/stm32f4xx_hal_i2c.o
 .comment       0x0000000000000053       0x54 Drivers/STM32F4xx_HAL_Driver/Src/stm32f4xx_hal_rcc.o
 .comment       0x0000000000000053       0x54 Drivers/STM32F4xx_HAL_Driver/Src/stm32f4xx_hal_spi.o
 .comment       0x0000000000000053       0x54 Drivers/STM32F4xx_HAL_Driver/Src/stm32f4xx_hal_tim.o
 .comment       0x0000000000000053       0x54 Drivers/STM32F4xx_HAL_Driver/Src/stm32f4xx_hal_tim_ex.o
 .comment       0x0000000000000053       0x54 Drivers/STM32F4xx_HAL_Driver/Src/stm32f4xx_hal_uart.o

.debug_frame    0x0000000000000000     0x5000
 .debug_frame   0x0000000000000000       0x7c Core/Src/adc.o
 .debug_frame   0x000000000000007c       0x34 Core/Src/dma.o
 .debug_frame   0x00000000000000b0       0x34 Core/Src/gpio.o
 .debug_frame   0x00000000000000e4       0x74 Core/Src/i2c.o
 .debug_frame   0x0000000000000158       0xc4 Core/Src/main.o
 .debug_frame   0x000000000000021c       0x90 Core/Src/spi.o
 .debug_frame   0x00000000000002ac       0x38 Core/Src/stm32f4xx_hal_msp.o
 .debug_frame   0x00000000000002e4      0x1e4 Core/Src/stm32f4xx_it.o
 .debug_frame   0x00000000000004c8       0x58 Core/Src/system_stm32f4xx.o
 .debug_frame   0x0000000000000520      0x12c Core/Src/tim.o
 .debug_frame   0x000000000000064c       0x90 Core/Src/usart.o
 .debug_frame   0x00000000000006dc       0x50 Core/Src/voltage_monitor.o
 .debug_frame   0x000000000000072c      0x374 Drivers/STM32F4xx_HAL_Driver/Src/stm32f4xx_hal.o
 .debug_frame   0x0000000000000aa0      0x3fc Drivers/STM32F4xx_HAL_Driver/Src/stm32f4xx_hal_adc.o
 .debug_frame   0x0000000000000e9c      0x498 Drivers/STM32F4xx_HAL_Driver/Src/stm32f4xx_hal_cortex.o
 .debug_frame   0x0000000000001334      0x250 Drivers/STM32F4xx_HAL_Driver/Src/stm32f4xx_hal_dma.o
 .debug_frame   0x0000000000001584      0x14c Drivers/STM32F4xx_HAL_Driver/Src/stm32f4xx_hal_gpio.o
 .debug_frame   0x00000000000016d0      0xc5c Drivers/STM32F4xx_HAL_Driver/Src/stm32f4xx_hal_i2c.o
 .debug_frame   0x000000000000232c      0x1ec Drivers/STM32F4xx_HAL_Driver/Src/stm32f4xx_hal_rcc.o
 .debug_frame   0x0000000000002518      0x824 Drivers/STM32F4xx_HAL_Driver/Src/stm32f4xx_hal_spi.o
 .debug_frame   0x0000000000002d3c     0x11bc Drivers/STM32F4xx_HAL_Driver/Src/stm32f4xx_hal_tim.o
 .debug_frame   0x0000000000003ef8      0x638 Drivers/STM32F4xx_HAL_Driver/Src/stm32f4xx_hal_tim_ex.o
 .debug_frame   0x0000000000004530      0x924 Drivers/STM32F4xx_HAL_Driver/Src/stm32f4xx_hal_uart.o
 .debug_frame   0x0000000000004e54       0x2c c:/st/stm32cubeide_1.6.1/stm32cubeide/plugins/com.st.stm32cube.ide.mcu.externaltools.gnu-tools-for-stm32.9-2020-q2-update.win32_1.5.0.202011040924/tools/bin/../lib/gcc/arm-none-eabi/9.3.1/../../../../arm-none-eabi/lib/thumb/v7e-m+fp/hard\libc_nano.a(lib_a-init.o)
 .debug_frame   0x0000000000004e80       0x20 c:/st/stm32cubeide_1.6.1/stm32cubeide/plugins/com.st.stm32cube.ide.mcu.externaltools.gnu-tools-for-stm32.9-2020-q2-update.win32_1.5.0.202011040924/tools/bin/../lib/gcc/arm-none-eabi/9.3.1/../../../../arm-none-eabi/lib/thumb/v7e-m+fp/hard\libc_nano.a(lib_a-memset.o)
 .debug_frame   0x0000000000004ea0       0x30 c:/st/stm32cubeide_1.6.1/stm32cubeide/plugins/com.st.stm32cube.ide.mcu.externaltools.gnu-tools-for-stm32.9-2020-q2-update.win32_1.5.0.202011040924/tools/bin/../lib/gcc/arm-none-eabi/9.3.1/thumb/v7e-m+fp/hard\libgcc.a(_arm_muldf3.o)
 .debug_frame   0x0000000000004ed0       0xac c:/st/stm32cubeide_1.6.1/stm32cubeide/plugins/com.st.stm32cube.ide.mcu.externaltools.gnu-tools-for-stm32.9-2020-q2-update.win32_1.5.0.202011040924/tools/bin/../lib/gcc/arm-none-eabi/9.3.1/thumb/v7e-m+fp/hard\libgcc.a(_arm_addsubdf3.o)
 .debug_frame   0x0000000000004f7c       0x24 c:/st/stm32cubeide_1.6.1/stm32cubeide/plugins/com.st.stm32cube.ide.mcu.externaltools.gnu-tools-for-stm32.9-2020-q2-update.win32_1.5.0.202011040924/tools/bin/../lib/gcc/arm-none-eabi/9.3.1/thumb/v7e-m+fp/hard\libgcc.a(_arm_truncdfsf2.o)
 .debug_frame   0x0000000000004fa0       0x2c c:/st/stm32cubeide_1.6.1/stm32cubeide/plugins/com.st.stm32cube.ide.mcu.externaltools.gnu-tools-for-stm32.9-2020-q2-update.win32_1.5.0.202011040924/tools/bin/../lib/gcc/arm-none-eabi/9.3.1/thumb/v7e-m+fp/hard\libgcc.a(_aeabi_uldivmod.o)
 .debug_frame   0x0000000000004fcc       0x34 c:/st/stm32cubeide_1.6.1/stm32cubeide/plugins/com.st.stm32cube.ide.mcu.externaltools.gnu-tools-for-stm32.9-2020-q2-update.win32_1.5.0.202011040924/tools/bin/../lib/gcc/arm-none-eabi/9.3.1/thumb/v7e-m+fp/hard\libgcc.a(_udivmoddi4.o)
