Archive member included to satisfy reference by file (symbol)

c:/st/stm32cubeide_1.5.1/stm32cubeide/plugins/com.st.stm32cube.ide.mcu.externaltools.gnu-tools-for-stm32.7-2018-q2-update.win32_1.5.0.202011040924/tools/bin/../lib/gcc/arm-none-eabi/7.3.1/../../../../arm-none-eabi/lib/thumb/v7e-m/fpv4-sp/hard\libc_nano.a(lib_a-errno.o)
                              Core/Src/syscalls.o (__errno)
c:/st/stm32cubeide_1.5.1/stm32cubeide/plugins/com.st.stm32cube.ide.mcu.externaltools.gnu-tools-for-stm32.7-2018-q2-update.win32_1.5.0.202011040924/tools/bin/../lib/gcc/arm-none-eabi/7.3.1/../../../../arm-none-eabi/lib/thumb/v7e-m/fpv4-sp/hard\libc_nano.a(lib_a-exit.o)
                              c:/st/stm32cubeide_1.5.1/stm32cubeide/plugins/com.st.stm32cube.ide.mcu.externaltools.gnu-tools-for-stm32.7-2018-q2-update.win32_1.5.0.202011040924/tools/bin/../lib/gcc/arm-none-eabi/7.3.1/../../../../arm-none-eabi/lib/thumb/v7e-m/fpv4-sp/hard/crt0.o (exit)
c:/st/stm32cubeide_1.5.1/stm32cubeide/plugins/com.st.stm32cube.ide.mcu.externaltools.gnu-tools-for-stm32.7-2018-q2-update.win32_1.5.0.202011040924/tools/bin/../lib/gcc/arm-none-eabi/7.3.1/../../../../arm-none-eabi/lib/thumb/v7e-m/fpv4-sp/hard\libc_nano.a(lib_a-impure.o)
                              c:/st/stm32cubeide_1.5.1/stm32cubeide/plugins/com.st.stm32cube.ide.mcu.externaltools.gnu-tools-for-stm32.7-2018-q2-update.win32_1.5.0.202011040924/tools/bin/../lib/gcc/arm-none-eabi/7.3.1/../../../../arm-none-eabi/lib/thumb/v7e-m/fpv4-sp/hard\libc_nano.a(lib_a-exit.o) (_global_impure_ptr)
c:/st/stm32cubeide_1.5.1/stm32cubeide/plugins/com.st.stm32cube.ide.mcu.externaltools.gnu-tools-for-stm32.7-2018-q2-update.win32_1.5.0.202011040924/tools/bin/../lib/gcc/arm-none-eabi/7.3.1/../../../../arm-none-eabi/lib/thumb/v7e-m/fpv4-sp/hard\libc_nano.a(lib_a-init.o)
                              c:/st/stm32cubeide_1.5.1/stm32cubeide/plugins/com.st.stm32cube.ide.mcu.externaltools.gnu-tools-for-stm32.7-2018-q2-update.win32_1.5.0.202011040924/tools/bin/../lib/gcc/arm-none-eabi/7.3.1/../../../../arm-none-eabi/lib/thumb/v7e-m/fpv4-sp/hard/crt0.o (__libc_init_array)
c:/st/stm32cubeide_1.5.1/stm32cubeide/plugins/com.st.stm32cube.ide.mcu.externaltools.gnu-tools-for-stm32.7-2018-q2-update.win32_1.5.0.202011040924/tools/bin/../lib/gcc/arm-none-eabi/7.3.1/../../../../arm-none-eabi/lib/thumb/v7e-m/fpv4-sp/hard\libc_nano.a(lib_a-memset.o)
                              c:/st/stm32cubeide_1.5.1/stm32cubeide/plugins/com.st.stm32cube.ide.mcu.externaltools.gnu-tools-for-stm32.7-2018-q2-update.win32_1.5.0.202011040924/tools/bin/../lib/gcc/arm-none-eabi/7.3.1/../../../../arm-none-eabi/lib/thumb/v7e-m/fpv4-sp/hard/crt0.o (memset)
c:/st/stm32cubeide_1.5.1/stm32cubeide/plugins/com.st.stm32cube.ide.mcu.externaltools.gnu-tools-for-stm32.7-2018-q2-update.win32_1.5.0.202011040924/tools/bin/../lib/gcc/arm-none-eabi/7.3.1/../../../../arm-none-eabi/lib/thumb/v7e-m/fpv4-sp/hard\libm.a(lib_a-s_atan.o)
                              Core/Src/icm_20948.o (atan)
c:/st/stm32cubeide_1.5.1/stm32cubeide/plugins/com.st.stm32cube.ide.mcu.externaltools.gnu-tools-for-stm32.7-2018-q2-update.win32_1.5.0.202011040924/tools/bin/../lib/gcc/arm-none-eabi/7.3.1/../../../../arm-none-eabi/lib/thumb/v7e-m/fpv4-sp/hard\libm.a(lib_a-s_fabs.o)
                              c:/st/stm32cubeide_1.5.1/stm32cubeide/plugins/com.st.stm32cube.ide.mcu.externaltools.gnu-tools-for-stm32.7-2018-q2-update.win32_1.5.0.202011040924/tools/bin/../lib/gcc/arm-none-eabi/7.3.1/../../../../arm-none-eabi/lib/thumb/v7e-m/fpv4-sp/hard\libm.a(lib_a-s_atan.o) (fabs)
c:/st/stm32cubeide_1.5.1/stm32cubeide/plugins/com.st.stm32cube.ide.mcu.externaltools.gnu-tools-for-stm32.7-2018-q2-update.win32_1.5.0.202011040924/tools/bin/../lib/gcc/arm-none-eabi/7.3.1/../../../../arm-none-eabi/lib/thumb/v7e-m/fpv4-sp/hard\libm.a(lib_a-w_pow.o)
                              Core/Src/icm_20948.o (pow)
c:/st/stm32cubeide_1.5.1/stm32cubeide/plugins/com.st.stm32cube.ide.mcu.externaltools.gnu-tools-for-stm32.7-2018-q2-update.win32_1.5.0.202011040924/tools/bin/../lib/gcc/arm-none-eabi/7.3.1/../../../../arm-none-eabi/lib/thumb/v7e-m/fpv4-sp/hard\libm.a(lib_a-w_sqrt.o)
                              Core/Src/icm_20948.o (sqrt)
c:/st/stm32cubeide_1.5.1/stm32cubeide/plugins/com.st.stm32cube.ide.mcu.externaltools.gnu-tools-for-stm32.7-2018-q2-update.win32_1.5.0.202011040924/tools/bin/../lib/gcc/arm-none-eabi/7.3.1/../../../../arm-none-eabi/lib/thumb/v7e-m/fpv4-sp/hard\libm.a(lib_a-e_pow.o)
                              c:/st/stm32cubeide_1.5.1/stm32cubeide/plugins/com.st.stm32cube.ide.mcu.externaltools.gnu-tools-for-stm32.7-2018-q2-update.win32_1.5.0.202011040924/tools/bin/../lib/gcc/arm-none-eabi/7.3.1/../../../../arm-none-eabi/lib/thumb/v7e-m/fpv4-sp/hard\libm.a(lib_a-w_pow.o) (__ieee754_pow)
[...]
Memory Configuration

Name             Origin             Length             Attributes
RAM              0x0000000020000000 0x0000000000020000 xrw
FLASH            0x0000000008000000 0x0000000000080000 xr
*default*        0x0000000000000000 0xffffffffffffffff

Linker script and memory map

LOAD c:/st/stm32cubeide_1.5.1/stm32cubeide/plugins/com.st.stm32cube.ide.mcu.externaltools.gnu-tools-for-stm32.7-2018-q2-update.win32_1.5.0.202011040924/tools/bin/../lib/gcc/arm-none-eabi/7.3.1/thumb/v7e-m/fpv4-sp/hard/crti.o
LOAD c:/st/stm32cubeide_1.5.1/stm32cubeide/plugins/com.st.stm32cube.ide.mcu.externaltools.gnu-tools-for-stm32.7-2018-q2-update.win32_1.5.0.202011040924/tools/bin/../lib/gcc/arm-none-eabi/7.3.1/thumb/v7e-m/fpv4-sp/hard/crtbegin.o
LOAD c:/st/stm32cubeide_1.5.1/stm32cubeide/plugins/com.st.stm32cube.ide.mcu.externaltools.gnu-tools-for-stm32.7-2018-q2-update.win32_1.5.0.202011040924/tools/bin/../lib/gcc/arm-none-eabi/7.3.1/../../../../arm-none-eabi/lib/thumb/v7e-m/fpv4-sp/hard/crt0.o
LOAD Core/Src/dma.o
LOAD Core/Src/dshot.o
LOAD Core/Src/flysky_ibus.o
LOAD Core/Src/gpio.o
LOAD Core/Src/icm_20948.o
LOAD Core/Src/main.o
LOAD Core/Src/pid.o
LOAD Core/Src/spi.o
LOAD Core/Src/stm32f4xx_hal_msp.o
LOAD Core/Src/stm32f4xx_it.o
LOAD Core/Src/syscalls.o
LOAD Core/Src/sysmem.o
LOAD Core/Src/system_stm32f4xx.o
LOAD Core/Src/tim.o
LOAD Core/Src/usart.o
LOAD Core/Startup/startup_stm32f411ceux.o
LOAD Drivers/STM32F4xx_HAL_Driver/Src/stm32f4xx_hal.o
LOAD Drivers/STM32F4xx_HAL_Driver/Src/stm32f4xx_hal_cortex.o
LOAD Drivers/STM32F4xx_HAL_Driver/Src/stm32f4xx_hal_dma.o
LOAD Drivers/STM32F4xx_HAL_Driver/Src/stm32f4xx_hal_dma_ex.o
LOAD Drivers/STM32F4xx_HAL_Driver/Src/stm32f4xx_hal_exti.o
LOAD Drivers/STM32F4xx_HAL_Driver/Src/stm32f4xx_hal_flash.o
LOAD Drivers/STM32F4xx_HAL_Driver/Src/stm32f4xx_hal_flash_ex.o
LOAD Drivers/STM32F4xx_HAL_Driver/Src/stm32f4xx_hal_flash_ramfunc.o
LOAD Drivers/STM32F4xx_HAL_Driver/Src/stm32f4xx_hal_gpio.o
LOAD Drivers/STM32F4xx_HAL_Driver/Src/stm32f4xx_hal_pwr.o
LOAD Drivers/STM32F4xx_HAL_Driver/Src/stm32f4xx_hal_pwr_ex.o
LOAD Drivers/STM32F4xx_HAL_Driver/Src/stm32f4xx_hal_rcc.o
LOAD Drivers/STM32F4xx_HAL_Driver/Src/stm32f4xx_hal_rcc_ex.o
LOAD Drivers/STM32F4xx_HAL_Driver/Src/stm32f4xx_hal_spi.o
LOAD Drivers/STM32F4xx_HAL_Driver/Src/stm32f4xx_hal_tim.o
LOAD Drivers/STM32F4xx_HAL_Driver/Src/stm32f4xx_hal_tim_ex.o
LOAD Drivers/STM32F4xx_HAL_Driver/Src/stm32f4xx_hal_uart.o
START GROUP
LOAD c:/st/stm32cubeide_1.5.1/stm32cubeide/plugins/com.st.stm32cube.ide.mcu.externaltools.gnu-tools-for-stm32.7-2018-q2-update.win32_1.5.0.202011040924/tools/bin/../lib/gcc/arm-none-eabi/7.3.1/../../../../arm-none-eabi/lib/thumb/v7e-m/fpv4-sp/hard\libc_nano.a
LOAD c:/st/stm32cubeide_1.5.1/stm32cubeide/plugins/com.st.stm32cube.ide.mcu.externaltools.gnu-tools-for-stm32.7-2018-q2-update.win32_1.5.0.202011040924/tools/bin/../lib/gcc/arm-none-eabi/7.3.1/../../../../arm-none-eabi/lib/thumb/v7e-m/fpv4-sp/hard\libm.a
END GROUP
START GROUP
LOAD c:/st/stm32cubeide_1.5.1/stm32cubeide/plugins/com.st.stm32cube.ide.mcu.externaltools.gnu-tools-for-stm32.7-2018-q2-update.win32_1.5.0.202011040924/tools/bin/../lib/gcc/arm-none-eabi/7.3.1/thumb/v7e-m/fpv4-sp/hard\libgcc.a
LOAD c:/st/stm32cubeide_1.5.1/stm32cubeide/plugins/com.st.stm32cube.ide.mcu.externaltools.gnu-tools-for-stm32.7-2018-q2-update.win32_1.5.0.202011040924/tools/bin/../lib/gcc/arm-none-eabi/7.3.1/../../../../arm-none-eabi/lib/thumb/v7e-m/fpv4-sp/hard\libc_nano.a
END GROUP
START GROUP
LOAD c:/st/stm32cubeide_1.5.1/stm32cubeide/plugins/com.st.stm32cube.ide.mcu.externaltools.gnu-tools-for-stm32.7-2018-q2-update.win32_1.5.0.202011040924/tools/bin/../lib/gcc/arm-none-eabi/7.3.1/thumb/v7e-m/fpv4-sp/hard\libgcc.a
LOAD c:/st/stm32cubeide_1.5.1/stm32cubeide/plugins/com.st.stm32cube.ide.mcu.externaltools.gnu-tools-for-stm32.7-2018-q2-update.win32_1.5.0.202011040924/tools/bin/../lib/gcc/arm-none-eabi/7.3.1/../../../../arm-none-eabi/lib/thumb/v7e-m/fpv4-sp/hard\libc_nano.a
LOAD c:/st/stm32cubeide_1.5.1/stm32cubeide/plugins/com.st.stm32cube.ide.mcu.externaltools.gnu-tools-for-stm32.7-2018-q2-update.win32_1.5.0.202011040924/tools/bin/../lib/gcc/arm-none-eabi/7.3.1/../../../../arm-none-eabi/lib/thumb/v7e-m/fpv4-sp/hard\libnosys.a
END GROUP
START GROUP
LOAD c:/st/stm32cubeide_1.5.1/stm32cubeide/plugins/com.st.stm32cube.ide.mcu.externaltools.gnu-tools-for-stm32.7-2018-q2-update.win32_1.5.0.202011040924/tools/bin/../lib/gcc/arm-none-eabi/7.3.1/thumb/v7e-m/fpv4-sp/hard\libgcc.a
LOAD c:/st/stm32cubeide_1.5.1/stm32cubeide/plugins/com.st.stm32cube.ide.mcu.externaltools.gnu-tools-for-stm32.7-2018-q2-update.win32_1.5.0.202011040924/tools/bin/../lib/gcc/arm-none-eabi/7.3.1/../../../../arm-none-eabi/lib/thumb/v7e-m/fpv4-sp/hard\libc_nano.a
LOAD c:/st/stm32cubeide_1.5.1/stm32cubeide/plugins/com.st.stm32cube.ide.mcu.externaltools.gnu-tools-for-stm32.7-2018-q2-update.win32_1.5.0.202011040924/tools/bin/../lib/gcc/arm-none-eabi/7.3.1/../../../../arm-none-eabi/lib/thumb/v7e-m/fpv4-sp/hard\libnosys.a
END GROUP
LOAD c:/st/stm32cubeide_1.5.1/stm32cubeide/plugins/com.st.stm32cube.ide.mcu.externaltools.gnu-tools-for-stm32.7-2018-q2-update.win32_1.5.0.202011040924/tools/bin/../lib/gcc/arm-none-eabi/7.3.1/thumb/v7e-m/fpv4-sp/hard/crtend.o
LOAD c:/st/stm32cubeide_1.5.1/stm32cubeide/plugins/com.st.stm32cube.ide.mcu.externaltools.gnu-tools-for-stm32.7-2018-q2-update.win32_1.5.0.202011040924/tools/bin/../lib/gcc/arm-none-eabi/7.3.1/thumb/v7e-m/fpv4-sp/hard/crtn.o
                0x0000000020020000                _estack = (ORIGIN (RAM) + LENGTH (RAM))
                0x0000000000000200                _Min_Heap_Size = 0x200
                0x0000000000000400                _Min_Stack_Size = 0x400

.isr_vector     0x0000000008000000      0x198
                0x0000000008000000                . = ALIGN (0x4)
 *(.isr_vector)
 .isr_vector    0x0000000008000000      0x198 Core/Startup/startup_stm32f411ceux.o
                0x0000000008000000                g_pfnVectors
                0x0000000008000198                . = ALIGN (0x4)

.text           0x0000000008000198     0x758c
                0x0000000008000198                . = ALIGN (0x4)
 *(.text)
 .text          0x0000000008000198       0x40 c:/st/stm32cubeide_1.5.1/stm32cubeide/plugins/com.st.stm32cube.ide.mcu.externaltools.gnu-tools-for-stm32.7-2018-q2-update.win32_1.5.0.202011040924/tools/bin/../lib/gcc/arm-none-eabi/7.3.1/thumb/v7e-m/fpv4-sp/hard/crtbegin.o
 .text          0x00000000080001d8      0x378 c:/st/stm32cubeide_1.5.1/stm32cubeide/plugins/com.st.stm32cube.ide.mcu.externaltools.gnu-tools-for-stm32.7-2018-q2-update.win32_1.5.0.202011040924/tools/bin/../lib/gcc/arm-none-eabi/7.3.1/thumb/v7e-m/fpv4-sp/hard\libgcc.a(_arm_addsubdf3.o)
                0x00000000080001d8                __aeabi_drsub
                0x00000000080001e0                __aeabi_dsub
                0x00000000080001e0                __subdf3
                0x00000000080001e4                __aeabi_dadd
                0x00000000080001e4                __adddf3
                0x000000000800045c                __floatunsidf
                0x000000000800045c                __aeabi_ui2d
                0x000000000800047c                __floatsidf
                0x000000000800047c                __aeabi_i2d
                0x00000000080004a0                __aeabi_f2d
                0x00000000080004a0                __extendsfdf2
                0x00000000080004e4                __floatundidf
                0x00000000080004e4                __aeabi_ul2d
                0x00000000080004f4                __floatdidf
                0x00000000080004f4                __aeabi_l2d
 .text          0x0000000008000550      0x424 c:/st/stm32cubeide_1.5.1/stm32cubeide/plugins/com.st.stm32cube.ide.mcu.externaltools.gnu-tools-for-stm32.7-2018-q2-update.win32_1.5.0.202011040924/tools/bin/../lib/gcc/arm-none-eabi/7.3.1/thumb/v7e-m/fpv4-sp/hard\libgcc.a(_arm_muldivdf3.o)
                0x0000000008000550                __aeabi_dmul
                0x0000000008000550                __muldf3
                0x00000000080007a4                __divdf3
                0x00000000080007a4                __aeabi_ddiv
 .text          0x0000000008000974      0x110 c:/st/stm32cubeide_1.5.1/stm32cubeide/plugins/com.st.stm32cube.ide.mcu.externaltools.gnu-tools-for-stm32.7-2018-q2-update.win32_1.5.0.202011040924/tools/bin/../lib/gcc/arm-none-eabi/7.3.1/thumb/v7e-m/fpv4-sp/hard\libgcc.a(_arm_cmpdf2.o)
                0x0000000008000974                __gtdf2
                0x0000000008000974                __gedf2
                0x000000000800097c                __ltdf2
                0x000000000800097c                __ledf2
                0x0000000008000984                __nedf2
                0x0000000008000984                __eqdf2
                0x0000000008000984                __cmpdf2
                0x0000000008000a00                __aeabi_cdrcmple
                0x0000000008000a10                __aeabi_cdcmpeq
                0x0000000008000a10                __aeabi_cdcmple
                0x0000000008000a20                __aeabi_dcmpeq
                0x0000000008000a34                __aeabi_dcmplt
                0x0000000008000a48                __aeabi_dcmple
                0x0000000008000a5c                __aeabi_dcmpge
                0x0000000008000a70                __aeabi_dcmpgt
 .text          0x0000000008000a84       0x2c c:/st/stm32cubeide_1.5.1/stm32cubeide/plugins/com.st.stm32cube.ide.mcu.externaltools.gnu-tools-for-stm32.7-2018-q2-update.win32_1.5.0.202011040924/tools/bin/../lib/gcc/arm-none-eabi/7.3.1/thumb/v7e-m/fpv4-sp/hard\libgcc.a(_arm_unorddf2.o)
                0x0000000008000a84                __unorddf2
                0x0000000008000a84                __aeabi_dcmpun
 .text          0x0000000008000ab0       0x40 c:/st/stm32cubeide_1.5.1/stm32cubeide/plugins/com.st.stm32cube.ide.mcu.externaltools.gnu-tools-for-stm32.7-2018-q2-update.win32_1.5.0.202011040924/tools/bin/../lib/gcc/arm-none-eabi/7.3.1/thumb/v7e-m/fpv4-sp/hard\libgcc.a(_arm_fixunsdfsi.o)
                0x0000000008000ab0                __aeabi_d2uiz
                0x0000000008000ab0                __fixunsdfsi
 .text          0x0000000008000af0       0x30 c:/st/stm32cubeide_1.5.1/stm32cubeide/plugins/com.st.stm32cube.ide.mcu.externaltools.gnu-tools-for-stm32.7-2018-q2-update.win32_1.5.0.202011040924/tools/bin/../lib/gcc/arm-none-eabi/7.3.1/thumb/v7e-m/fpv4-sp/hard\libgcc.a(_aeabi_uldivmod.o)
                0x0000000008000af0                __aeabi_uldivmod
 .text          0x0000000008000b20      0x2cc c:/st/stm32cubeide_1.5.1/stm32cubeide/plugins/com.st.stm32cube.ide.mcu.externaltools.gnu-tools-for-stm32.7-2018-q2-update.win32_1.5.0.202011040924/tools/bin/../lib/gcc/arm-none-eabi/7.3.1/thumb/v7e-m/fpv4-sp/hard\libgcc.a(_udivmoddi4.o)
                0x0000000008000b20                __udivmoddi4
 .text          0x0000000008000dec        0x4 c:/st/stm32cubeide_1.5.1/stm32cubeide/plugins/com.st.stm32cube.ide.mcu.externaltools.gnu-tools-for-stm32.7-2018-q2-update.win32_1.5.0.202011040924/tools/bin/../lib/gcc/arm-none-eabi/7.3.1/thumb/v7e-m/fpv4-sp/hard\libgcc.a(_dvmd_tls.o)
                0x0000000008000dec                __aeabi_idiv0
                0x0000000008000dec                __aeabi_ldiv0
 *(.text*)
 .text.MX_DMA_Init
                0x0000000008000df0       0x70 Core/Src/dma.o
                0x0000000008000df0                MX_DMA_Init
 .text.make_dshot600_frame
                0x0000000008000e60       0xae Core/Src/dshot.o
                0x0000000008000e60                make_dshot600_frame
 *fill*         0x0000000008000f0e        0x2 
 .text.run_dshot600
                0x0000000008000f10       0xb0 Core/Src/dshot.o
                0x0000000008000f10                run_dshot600
 .text.ibus_init
                0x0000000008000fc0       0x20 Core/Src/flysky_ibus.o
                0x0000000008000fc0                ibus_init
 .text.ibus_read_channel
                0x0000000008000fe0      0x104 Core/Src/flysky_ibus.o
                0x0000000008000fe0                ibus_read_channel
 .text.MX_GPIO_Init
                0x00000000080010e4       0xd0 Core/Src/gpio.o
                0x00000000080010e4                MX_GPIO_Init
 .text.cs_high  0x00000000080011b4       0x18 Core/Src/icm_20948.o
                0x00000000080011b4                cs_high
 .text.cs_low   0x00000000080011cc       0x18 Core/Src/icm_20948.o
                0x00000000080011cc                cs_low
 .text.select_user_bank
                0x00000000080011e4       0x1c Core/Src/icm_20948.o
                0x00000000080011e4                select_user_bank
 .text.icm20948_read
                0x0000000008001200       0x54 Core/Src/icm_20948.o
                0x0000000008001200                icm20948_read
 .text.icm20948_write
                0x0000000008001254       0x48 Core/Src/icm_20948.o
                0x0000000008001254                icm20948_write
 .text.whoami_icm20948
                0x000000000800129c       0x20 Core/Src/icm_20948.o
                0x000000000800129c                whoami_icm20948
 .text.icm20948_init
                0x00000000080012bc       0x66 Core/Src/icm_20948.o
                0x00000000080012bc                icm20948_init
 *fill*         0x0000000008001322        0x2 
 .text.read_gyro_lsb
                0x0000000008001324       0xd8 Core/Src/icm_20948.o
                0x0000000008001324                read_gyro_lsb
 *fill*         0x00000000080013fc        0x4 
 .text.read_gyro_dps
                0x0000000008001400       0x80 Core/Src/icm_20948.o
                0x0000000008001400                read_gyro_dps
 .text.read_accel_lsb
                0x0000000008001480       0xd8 Core/Src/icm_20948.o
                0x0000000008001480                read_accel_lsb
 .text.read_accel_g
                0x0000000008001558       0x90 Core/Src/icm_20948.o
                0x0000000008001558                read_accel_g
 .text.calibrate_icm20948
                0x00000000080015e8      0x10c Core/Src/icm_20948.o
                0x00000000080015e8                calibrate_icm20948
 *fill*         0x00000000080016f4        0x4 
 .text.complementary_filter
                0x00000000080016f8      0x280 Core/Src/icm_20948.o
                0x00000000080016f8                complementary_filter
 .text.reset_my_variable
                0x0000000008001978       0x34 Core/Src/main.o
                0x0000000008001978                reset_my_variable
 .text.HAL_TIM_PeriodElapsedCallback
                0x00000000080019ac       0xd4 Core/Src/main.o
                0x00000000080019ac                HAL_TIM_PeriodElapsedCallback
 .text.HAL_UART_RxCpltCallback
                0x0000000008001a80       0x3c Core/Src/main.o
                0x0000000008001a80                HAL_UART_RxCpltCallback
 .text.main     0x0000000008001abc       0xa0 Core/Src/main.o
                0x0000000008001abc                main
 .text.SystemClock_Config
                0x0000000008001b5c       0xd0 Core/Src/main.o
                0x0000000008001b5c                SystemClock_Config
 .text.Error_Handler
                0x0000000008001c2c        0x8 Core/Src/main.o
                0x0000000008001c2c                Error_Handler
 .text.distribute
                0x0000000008001c34      0x1de Core/Src/pid.o
                0x0000000008001c34                distribute
 *fill*         0x0000000008001e12        0x2 
 .text.MX_SPI1_Init
                0x0000000008001e14       0x6c Core/Src/spi.o
                0x0000000008001e14                MX_SPI1_Init
 .text.HAL_SPI_MspInit
                0x0000000008001e80       0x90 Core/Src/spi.o
                0x0000000008001e80                HAL_SPI_MspInit
 .text.HAL_MspInit
                0x0000000008001f10       0x50 Core/Src/stm32f4xx_hal_msp.o
                0x0000000008001f10                HAL_MspInit
 .text.NMI_Handler
                0x0000000008001f60        0x6 Core/Src/stm32f4xx_it.o
                0x0000000008001f60                NMI_Handler
 .text.HardFault_Handler
                0x0000000008001f66        0x6 Core/Src/stm32f4xx_it.o
                0x0000000008001f66                HardFault_Handler
 .text.MemManage_Handler
                0x0000000008001f6c        0x6 Core/Src/stm32f4xx_it.o
                0x0000000008001f6c                MemManage_Handler
 .text.BusFault_Handler
                0x0000000008001f72        0x6 Core/Src/stm32f4xx_it.o
                0x0000000008001f72                BusFault_Handler
 .text.UsageFault_Handler
                0x0000000008001f78        0x6 Core/Src/stm32f4xx_it.o
                0x0000000008001f78                UsageFault_Handler
 .text.SVC_Handler
                0x0000000008001f7e        0xe Core/Src/stm32f4xx_it.o
                0x0000000008001f7e                SVC_Handler
 .text.DebugMon_Handler
                0x0000000008001f8c        0xe Core/Src/stm32f4xx_it.o
                0x0000000008001f8c                DebugMon_Handler
 .text.PendSV_Handler
                0x0000000008001f9a        0xe Core/Src/stm32f4xx_it.o
                0x0000000008001f9a                PendSV_Handler
 .text.SysTick_Handler
                0x0000000008001fa8        0xc Core/Src/stm32f4xx_it.o
                0x0000000008001fa8                SysTick_Handler
 .text.DMA1_Stream1_IRQHandler
                0x0000000008001fb4       0x14 Core/Src/stm32f4xx_it.o
                0x0000000008001fb4                DMA1_Stream1_IRQHandler
 .text.DMA1_Stream3_IRQHandler
                0x0000000008001fc8       0x14 Core/Src/stm32f4xx_it.o
                0x0000000008001fc8                DMA1_Stream3_IRQHandler
 .text.DMA1_Stream4_IRQHandler
                0x0000000008001fdc       0x14 Core/Src/stm32f4xx_it.o
                0x0000000008001fdc                DMA1_Stream4_IRQHandler
 .text.DMA1_Stream5_IRQHandler
                0x0000000008001ff0       0x14 Core/Src/stm32f4xx_it.o
                0x0000000008001ff0                DMA1_Stream5_IRQHandler
 .text.TIM1_TRG_COM_TIM11_IRQHandler
                0x0000000008002004       0x14 Core/Src/stm32f4xx_it.o
                0x0000000008002004                TIM1_TRG_COM_TIM11_IRQHandler
 .text.USART1_IRQHandler
                0x0000000008002018       0x14 Core/Src/stm32f4xx_it.o
                0x0000000008002018                USART1_IRQHandler
 .text.SystemInit
                0x000000000800202c       0x2c Core/Src/system_stm32f4xx.o
                0x000000000800202c                SystemInit
 .text.MX_TIM2_Init
                0x0000000008002058       0xc4 Core/Src/tim.o
                0x0000000008002058                MX_TIM2_Init
 .text.MX_TIM5_Init
                0x000000000800211c       0xc8 Core/Src/tim.o
                0x000000000800211c                MX_TIM5_Init
 .text.MX_TIM11_Init
                0x00000000080021e4       0x48 Core/Src/tim.o
                0x00000000080021e4                MX_TIM11_Init
 .text.HAL_TIM_PWM_MspInit
                0x000000000800222c      0x26c Core/Src/tim.o
                0x000000000800222c                HAL_TIM_PWM_MspInit
 .text.HAL_TIM_Base_MspInit
                0x0000000008002498       0x50 Core/Src/tim.o
                0x0000000008002498                HAL_TIM_Base_MspInit
 .text.HAL_TIM_MspPostInit
                0x00000000080024e8       0xbc Core/Src/tim.o
                0x00000000080024e8                HAL_TIM_MspPostInit
 .text.MX_USART1_UART_Init
                0x00000000080025a4       0x54 Core/Src/usart.o
                0x00000000080025a4                MX_USART1_UART_Init
 .text.HAL_UART_MspInit
                0x00000000080025f8       0xa0 Core/Src/usart.o
                0x00000000080025f8                HAL_UART_MspInit
 .text.Reset_Handler
                0x0000000008002698       0x50 Core/Startup/startup_stm32f411ceux.o
                0x0000000008002698                Reset_Handler
 .text.Default_Handler
                0x00000000080026e8        0x2 Core/Startup/startup_stm32f411ceux.o
                0x00000000080026e8                RTC_Alarm_IRQHandler
                0x00000000080026e8                EXTI2_IRQHandler
                0x00000000080026e8                SPI4_IRQHandler
                0x00000000080026e8                TIM1_CC_IRQHandler
                0x00000000080026e8                DMA2_Stream5_IRQHandler
                0x00000000080026e8                PVD_IRQHandler
                0x00000000080026e8                SDIO_IRQHandler
                0x00000000080026e8                TAMP_STAMP_IRQHandler
                0x00000000080026e8                EXTI3_IRQHandler
                0x00000000080026e8                TIM1_UP_TIM10_IRQHandler
                0x00000000080026e8                I2C3_ER_IRQHandler
                0x00000000080026e8                EXTI0_IRQHandler
                0x00000000080026e8                I2C2_EV_IRQHandler
                0x00000000080026e8                DMA1_Stream2_IRQHandler
                0x00000000080026e8                FPU_IRQHandler
                0x00000000080026e8                DMA2_Stream2_IRQHandler
                0x00000000080026e8                SPI1_IRQHandler
                0x00000000080026e8                TIM1_BRK_TIM9_IRQHandler
                0x00000000080026e8                DMA2_Stream3_IRQHandler
                0x00000000080026e8                USART6_IRQHandler
                0x00000000080026e8                DMA2_Stream0_IRQHandler
                0x00000000080026e8                TIM4_IRQHandler
                0x00000000080026e8                I2C1_EV_IRQHandler
                0x00000000080026e8                DMA1_Stream6_IRQHandler
                0x00000000080026e8                TIM3_IRQHandler
                0x00000000080026e8                RCC_IRQHandler
                0x00000000080026e8                Default_Handler
                0x00000000080026e8                EXTI15_10_IRQHandler
                0x00000000080026e8                ADC_IRQHandler
                0x00000000080026e8                DMA1_Stream7_IRQHandler
                0x00000000080026e8                SPI5_IRQHandler
                0x00000000080026e8                TIM5_IRQHandler
                0x00000000080026e8                DMA2_Stream7_IRQHandler
                0x00000000080026e8                I2C3_EV_IRQHandler
                0x00000000080026e8                EXTI9_5_IRQHandler
                0x00000000080026e8                RTC_WKUP_IRQHandler
                0x00000000080026e8                SPI2_IRQHandler
                0x00000000080026e8                DMA1_Stream0_IRQHandler
                0x00000000080026e8                EXTI4_IRQHandler
                0x00000000080026e8                WWDG_IRQHandler
                0x00000000080026e8                TIM2_IRQHandler
                0x00000000080026e8                OTG_FS_WKUP_IRQHandler
                0x00000000080026e8                EXTI1_IRQHandler
                0x00000000080026e8                USART2_IRQHandler
                0x00000000080026e8                I2C2_ER_IRQHandler
                0x00000000080026e8                DMA2_Stream1_IRQHandler
                0x00000000080026e8                FLASH_IRQHandler
                0x00000000080026e8                DMA2_Stream4_IRQHandler
                0x00000000080026e8                OTG_FS_IRQHandler
                0x00000000080026e8                SPI3_IRQHandler
                0x00000000080026e8                I2C1_ER_IRQHandler
                0x00000000080026e8                DMA2_Stream6_IRQHandler
 *fill*         0x00000000080026ea        0x2 
 .text.HAL_Init
                0x00000000080026ec       0x44 Drivers/STM32F4xx_HAL_Driver/Src/stm32f4xx_hal.o
                0x00000000080026ec                HAL_Init
 .text.HAL_InitTick
                0x0000000008002730       0x60 Drivers/STM32F4xx_HAL_Driver/Src/stm32f4xx_hal.o
                0x0000000008002730                HAL_InitTick
 .text.HAL_IncTick
                0x0000000008002790       0x28 Drivers/STM32F4xx_HAL_Driver/Src/stm32f4xx_hal.o
                0x0000000008002790                HAL_IncTick
 .text.HAL_GetTick
                0x00000000080027b8       0x18 Drivers/STM32F4xx_HAL_Driver/Src/stm32f4xx_hal.o
                0x00000000080027b8                HAL_GetTick
 .text.HAL_Delay
                0x00000000080027d0       0x44 Drivers/STM32F4xx_HAL_Driver/Src/stm32f4xx_hal.o
                0x00000000080027d0                HAL_Delay
 .text.__NVIC_SetPriorityGrouping
                0x0000000008002814       0x48 Drivers/STM32F4xx_HAL_Driver/Src/stm32f4xx_hal_cortex.o
 .text.__NVIC_GetPriorityGrouping
                0x000000000800285c       0x1c Drivers/STM32F4xx_HAL_Driver/Src/stm32f4xx_hal_cortex.o
 .text.__NVIC_EnableIRQ
                0x0000000008002878       0x3c Drivers/STM32F4xx_HAL_Driver/Src/stm32f4xx_hal_cortex.o
 .text.__NVIC_SetPriority
                0x00000000080028b4       0x54 Drivers/STM32F4xx_HAL_Driver/Src/stm32f4xx_hal_cortex.o
 .text.NVIC_EncodePriority
                0x0000000008002908       0x66 Drivers/STM32F4xx_HAL_Driver/Src/stm32f4xx_hal_cortex.o
 *fill*         0x000000000800296e        0x2 
 .text.SysTick_Config
                0x0000000008002970       0x44 Drivers/STM32F4xx_HAL_Driver/Src/stm32f4xx_hal_cortex.o
 .text.HAL_NVIC_SetPriorityGrouping
                0x00000000080029b4       0x16 Drivers/STM32F4xx_HAL_Driver/Src/stm32f4xx_hal_cortex.o
                0x00000000080029b4                HAL_NVIC_SetPriorityGrouping
 .text.HAL_NVIC_SetPriority
                0x00000000080029ca       0x38 Drivers/STM32F4xx_HAL_Driver/Src/stm32f4xx_hal_cortex.o
                0x00000000080029ca                HAL_NVIC_SetPriority
 .text.HAL_NVIC_EnableIRQ
                0x0000000008002a02       0x1c Drivers/STM32F4xx_HAL_Driver/Src/stm32f4xx_hal_cortex.o
                0x0000000008002a02                HAL_NVIC_EnableIRQ
 .text.HAL_SYSTICK_Config
                0x0000000008002a1e       0x18 Drivers/STM32F4xx_HAL_Driver/Src/stm32f4xx_hal_cortex.o
                0x0000000008002a1e                HAL_SYSTICK_Config
 *fill*         0x0000000008002a36        0x2 
 .text.HAL_DMA_Init
                0x0000000008002a38      0x15c Drivers/STM32F4xx_HAL_Driver/Src/stm32f4xx_hal_dma.o
                0x0000000008002a38                HAL_DMA_Init
 .text.HAL_DMA_Start_IT
                0x0000000008002b94       0xb0 Drivers/STM32F4xx_HAL_Driver/Src/stm32f4xx_hal_dma.o
                0x0000000008002b94                HAL_DMA_Start_IT
 .text.HAL_DMA_Abort_IT
                0x0000000008002c44       0x44 Drivers/STM32F4xx_HAL_Driver/Src/stm32f4xx_hal_dma.o
                0x0000000008002c44                HAL_DMA_Abort_IT
 .text.HAL_DMA_IRQHandler
                0x0000000008002c88      0x314 Drivers/STM32F4xx_HAL_Driver/Src/stm32f4xx_hal_dma.o
                0x0000000008002c88                HAL_DMA_IRQHandler
 .text.DMA_SetConfig
                0x0000000008002f9c       0x5c Drivers/STM32F4xx_HAL_Driver/Src/stm32f4xx_hal_dma.o
 .text.DMA_CalcBaseAndBitshift
                0x0000000008002ff8       0x6c Drivers/STM32F4xx_HAL_Driver/Src/stm32f4xx_hal_dma.o
 .text.DMA_CheckFifoParam
                0x0000000008003064       0xf4 Drivers/STM32F4xx_HAL_Driver/Src/stm32f4xx_hal_dma.o
 .text.HAL_GPIO_Init
                0x0000000008003158      0x304 Drivers/STM32F4xx_HAL_Driver/Src/stm32f4xx_hal_gpio.o
                0x0000000008003158                HAL_GPIO_Init
 .text.HAL_GPIO_WritePin
                0x000000000800345c       0x32 Drivers/STM32F4xx_HAL_Driver/Src/stm32f4xx_hal_gpio.o
                0x000000000800345c                HAL_GPIO_WritePin
 .text.HAL_GPIO_TogglePin
                0x000000000800348e       0x36 Drivers/STM32F4xx_HAL_Driver/Src/stm32f4xx_hal_gpio.o
                0x000000000800348e                HAL_GPIO_TogglePin
 .text.HAL_RCC_OscConfig
                0x00000000080034c4      0x4e0 Drivers/STM32F4xx_HAL_Driver/Src/stm32f4xx_hal_rcc.o
                0x00000000080034c4                HAL_RCC_OscConfig
 .text.HAL_RCC_ClockConfig
                0x00000000080039a4      0x1cc Drivers/STM32F4xx_HAL_Driver/Src/stm32f4xx_hal_rcc.o
                0x00000000080039a4                HAL_RCC_ClockConfig
 .text.HAL_RCC_GetSysClockFreq
                0x0000000008003b70      0x164 Drivers/STM32F4xx_HAL_Driver/Src/stm32f4xx_hal_rcc.o
                0x0000000008003b70                HAL_RCC_GetSysClockFreq
 .text.HAL_RCC_GetHCLKFreq
                0x0000000008003cd4       0x18 Drivers/STM32F4xx_HAL_Driver/Src/stm32f4xx_hal_rcc.o
                0x0000000008003cd4                HAL_RCC_GetHCLKFreq
 .text.HAL_RCC_GetPCLK1Freq
                0x0000000008003cec       0x28 Drivers/STM32F4xx_HAL_Driver/Src/stm32f4xx_hal_rcc.o
                0x0000000008003cec                HAL_RCC_GetPCLK1Freq
 .text.HAL_RCC_GetPCLK2Freq
                0x0000000008003d14       0x28 Drivers/STM32F4xx_HAL_Driver/Src/stm32f4xx_hal_rcc.o
                0x0000000008003d14                HAL_RCC_GetPCLK2Freq
 .text.HAL_SPI_Init
                0x0000000008003d3c       0xc8 Drivers/STM32F4xx_HAL_Driver/Src/stm32f4xx_hal_spi.o
                0x0000000008003d3c                HAL_SPI_Init
 .text.HAL_SPI_Transmit
                0x0000000008003e04      0x268 Drivers/STM32F4xx_HAL_Driver/Src/stm32f4xx_hal_spi.o
                0x0000000008003e04                HAL_SPI_Transmit
 .text.HAL_SPI_Receive
                0x000000000800406c      0x212 Drivers/STM32F4xx_HAL_Driver/Src/stm32f4xx_hal_spi.o
                0x000000000800406c                HAL_SPI_Receive
 .text.HAL_SPI_TransmitReceive
                0x000000000800427e      0x344 Drivers/STM32F4xx_HAL_Driver/Src/stm32f4xx_hal_spi.o
                0x000000000800427e                HAL_SPI_TransmitReceive
 .text.SPI_WaitFlagStateUntilTimeout
                0x00000000080045c2       0xd4 Drivers/STM32F4xx_HAL_Driver/Src/stm32f4xx_hal_spi.o
 .text.SPI_EndRxTransaction
                0x0000000008004696       0xca Drivers/STM32F4xx_HAL_Driver/Src/stm32f4xx_hal_spi.o
 .text.SPI_EndRxTxTransaction
                0x0000000008004760       0x84 Drivers/STM32F4xx_HAL_Driver/Src/stm32f4xx_hal_spi.o
 .text.HAL_TIM_Base_Init
                0x00000000080047e4       0x56 Drivers/STM32F4xx_HAL_Driver/Src/stm32f4xx_hal_tim.o
                0x00000000080047e4                HAL_TIM_Base_Init
 .text.HAL_TIM_Base_Start_IT
                0x000000000800483a       0x48 Drivers/STM32F4xx_HAL_Driver/Src/stm32f4xx_hal_tim.o
                0x000000000800483a                HAL_TIM_Base_Start_IT
 .text.HAL_TIM_PWM_Init
                0x0000000008004882       0x56 Drivers/STM32F4xx_HAL_Driver/Src/stm32f4xx_hal_tim.o
                0x0000000008004882                HAL_TIM_PWM_Init
 .text.HAL_TIM_PWM_Start_DMA
                0x00000000080048d8      0x20c Drivers/STM32F4xx_HAL_Driver/Src/stm32f4xx_hal_tim.o
                0x00000000080048d8                HAL_TIM_PWM_Start_DMA
 .text.HAL_TIM_IRQHandler
                0x0000000008004ae4      0x210 Drivers/STM32F4xx_HAL_Driver/Src/stm32f4xx_hal_tim.o
                0x0000000008004ae4                HAL_TIM_IRQHandler
 .text.HAL_TIM_PWM_ConfigChannel
                0x0000000008004cf4      0x18c Drivers/STM32F4xx_HAL_Driver/Src/stm32f4xx_hal_tim.o
                0x0000000008004cf4                HAL_TIM_PWM_ConfigChannel
 .text.HAL_TIM_OC_DelayElapsedCallback
                0x0000000008004e80       0x14 Drivers/STM32F4xx_HAL_Driver/Src/stm32f4xx_hal_tim.o
                0x0000000008004e80                HAL_TIM_OC_DelayElapsedCallback
 .text.HAL_TIM_IC_CaptureCallback
                0x0000000008004e94       0x14 Drivers/STM32F4xx_HAL_Driver/Src/stm32f4xx_hal_tim.o
                0x0000000008004e94                HAL_TIM_IC_CaptureCallback
 .text.HAL_TIM_PWM_PulseFinishedCallback
                0x0000000008004ea8       0x14 Drivers/STM32F4xx_HAL_Driver/Src/stm32f4xx_hal_tim.o
                0x0000000008004ea8                HAL_TIM_PWM_PulseFinishedCallback
 .text.HAL_TIM_PWM_PulseFinishedHalfCpltCallback
                0x0000000008004ebc       0x14 Drivers/STM32F4xx_HAL_Driver/Src/stm32f4xx_hal_tim.o
                0x0000000008004ebc                HAL_TIM_PWM_PulseFinishedHalfCpltCallback
 .text.HAL_TIM_TriggerCallback
                0x0000000008004ed0       0x14 Drivers/STM32F4xx_HAL_Driver/Src/stm32f4xx_hal_tim.o
                0x0000000008004ed0                HAL_TIM_TriggerCallback
 .text.HAL_TIM_ErrorCallback
                0x0000000008004ee4       0x14 Drivers/STM32F4xx_HAL_Driver/Src/stm32f4xx_hal_tim.o
                0x0000000008004ee4                HAL_TIM_ErrorCallback
 .text.TIM_DMAError
                0x0000000008004ef8       0x24 Drivers/STM32F4xx_HAL_Driver/Src/stm32f4xx_hal_tim.o
                0x0000000008004ef8                TIM_DMAError
 .text.TIM_DMADelayPulseCplt
                0x0000000008004f1c       0x70 Drivers/STM32F4xx_HAL_Driver/Src/stm32f4xx_hal_tim.o
                0x0000000008004f1c                TIM_DMADelayPulseCplt
 .text.TIM_DMADelayPulseHalfCplt
                0x0000000008004f8c       0x70 Drivers/STM32F4xx_HAL_Driver/Src/stm32f4xx_hal_tim.o
                0x0000000008004f8c                TIM_DMADelayPulseHalfCplt
 .text.TIM_Base_SetConfig
                0x0000000008004ffc      0x100 Drivers/STM32F4xx_HAL_Driver/Src/stm32f4xx_hal_tim.o
                0x0000000008004ffc                TIM_Base_SetConfig
 .text.TIM_OC1_SetConfig
                0x00000000080050fc       0xcc Drivers/STM32F4xx_HAL_Driver/Src/stm32f4xx_hal_tim.o
 .text.TIM_OC2_SetConfig
                0x00000000080051c8       0xd8 Drivers/STM32F4xx_HAL_Driver/Src/stm32f4xx_hal_tim.o
                0x00000000080051c8                TIM_OC2_SetConfig
 .text.TIM_OC3_SetConfig
                0x00000000080052a0       0xd4 Drivers/STM32F4xx_HAL_Driver/Src/stm32f4xx_hal_tim.o
 .text.TIM_OC4_SetConfig
                0x0000000008005374       0xa0 Drivers/STM32F4xx_HAL_Driver/Src/stm32f4xx_hal_tim.o
 .text.TIM_CCxChannelCmd
                0x0000000008005414       0x4a Drivers/STM32F4xx_HAL_Driver/Src/stm32f4xx_hal_tim.o
                0x0000000008005414                TIM_CCxChannelCmd
 *fill*         0x000000000800545e        0x2 
 .text.HAL_TIMEx_MasterConfigSynchronization
                0x0000000008005460       0xdc Drivers/STM32F4xx_HAL_Driver/Src/stm32f4xx_hal_tim_ex.o
                0x0000000008005460                HAL_TIMEx_MasterConfigSynchronization
 .text.HAL_TIMEx_CommutCallback
                0x000000000800553c       0x14 Drivers/STM32F4xx_HAL_Driver/Src/stm32f4xx_hal_tim_ex.o
                0x000000000800553c                HAL_TIMEx_CommutCallback
 .text.HAL_TIMEx_BreakCallback
                0x0000000008005550       0x14 Drivers/STM32F4xx_HAL_Driver/Src/stm32f4xx_hal_tim_ex.o
                0x0000000008005550                HAL_TIMEx_BreakCallback
 .text.HAL_UART_Init
                0x0000000008005564       0x9a Drivers/STM32F4xx_HAL_Driver/Src/stm32f4xx_hal_uart.o
                0x0000000008005564                HAL_UART_Init
 .text.HAL_UART_Receive_IT
                0x00000000080055fe       0xaa Drivers/STM32F4xx_HAL_Driver/Src/stm32f4xx_hal_uart.o
                0x00000000080055fe                HAL_UART_Receive_IT
 .text.HAL_UART_IRQHandler
                0x00000000080056a8      0x200 Drivers/STM32F4xx_HAL_Driver/Src/stm32f4xx_hal_uart.o
                0x00000000080056a8                HAL_UART_IRQHandler
 .text.HAL_UART_TxCpltCallback
                0x00000000080058a8       0x14 Drivers/STM32F4xx_HAL_Driver/Src/stm32f4xx_hal_uart.o
                0x00000000080058a8                HAL_UART_TxCpltCallback
 .text.HAL_UART_ErrorCallback
                0x00000000080058bc       0x14 Drivers/STM32F4xx_HAL_Driver/Src/stm32f4xx_hal_uart.o
                0x00000000080058bc                HAL_UART_ErrorCallback
 .text.UART_EndRxTransfer
                0x00000000080058d0       0x3c Drivers/STM32F4xx_HAL_Driver/Src/stm32f4xx_hal_uart.o
 .text.UART_DMAAbortOnError
                0x000000000800590c       0x28 Drivers/STM32F4xx_HAL_Driver/Src/stm32f4xx_hal_uart.o
 .text.UART_Transmit_IT
                0x0000000008005934       0xac Drivers/STM32F4xx_HAL_Driver/Src/stm32f4xx_hal_uart.o
 .text.UART_EndTransmit_IT
                0x00000000080059e0       0x30 Drivers/STM32F4xx_HAL_Driver/Src/stm32f4xx_hal_uart.o
 .text.UART_Receive_IT
                0x0000000008005a10      0x102 Drivers/STM32F4xx_HAL_Driver/Src/stm32f4xx_hal_uart.o
 *fill*         0x0000000008005b12        0x2 
 .text.UART_SetConfig
                0x0000000008005b14      0x6f8 Drivers/STM32F4xx_HAL_Driver/Src/stm32f4xx_hal_uart.o
 .text.__errno  0x000000000800620c        0xc c:/st/stm32cubeide_1.5.1/stm32cubeide/plugins/com.st.stm32cube.ide.mcu.externaltools.gnu-tools-for-stm32.7-2018-q2-update.win32_1.5.0.202011040924/tools/bin/../lib/gcc/arm-none-eabi/7.3.1/../../../../arm-none-eabi/lib/thumb/v7e-m/fpv4-sp/hard\libc_nano.a(lib_a-errno.o)
                0x000000000800620c                __errno
 .text.__libc_init_array
                0x0000000008006218       0x48 c:/st/stm32cubeide_1.5.1/stm32cubeide/plugins/com.st.stm32cube.ide.mcu.externaltools.gnu-tools-for-stm32.7-2018-q2-update.win32_1.5.0.202011040924/tools/bin/../lib/gcc/arm-none-eabi/7.3.1/../../../../arm-none-eabi/lib/thumb/v7e-m/fpv4-sp/hard\libc_nano.a(lib_a-init.o)
                0x0000000008006218                __libc_init_array
 .text.memset   0x0000000008006260       0x10 c:/st/stm32cubeide_1.5.1/stm32cubeide/plugins/com.st.stm32cube.ide.mcu.externaltools.gnu-tools-for-stm32.7-2018-q2-update.win32_1.5.0.202011040924/tools/bin/../lib/gcc/arm-none-eabi/7.3.1/../../../../arm-none-eabi/lib/thumb/v7e-m/fpv4-sp/hard\libc_nano.a(lib_a-memset.o)
                0x0000000008006260                memset
 .text.atan     0x0000000008006270      0x340 c:/st/stm32cubeide_1.5.1/stm32cubeide/plugins/com.st.stm32cube.ide.mcu.externaltools.gnu-tools-for-stm32.7-2018-q2-update.win32_1.5.0.202011040924/tools/bin/../lib/gcc/arm-none-eabi/7.3.1/../../../../arm-none-eabi/lib/thumb/v7e-m/fpv4-sp/hard\libm.a(lib_a-s_atan.o)
                0x0000000008006270                atan
 .text.fabs     0x00000000080065b0       0x12 c:/st/stm32cubeide_1.5.1/stm32cubeide/plugins/com.st.stm32cube.ide.mcu.externaltools.gnu-tools-for-stm32.7-2018-q2-update.win32_1.5.0.202011040924/tools/bin/../lib/gcc/arm-none-eabi/7.3.1/../../../../arm-none-eabi/lib/thumb/v7e-m/fpv4-sp/hard\libm.a(lib_a-s_fabs.o)
                0x00000000080065b0                fabs
 *fill*         0x00000000080065c2        0x2 
 .text.pow      0x00000000080065c4      0x2e0 c:/st/stm32cubeide_1.5.1/stm32cubeide/plugins/com.st.stm32cube.ide.mcu.externaltools.gnu-tools-for-stm32.7-2018-q2-update.win32_1.5.0.202011040924/tools/bin/../lib/gcc/arm-none-eabi/7.3.1/../../../../arm-none-eabi/lib/thumb/v7e-m/fpv4-sp/hard\libm.a(lib_a-w_pow.o)
                0x00000000080065c4                pow
 .text.sqrt     0x00000000080068a4       0xb4 c:/st/stm32cubeide_1.5.1/stm32cubeide/plugins/com.st.stm32cube.ide.mcu.externaltools.gnu-tools-for-stm32.7-2018-q2-update.win32_1.5.0.202011040924/tools/bin/../lib/gcc/arm-none-eabi/7.3.1/../../../../arm-none-eabi/lib/thumb/v7e-m/fpv4-sp/hard\libm.a(lib_a-w_sqrt.o)
                0x00000000080068a4                sqrt
 .text.__ieee754_pow
                0x0000000008006958      0xa1c c:/st/stm32cubeide_1.5.1/stm32cubeide/plugins/com.st.stm32cube.ide.mcu.externaltools.gnu-tools-for-stm32.7-2018-q2-update.win32_1.5.0.202011040924/tools/bin/../lib/gcc/arm-none-eabi/7.3.1/../../../../arm-none-eabi/lib/thumb/v7e-m/fpv4-sp/hard\libm.a(lib_a-e_pow.o)
                0x0000000008006958                __ieee754_pow
 .text.__ieee754_sqrt
                0x0000000008007374      0x160 c:/st/stm32cubeide_1.5.1/stm32cubeide/plugins/com.st.stm32cube.ide.mcu.externaltools.gnu-tools-for-stm32.7-2018-q2-update.win32_1.5.0.202011040924/tools/bin/../lib/gcc/arm-none-eabi/7.3.1/../../../../arm-none-eabi/lib/thumb/v7e-m/fpv4-sp/hard\libm.a(lib_a-e_sqrt.o)
                0x0000000008007374                __ieee754_sqrt
 .text.finite   0x00000000080074d4       0x10 c:/st/stm32cubeide_1.5.1/stm32cubeide/plugins/com.st.stm32cube.ide.mcu.externaltools.gnu-tools-for-stm32.7-2018-q2-update.win32_1.5.0.202011040924/tools/bin/../lib/gcc/arm-none-eabi/7.3.1/../../../../arm-none-eabi/lib/thumb/v7e-m/fpv4-sp/hard\libm.a(lib_a-s_finite.o)
                0x00000000080074d4                finite
 .text.matherr  0x00000000080074e4        0x4 c:/st/stm32cubeide_1.5.1/stm32cubeide/plugins/com.st.stm32cube.ide.mcu.externaltools.gnu-tools-for-stm32.7-2018-q2-update.win32_1.5.0.202011040924/tools/bin/../lib/gcc/arm-none-eabi/7.3.1/../../../../arm-none-eabi/lib/thumb/v7e-m/fpv4-sp/hard\libm.a(lib_a-s_matherr.o)
                0x00000000080074e4                matherr
 .text.nan      0x00000000080074e8       0x10 c:/st/stm32cubeide_1.5.1/stm32cubeide/plugins/com.st.stm32cube.ide.mcu.externaltools.gnu-tools-for-stm32.7-2018-q2-update.win32_1.5.0.202011040924/tools/bin/../lib/gcc/arm-none-eabi/7.3.1/../../../../arm-none-eabi/lib/thumb/v7e-m/fpv4-sp/hard\libm.a(lib_a-s_nan.o)
                0x00000000080074e8                nan
 .text.rint     0x00000000080074f8      0x108 c:/st/stm32cubeide_1.5.1/stm32cubeide/plugins/com.st.stm32cube.ide.mcu.externaltools.gnu-tools-for-stm32.7-2018-q2-update.win32_1.5.0.202011040924/tools/bin/../lib/gcc/arm-none-eabi/7.3.1/../../../../arm-none-eabi/lib/thumb/v7e-m/fpv4-sp/hard\libm.a(lib_a-s_rint.o)
                0x00000000080074f8                rint
 .text.scalbn   0x0000000008007600       0xec c:/st/stm32cubeide_1.5.1/stm32cubeide/plugins/com.st.stm32cube.ide.mcu.externaltools.gnu-tools-for-stm32.7-2018-q2-update.win32_1.5.0.202011040924/tools/bin/../lib/gcc/arm-none-eabi/7.3.1/../../../../arm-none-eabi/lib/thumb/v7e-m/fpv4-sp/hard\libm.a(lib_a-s_scalbn.o)
                0x0000000008007600                scalbn
 .text.copysign
                0x00000000080076ec       0x1e c:/st/stm32cubeide_1.5.1/stm32cubeide/plugins/com.st.stm32cube.ide.mcu.externaltools.gnu-tools-for-stm32.7-2018-q2-update.win32_1.5.0.202011040924/tools/bin/../lib/gcc/arm-none-eabi/7.3.1/../../../../arm-none-eabi/lib/thumb/v7e-m/fpv4-sp/hard\libm.a(lib_a-s_copysign.o)
                0x00000000080076ec                copysign
 *(.glue_7)
 .glue_7        0x000000000800770a        0x0 linker stubs
 *(.glue_7t)
 .glue_7t       0x000000000800770a        0x0 linker stubs
 *(.eh_frame)
 *fill*         0x000000000800770a        0x2 
 .eh_frame      0x000000000800770c        0x0 c:/st/stm32cubeide_1.5.1/stm32cubeide/plugins/com.st.stm32cube.ide.mcu.externaltools.gnu-tools-for-stm32.7-2018-q2-update.win32_1.5.0.202011040924/tools/bin/../lib/gcc/arm-none-eabi/7.3.1/thumb/v7e-m/fpv4-sp/hard/crtbegin.o
 *(.init)
 .init          0x000000000800770c        0x4 c:/st/stm32cubeide_1.5.1/stm32cubeide/plugins/com.st.stm32cube.ide.mcu.externaltools.gnu-tools-for-stm32.7-2018-q2-update.win32_1.5.0.202011040924/tools/bin/../lib/gcc/arm-none-eabi/7.3.1/thumb/v7e-m/fpv4-sp/hard/crti.o
                0x000000000800770c                _init
 .init          0x0000000008007710        0x8 c:/st/stm32cubeide_1.5.1/stm32cubeide/plugins/com.st.stm32cube.ide.mcu.externaltools.gnu-tools-for-stm32.7-2018-q2-update.win32_1.5.0.202011040924/tools/bin/../lib/gcc/arm-none-eabi/7.3.1/thumb/v7e-m/fpv4-sp/hard/crtn.o
 *(.fini)
 .fini          0x0000000008007718        0x4 c:/st/stm32cubeide_1.5.1/stm32cubeide/plugins/com.st.stm32cube.ide.mcu.externaltools.gnu-tools-for-stm32.7-2018-q2-update.win32_1.5.0.202011040924/tools/bin/../lib/gcc/arm-none-eabi/7.3.1/thumb/v7e-m/fpv4-sp/hard/crti.o
                0x0000000008007718                _fini
 .fini          0x000000000800771c        0x8 c:/st/stm32cubeide_1.5.1/stm32cubeide/plugins/com.st.stm32cube.ide.mcu.externaltools.gnu-tools-for-stm32.7-2018-q2-update.win32_1.5.0.202011040924/tools/bin/../lib/gcc/arm-none-eabi/7.3.1/thumb/v7e-m/fpv4-sp/hard/crtn.o
                0x0000000008007724                . = ALIGN (0x4)
                0x0000000008007724                _etext = .

.vfp11_veneer   0x0000000008007724        0x0
 .vfp11_veneer  0x0000000008007724        0x0 linker stubs

.v4_bx          0x0000000008007724        0x0
 .v4_bx         0x0000000008007724        0x0 linker stubs

.iplt           0x0000000008007724        0x0
 .iplt          0x0000000008007724        0x0 c:/st/stm32cubeide_1.5.1/stm32cubeide/plugins/com.st.stm32cube.ide.mcu.externaltools.gnu-tools-for-stm32.7-2018-q2-update.win32_1.5.0.202011040924/tools/bin/../lib/gcc/arm-none-eabi/7.3.1/thumb/v7e-m/fpv4-sp/hard/crtbegin.o

.rodata         0x0000000008007728       0xb0
                0x0000000008007728                . = ALIGN (0x4)
 *(.rodata)
 *(.rodata*)
 .rodata.AHBPrescTable
                0x0000000008007728       0x10 Core/Src/system_stm32f4xx.o
                0x0000000008007728                AHBPrescTable
 .rodata.APBPrescTable
                0x0000000008007738        0x8 Core/Src/system_stm32f4xx.o
                0x0000000008007738                APBPrescTable
 .rodata.flagBitshiftOffset.8083
                0x0000000008007740        0x8 Drivers/STM32F4xx_HAL_Driver/Src/stm32f4xx_hal_dma.o
 .rodata.atanhi
                0x0000000008007748       0x20 c:/st/stm32cubeide_1.5.1/stm32cubeide/plugins/com.st.stm32cube.ide.mcu.externaltools.gnu-tools-for-stm32.7-2018-q2-update.win32_1.5.0.202011040924/tools/bin/../lib/gcc/arm-none-eabi/7.3.1/../../../../arm-none-eabi/lib/thumb/v7e-m/fpv4-sp/hard\libm.a(lib_a-s_atan.o)
 .rodata.atanlo
                0x0000000008007768       0x20 c:/st/stm32cubeide_1.5.1/stm32cubeide/plugins/com.st.stm32cube.ide.mcu.externaltools.gnu-tools-for-stm32.7-2018-q2-update.win32_1.5.0.202011040924/tools/bin/../lib/gcc/arm-none-eabi/7.3.1/../../../../arm-none-eabi/lib/thumb/v7e-m/fpv4-sp/hard\libm.a(lib_a-s_atan.o)
 .rodata.pow.str1.1
                0x0000000008007788        0x4 c:/st/stm32cubeide_1.5.1/stm32cubeide/plugins/com.st.stm32cube.ide.mcu.externaltools.gnu-tools-for-stm32.7-2018-q2-update.win32_1.5.0.202011040924/tools/bin/../lib/gcc/arm-none-eabi/7.3.1/../../../../arm-none-eabi/lib/thumb/v7e-m/fpv4-sp/hard\libm.a(lib_a-w_pow.o)
 .rodata.sqrt.str1.1
                0x000000000800778c        0x5 c:/st/stm32cubeide_1.5.1/stm32cubeide/plugins/com.st.stm32cube.ide.mcu.externaltools.gnu-tools-for-stm32.7-2018-q2-update.win32_1.5.0.202011040924/tools/bin/../lib/gcc/arm-none-eabi/7.3.1/../../../../arm-none-eabi/lib/thumb/v7e-m/fpv4-sp/hard\libm.a(lib_a-w_sqrt.o)
 .rodata.__ieee754_pow.str1.1
                0x0000000008007791        0x5 c:/st/stm32cubeide_1.5.1/stm32cubeide/plugins/com.st.stm32cube.ide.mcu.externaltools.gnu-tools-for-stm32.7-2018-q2-update.win32_1.5.0.202011040924/tools/bin/../lib/gcc/arm-none-eabi/7.3.1/../../../../arm-none-eabi/lib/thumb/v7e-m/fpv4-sp/hard\libm.a(lib_a-e_pow.o)
                                          0x1 (size before relaxing)
 *fill*         0x0000000008007791        0x7 
 .rodata.bp     0x0000000008007798       0x10 c:/st/stm32cubeide_1.5.1/stm32cubeide/plugins/com.st.stm32cube.ide.mcu.externaltools.gnu-tools-for-stm32.7-2018-q2-update.win32_1.5.0.202011040924/tools/bin/../lib/gcc/arm-none-eabi/7.3.1/../../../../arm-none-eabi/lib/thumb/v7e-m/fpv4-sp/hard\libm.a(lib_a-e_pow.o)
 .rodata.dp_h   0x00000000080077a8       0x10 c:/st/stm32cubeide_1.5.1/stm32cubeide/plugins/com.st.stm32cube.ide.mcu.externaltools.gnu-tools-for-stm32.7-2018-q2-update.win32_1.5.0.202011040924/tools/bin/../lib/gcc/arm-none-eabi/7.3.1/../../../../arm-none-eabi/lib/thumb/v7e-m/fpv4-sp/hard\libm.a(lib_a-e_pow.o)
 .rodata.dp_l   0x00000000080077b8       0x10 c:/st/stm32cubeide_1.5.1/stm32cubeide/plugins/com.st.stm32cube.ide.mcu.externaltools.gnu-tools-for-stm32.7-2018-q2-update.win32_1.5.0.202011040924/tools/bin/../lib/gcc/arm-none-eabi/7.3.1/../../../../arm-none-eabi/lib/thumb/v7e-m/fpv4-sp/hard\libm.a(lib_a-e_pow.o)
 .rodata.TWO52  0x00000000080077c8       0x10 c:/st/stm32cubeide_1.5.1/stm32cubeide/plugins/com.st.stm32cube.ide.mcu.externaltools.gnu-tools-for-stm32.7-2018-q2-update.win32_1.5.0.202011040924/tools/bin/../lib/gcc/arm-none-eabi/7.3.1/../../../../arm-none-eabi/lib/thumb/v7e-m/fpv4-sp/hard\libm.a(lib_a-s_rint.o)
                0x00000000080077d8                . = ALIGN (0x4)

.ARM.extab      0x00000000080077d8        0x0
                0x00000000080077d8                . = ALIGN (0x4)
 *(.ARM.extab* .gnu.linkonce.armextab.*)
                0x00000000080077d8                . = ALIGN (0x4)

.ARM            0x00000000080077d8        0x8
                0x00000000080077d8                . = ALIGN (0x4)
                0x00000000080077d8                __exidx_start = .
 *(.ARM.exidx*)
 .ARM.exidx     0x00000000080077d8        0x8 c:/st/stm32cubeide_1.5.1/stm32cubeide/plugins/com.st.stm32cube.ide.mcu.externaltools.gnu-tools-for-stm32.7-2018-q2-update.win32_1.5.0.202011040924/tools/bin/../lib/gcc/arm-none-eabi/7.3.1/thumb/v7e-m/fpv4-sp/hard\libgcc.a(_udivmoddi4.o)
                0x00000000080077e0                __exidx_end = .
                0x00000000080077e0                . = ALIGN (0x4)

.rel.dyn        0x00000000080077e0        0x0
 .rel.iplt      0x00000000080077e0        0x0 c:/st/stm32cubeide_1.5.1/stm32cubeide/plugins/com.st.stm32cube.ide.mcu.externaltools.gnu-tools-for-stm32.7-2018-q2-update.win32_1.5.0.202011040924/tools/bin/../lib/gcc/arm-none-eabi/7.3.1/thumb/v7e-m/fpv4-sp/hard/crtbegin.o

.preinit_array  0x00000000080077e0        0x0
                0x00000000080077e0                . = ALIGN (0x4)
                0x00000000080077e0                PROVIDE (__preinit_array_start = .)
 *(.preinit_array*)
                0x00000000080077e0                PROVIDE (__preinit_array_end = .)
                0x00000000080077e0                . = ALIGN (0x4)

.init_array     0x00000000080077e0        0x4
                0x00000000080077e0                . = ALIGN (0x4)
                0x00000000080077e0                PROVIDE (__init_array_start = .)
 *(SORT_BY_NAME(.init_array.*))
 *(.init_array*)
 .init_array    0x00000000080077e0        0x4 c:/st/stm32cubeide_1.5.1/stm32cubeide/plugins/com.st.stm32cube.ide.mcu.externaltools.gnu-tools-for-stm32.7-2018-q2-update.win32_1.5.0.202011040924/tools/bin/../lib/gcc/arm-none-eabi/7.3.1/thumb/v7e-m/fpv4-sp/hard/crtbegin.o
                0x00000000080077e4                PROVIDE (__init_array_end = .)
                0x00000000080077e4                . = ALIGN (0x4)

.fini_array     0x00000000080077e4        0x4
                0x00000000080077e4                . = ALIGN (0x4)
                [!provide]                        PROVIDE (__fini_array_start = .)
 *(SORT_BY_NAME(.fini_array.*))
 *(.fini_array*)
 .fini_array    0x00000000080077e4        0x4 c:/st/stm32cubeide_1.5.1/stm32cubeide/plugins/com.st.stm32cube.ide.mcu.externaltools.gnu-tools-for-stm32.7-2018-q2-update.win32_1.5.0.202011040924/tools/bin/../lib/gcc/arm-none-eabi/7.3.1/thumb/v7e-m/fpv4-sp/hard/crtbegin.o
                [!provide]                        PROVIDE (__fini_array_end = .)
                0x00000000080077e8                . = ALIGN (0x4)
                0x00000000080077e8                _sidata = LOADADDR (.data)

.data           0x0000000020000000       0x74 load address 0x00000000080077e8
                0x0000000020000000                . = ALIGN (0x4)
                0x0000000020000000                _sdata = .
 *(.data)
 *(.data*)
 .data.SystemCoreClock
                0x0000000020000000        0x4 Core/Src/system_stm32f4xx.o
                0x0000000020000000                SystemCoreClock
 .data.uwTickPrio
                0x0000000020000004        0x4 Drivers/STM32F4xx_HAL_Driver/Src/stm32f4xx_hal.o
                0x0000000020000004                uwTickPrio
 .data.uwTickFreq
                0x0000000020000008        0x1 Drivers/STM32F4xx_HAL_Driver/Src/stm32f4xx_hal.o
                0x0000000020000008                uwTickFreq
 *fill*         0x0000000020000009        0x3 
 .data._impure_ptr
                0x000000002000000c        0x4 c:/st/stm32cubeide_1.5.1/stm32cubeide/plugins/com.st.stm32cube.ide.mcu.externaltools.gnu-tools-for-stm32.7-2018-q2-update.win32_1.5.0.202011040924/tools/bin/../lib/gcc/arm-none-eabi/7.3.1/../../../../arm-none-eabi/lib/thumb/v7e-m/fpv4-sp/hard\libc_nano.a(lib_a-impure.o)
                0x000000002000000c                _impure_ptr
 .data.impure_data
                0x0000000020000010       0x60 c:/st/stm32cubeide_1.5.1/stm32cubeide/plugins/com.st.stm32cube.ide.mcu.externaltools.gnu-tools-for-stm32.7-2018-q2-update.win32_1.5.0.202011040924/tools/bin/../lib/gcc/arm-none-eabi/7.3.1/../../../../arm-none-eabi/lib/thumb/v7e-m/fpv4-sp/hard\libc_nano.a(lib_a-impure.o)
 .data.__fdlib_version
                0x0000000020000070        0x1 c:/st/stm32cubeide_1.5.1/stm32cubeide/plugins/com.st.stm32cube.ide.mcu.externaltools.gnu-tools-for-stm32.7-2018-q2-update.win32_1.5.0.202011040924/tools/bin/../lib/gcc/arm-none-eabi/7.3.1/../../../../arm-none-eabi/lib/thumb/v7e-m/fpv4-sp/hard\libm.a(lib_a-s_lib_ver.o)
                0x0000000020000070                __fdlib_version
 *(.RamFunc)
 *(.RamFunc*)
                0x0000000020000074                . = ALIGN (0x4)
 *fill*         0x0000000020000071        0x3 
                0x0000000020000074                _edata = .

.igot.plt       0x0000000020000074        0x0 load address 0x000000000800785c
 .igot.plt      0x0000000020000074        0x0 c:/st/stm32cubeide_1.5.1/stm32cubeide/plugins/com.st.stm32cube.ide.mcu.externaltools.gnu-tools-for-stm32.7-2018-q2-update.win32_1.5.0.202011040924/tools/bin/../lib/gcc/arm-none-eabi/7.3.1/thumb/v7e-m/fpv4-sp/hard/crtbegin.o
                0x0000000020000074                . = ALIGN (0x4)

.bss            0x0000000020000078      0x52c load address 0x000000000800785c
                0x0000000020000078                _sbss = .
                0x0000000020000078                __bss_start__ = _sbss
 *(.bss)
 .bss           0x0000000020000078       0x1c c:/st/stm32cubeide_1.5.1/stm32cubeide/plugins/com.st.stm32cube.ide.mcu.externaltools.gnu-tools-for-stm32.7-2018-q2-update.win32_1.5.0.202011040924/tools/bin/../lib/gcc/arm-none-eabi/7.3.1/thumb/v7e-m/fpv4-sp/hard/crtbegin.o
 *(.bss*)
 .bss.ibus_buffer
                0x0000000020000094       0x20 Core/Src/flysky_ibus.o
                0x0000000020000094                ibus_buffer
 .bss.test_channel
                0x00000000200000b4        0xc Core/Src/flysky_ibus.o
                0x00000000200000b4                test_channel
 .bss.tx_buffer
                0x00000000200000c0        0x6 Core/Src/icm_20948.o
                0x00000000200000c0                tx_buffer
 *fill*         0x00000000200000c6        0x2 
 .bss.rx_buffer
                0x00000000200000c8        0x6 Core/Src/icm_20948.o
                0x00000000200000c8                rx_buffer
 *fill*         0x00000000200000ce        0x2 
 .bss.my_offset
                0x00000000200000d0       0x1c Core/Src/icm_20948.o
                0x00000000200000d0                my_offset
 .bss.period_us
                0x00000000200000ec        0x4 Core/Src/main.o
                0x00000000200000ec                period_us
 .bss.my_icm20948
                0x00000000200000f0       0x40 Core/Src/main.o
                0x00000000200000f0                my_icm20948
 .bss.my_angle  0x0000000020000130       0x48 Core/Src/main.o
                0x0000000020000130                my_angle
 .bss.my_value  0x0000000020000178        0x8 Core/Src/main.o
                0x0000000020000178                my_value
 .bss.my_ibus_state
                0x0000000020000180        0x1 Core/Src/main.o
                0x0000000020000180                my_ibus_state
 .bss.my_ibus_check
                0x0000000020000181        0x1 Core/Src/main.o
                0x0000000020000181                my_ibus_check
 *fill*         0x0000000020000182        0x2 
 .bss.my_channel
                0x0000000020000184        0xc Core/Src/main.o
                0x0000000020000184                my_channel
 .bss.my_balancing_force
                0x0000000020000190       0x18 Core/Src/main.o
                0x0000000020000190                my_balancing_force
 *(COMMON)
 COMMON         0x00000000200001a8      0x120 Core/Src/main.o
                0x00000000200001a8                my_motors
 COMMON         0x00000000200002c8       0x58 Core/Src/spi.o
                0x00000000200002c8                hspi1
 COMMON         0x0000000020000320      0x240 Core/Src/tim.o
                0x0000000020000320                hdma_tim2_ch1
                0x0000000020000380                hdma_tim5_ch4_trig
                0x00000000200003e0                htim5
                0x0000000020000420                htim11
                0x0000000020000460                hdma_tim5_ch2
                0x00000000200004c0                hdma_tim2_ch3_up
                0x0000000020000520                htim2
 COMMON         0x0000000020000560       0x40 Core/Src/usart.o
                0x0000000020000560                huart1
 COMMON         0x00000000200005a0        0x4 Drivers/STM32F4xx_HAL_Driver/Src/stm32f4xx_hal.o
                0x00000000200005a0                uwTick
                0x00000000200005a4                . = ALIGN (0x4)
                0x00000000200005a4                _ebss = .
                0x00000000200005a4                __bss_end__ = _ebss

._user_heap_stack
                0x00000000200005a4      0x604 load address 0x000000000800785c
                0x00000000200005a8                . = ALIGN (0x8)
 *fill*         0x00000000200005a4        0x4 
                [!provide]                        PROVIDE (end = .)
                0x00000000200005a8                PROVIDE (_end = .)
                0x00000000200007a8                . = (. + _Min_Heap_Size)
 *fill*         0x00000000200005a8      0x200 
                0x0000000020000ba8                . = (. + _Min_Stack_Size)
 *fill*         0x00000000200007a8      0x400 
                0x0000000020000ba8                . = ALIGN (0x8)

/DISCARD/
 libc.a(*)
 libm.a(*)
 libgcc.a(*)

.ARM.attributes
                0x0000000000000000       0x30
 *(.ARM.attributes)
 .ARM.attributes
                0x0000000000000000       0x22 c:/st/stm32cubeide_1.5.1/stm32cubeide/plugins/com.st.stm32cube.ide.mcu.externaltools.gnu-tools-for-stm32.7-2018-q2-update.win32_1.5.0.202011040924/tools/bin/../lib/gcc/arm-none-eabi/7.3.1/thumb/v7e-m/fpv4-sp/hard/crti.o
 .ARM.attributes
                0x0000000000000022       0x34 c:/st/stm32cubeide_1.5.1/stm32cubeide/plugins/com.st.stm32cube.ide.mcu.externaltools.gnu-tools-for-stm32.7-2018-q2-update.win32_1.5.0.202011040924/tools/bin/../lib/gcc/arm-none-eabi/7.3.1/thumb/v7e-m/fpv4-sp/hard/crtbegin.o
 .ARM.attributes
                0x0000000000000056       0x39 Core/Src/dma.o
 .ARM.attributes
                0x000000000000008f       0x39 Core/Src/dshot.o
 .ARM.attributes
                0x00000000000000c8       0x39 Core/Src/flysky_ibus.o
 .ARM.attributes
                0x0000000000000101       0x39 Core/Src/gpio.o
 .ARM.attributes
                0x000000000000013a       0x39 Core/Src/icm_20948.o
 .ARM.attributes
                0x0000000000000173       0x39 Core/Src/main.o
 .ARM.attributes
                0x00000000000001ac       0x39 Core/Src/pid.o
 .ARM.attributes
                0x00000000000001e5       0x39 Core/Src/spi.o
 .ARM.attributes
                0x000000000000021e       0x39 Core/Src/stm32f4xx_hal_msp.o
 .ARM.attributes
                0x0000000000000257       0x39 Core/Src/stm32f4xx_it.o
 .ARM.attributes
                0x0000000000000290       0x39 Core/Src/system_stm32f4xx.o
 .ARM.attributes
                0x00000000000002c9       0x39 Core/Src/tim.o
 .ARM.attributes
                0x0000000000000302       0x39 Core/Src/usart.o
 .ARM.attributes
                0x000000000000033b       0x21 Core/Startup/startup_stm32f411ceux.o
 .ARM.attributes
                0x000000000000035c       0x39 Drivers/STM32F4xx_HAL_Driver/Src/stm32f4xx_hal.o
 .ARM.attributes
                0x0000000000000395       0x39 Drivers/STM32F4xx_HAL_Driver/Src/stm32f4xx_hal_cortex.o
 .ARM.attributes
                0x00000000000003ce       0x39 Drivers/STM32F4xx_HAL_Driver/Src/stm32f4xx_hal_dma.o
 .ARM.attributes
                0x0000000000000407       0x39 Drivers/STM32F4xx_HAL_Driver/Src/stm32f4xx_hal_gpio.o
 .ARM.attributes
                0x0000000000000440       0x39 Drivers/STM32F4xx_HAL_Driver/Src/stm32f4xx_hal_rcc.o
 .ARM.attributes
                0x0000000000000479       0x39 Drivers/STM32F4xx_HAL_Driver/Src/stm32f4xx_hal_spi.o
 .ARM.attributes
                0x00000000000004b2       0x39 Drivers/STM32F4xx_HAL_Driver/Src/stm32f4xx_hal_tim.o
 .ARM.attributes
                0x00000000000004eb       0x39 Drivers/STM32F4xx_HAL_Driver/Src/stm32f4xx_hal_tim_ex.o
 .ARM.attributes
                0x0000000000000524       0x39 Drivers/STM32F4xx_HAL_Driver/Src/stm32f4xx_hal_uart.o
 .ARM.attributes
                0x000000000000055d       0x34 c:/st/stm32cubeide_1.5.1/stm32cubeide/plugins/com.st.stm32cube.ide.mcu.externaltools.gnu-tools-for-stm32.7-2018-q2-update.win32_1.5.0.202011040924/tools/bin/../lib/gcc/arm-none-eabi/7.3.1/../../../../arm-none-eabi/lib/thumb/v7e-m/fpv4-sp/hard\libc_nano.a(lib_a-errno.o)
 .ARM.attributes
                0x0000000000000591       0x34 c:/st/stm32cubeide_1.5.1/stm32cubeide/plugins/com.st.stm32cube.ide.mcu.externaltools.gnu-tools-for-stm32.7-2018-q2-update.win32_1.5.0.202011040924/tools/bin/../lib/gcc/arm-none-eabi/7.3.1/../../../../arm-none-eabi/lib/thumb/v7e-m/fpv4-sp/hard\libc_nano.a(lib_a-impure.o)
 .ARM.attributes
                0x00000000000005c5       0x34 c:/st/stm32cubeide_1.5.1/stm32cubeide/plugins/com.st.stm32cube.ide.mcu.externaltools.gnu-tools-for-stm32.7-2018-q2-update.win32_1.5.0.202011040924/tools/bin/../lib/gcc/arm-none-eabi/7.3.1/../../../../arm-none-eabi/lib/thumb/v7e-m/fpv4-sp/hard\libc_nano.a(lib_a-init.o)
 .ARM.attributes
                0x00000000000005f9       0x34 c:/st/stm32cubeide_1.5.1/stm32cubeide/plugins/com.st.stm32cube.ide.mcu.externaltools.gnu-tools-for-stm32.7-2018-q2-update.win32_1.5.0.202011040924/tools/bin/../lib/gcc/arm-none-eabi/7.3.1/../../../../arm-none-eabi/lib/thumb/v7e-m/fpv4-sp/hard\libc_nano.a(lib_a-memset.o)
 .ARM.attributes
                0x000000000000062d       0x34 c:/st/stm32cubeide_1.5.1/stm32cubeide/plugins/com.st.stm32cube.ide.mcu.externaltools.gnu-tools-for-stm32.7-2018-q2-update.win32_1.5.0.202011040924/tools/bin/../lib/gcc/arm-none-eabi/7.3.1/../../../../arm-none-eabi/lib/thumb/v7e-m/fpv4-sp/hard\libm.a(lib_a-s_atan.o)
 .ARM.attributes
                0x0000000000000661       0x34 c:/st/stm32cubeide_1.5.1/stm32cubeide/plugins/com.st.stm32cube.ide.mcu.externaltools.gnu-tools-for-stm32.7-2018-q2-update.win32_1.5.0.202011040924/tools/bin/../lib/gcc/arm-none-eabi/7.3.1/../../../../arm-none-eabi/lib/thumb/v7e-m/fpv4-sp/hard\libm.a(lib_a-s_fabs.o)
 .ARM.attributes
                0x0000000000000695       0x34 c:/st/stm32cubeide_1.5.1/stm32cubeide/plugins/com.st.stm32cube.ide.mcu.externaltools.gnu-tools-for-stm32.7-2018-q2-update.win32_1.5.0.202011040924/tools/bin/../lib/gcc/arm-none-eabi/7.3.1/../../../../arm-none-eabi/lib/thumb/v7e-m/fpv4-sp/hard\libm.a(lib_a-w_pow.o)
 .ARM.attributes
                0x00000000000006c9       0x34 c:/st/stm32cubeide_1.5.1/stm32cubeide/plugins/com.st.stm32cube.ide.mcu.externaltools.gnu-tools-for-stm32.7-2018-q2-update.win32_1.5.0.202011040924/tools/bin/../lib/gcc/arm-none-eabi/7.3.1/../../../../arm-none-eabi/lib/thumb/v7e-m/fpv4-sp/hard\libm.a(lib_a-w_sqrt.o)
 .ARM.attributes
                0x00000000000006fd       0x34 c:/st/stm32cubeide_1.5.1/stm32cubeide/plugins/com.st.stm32cube.ide.mcu.externaltools.gnu-tools-for-stm32.7-2018-q2-update.win32_1.5.0.202011040924/tools/bin/../lib/gcc/arm-none-eabi/7.3.1/../../../../arm-none-eabi/lib/thumb/v7e-m/fpv4-sp/hard\libm.a(lib_a-e_pow.o)
 .ARM.attributes
                0x0000000000000731       0x34 c:/st/stm32cubeide_1.5.1/stm32cubeide/plugins/com.st.stm32cube.ide.mcu.externaltools.gnu-tools-for-stm32.7-2018-q2-update.win32_1.5.0.202011040924/tools/bin/../lib/gcc/arm-none-eabi/7.3.1/../../../../arm-none-eabi/lib/thumb/v7e-m/fpv4-sp/hard\libm.a(lib_a-e_sqrt.o)
 .ARM.attributes
                0x0000000000000765       0x34 c:/st/stm32cubeide_1.5.1/stm32cubeide/plugins/com.st.stm32cube.ide.mcu.externaltools.gnu-tools-for-stm32.7-2018-q2-update.win32_1.5.0.202011040924/tools/bin/../lib/gcc/arm-none-eabi/7.3.1/../../../../arm-none-eabi/lib/thumb/v7e-m/fpv4-sp/hard\libm.a(lib_a-s_finite.o)
 .ARM.attributes
                0x0000000000000799       0x34 c:/st/stm32cubeide_1.5.1/stm32cubeide/plugins/com.st.stm32cube.ide.mcu.externaltools.gnu-tools-for-stm32.7-2018-q2-update.win32_1.5.0.202011040924/tools/bin/../lib/gcc/arm-none-eabi/7.3.1/../../../../arm-none-eabi/lib/thumb/v7e-m/fpv4-sp/hard\libm.a(lib_a-s_lib_ver.o)
 .ARM.attributes
                0x00000000000007cd       0x34 c:/st/stm32cubeide_1.5.1/stm32cubeide/plugins/com.st.stm32cube.ide.mcu.externaltools.gnu-tools-for-stm32.7-2018-q2-update.win32_1.5.0.202011040924/tools/bin/../lib/gcc/arm-none-eabi/7.3.1/../../../../arm-none-eabi/lib/thumb/v7e-m/fpv4-sp/hard\libm.a(lib_a-s_matherr.o)
 .ARM.attributes
                0x0000000000000801       0x34 c:/st/stm32cubeide_1.5.1/stm32cubeide/plugins/com.st.stm32cube.ide.mcu.externaltools.gnu-tools-for-stm32.7-2018-q2-update.win32_1.5.0.202011040924/tools/bin/../lib/gcc/arm-none-eabi/7.3.1/../../../../arm-none-eabi/lib/thumb/v7e-m/fpv4-sp/hard\libm.a(lib_a-s_nan.o)
 .ARM.attributes
                0x0000000000000835       0x34 c:/st/stm32cubeide_1.5.1/stm32cubeide/plugins/com.st.stm32cube.ide.mcu.externaltools.gnu-tools-for-stm32.7-2018-q2-update.win32_1.5.0.202011040924/tools/bin/../lib/gcc/arm-none-eabi/7.3.1/../../../../arm-none-eabi/lib/thumb/v7e-m/fpv4-sp/hard\libm.a(lib_a-s_rint.o)
 .ARM.attributes
                0x0000000000000869       0x34 c:/st/stm32cubeide_1.5.1/stm32cubeide/plugins/com.st.stm32cube.ide.mcu.externaltools.gnu-tools-for-stm32.7-2018-q2-update.win32_1.5.0.202011040924/tools/bin/../lib/gcc/arm-none-eabi/7.3.1/../../../../arm-none-eabi/lib/thumb/v7e-m/fpv4-sp/hard\libm.a(lib_a-s_scalbn.o)
 .ARM.attributes
                0x000000000000089d       0x34 c:/st/stm32cubeide_1.5.1/stm32cubeide/plugins/com.st.stm32cube.ide.mcu.externaltools.gnu-tools-for-stm32.7-2018-q2-update.win32_1.5.0.202011040924/tools/bin/../lib/gcc/arm-none-eabi/7.3.1/../../../../arm-none-eabi/lib/thumb/v7e-m/fpv4-sp/hard\libm.a(lib_a-s_copysign.o)
 .ARM.attributes
                0x00000000000008d1       0x22 c:/st/stm32cubeide_1.5.1/stm32cubeide/plugins/com.st.stm32cube.ide.mcu.externaltools.gnu-tools-for-stm32.7-2018-q2-update.win32_1.5.0.202011040924/tools/bin/../lib/gcc/arm-none-eabi/7.3.1/thumb/v7e-m/fpv4-sp/hard\libgcc.a(_arm_addsubdf3.o)
 .ARM.attributes
                0x00000000000008f3       0x22 c:/st/stm32cubeide_1.5.1/stm32cubeide/plugins/com.st.stm32cube.ide.mcu.externaltools.gnu-tools-for-stm32.7-2018-q2-update.win32_1.5.0.202011040924/tools/bin/../lib/gcc/arm-none-eabi/7.3.1/thumb/v7e-m/fpv4-sp/hard\libgcc.a(_arm_muldivdf3.o)
 .ARM.attributes
                0x0000000000000915       0x22 c:/st/stm32cubeide_1.5.1/stm32cubeide/plugins/com.st.stm32cube.ide.mcu.externaltools.gnu-tools-for-stm32.7-2018-q2-update.win32_1.5.0.202011040924/tools/bin/../lib/gcc/arm-none-eabi/7.3.1/thumb/v7e-m/fpv4-sp/hard\libgcc.a(_arm_cmpdf2.o)
 .ARM.attributes
                0x0000000000000937       0x22 c:/st/stm32cubeide_1.5.1/stm32cubeide/plugins/com.st.stm32cube.ide.mcu.externaltools.gnu-tools-for-stm32.7-2018-q2-update.win32_1.5.0.202011040924/tools/bin/../lib/gcc/arm-none-eabi/7.3.1/thumb/v7e-m/fpv4-sp/hard\libgcc.a(_arm_unorddf2.o)
 .ARM.attributes
                0x0000000000000959       0x22 c:/st/stm32cubeide_1.5.1/stm32cubeide/plugins/com.st.stm32cube.ide.mcu.externaltools.gnu-tools-for-stm32.7-2018-q2-update.win32_1.5.0.202011040924/tools/bin/../lib/gcc/arm-none-eabi/7.3.1/thumb/v7e-m/fpv4-sp/hard\libgcc.a(_arm_fixunsdfsi.o)
 .ARM.attributes
                0x000000000000097b       0x22 c:/st/stm32cubeide_1.5.1/stm32cubeide/plugins/com.st.stm32cube.ide.mcu.externaltools.gnu-tools-for-stm32.7-2018-q2-update.win32_1.5.0.202011040924/tools/bin/../lib/gcc/arm-none-eabi/7.3.1/thumb/v7e-m/fpv4-sp/hard\libgcc.a(_aeabi_uldivmod.o)
 .ARM.attributes
                0x000000000000099d       0x34 c:/st/stm32cubeide_1.5.1/stm32cubeide/plugins/com.st.stm32cube.ide.mcu.externaltools.gnu-tools-for-stm32.7-2018-q2-update.win32_1.5.0.202011040924/tools/bin/../lib/gcc/arm-none-eabi/7.3.1/thumb/v7e-m/fpv4-sp/hard\libgcc.a(_udivmoddi4.o)
 .ARM.attributes
                0x00000000000009d1       0x22 c:/st/stm32cubeide_1.5.1/stm32cubeide/plugins/com.st.stm32cube.ide.mcu.externaltools.gnu-tools-for-stm32.7-2018-q2-update.win32_1.5.0.202011040924/tools/bin/../lib/gcc/arm-none-eabi/7.3.1/thumb/v7e-m/fpv4-sp/hard\libgcc.a(_dvmd_tls.o)
 .ARM.attributes
                0x00000000000009f3       0x22 c:/st/stm32cubeide_1.5.1/stm32cubeide/plugins/com.st.stm32cube.ide.mcu.externaltools.gnu-tools-for-stm32.7-2018-q2-update.win32_1.5.0.202011040924/tools/bin/../lib/gcc/arm-none-eabi/7.3.1/thumb/v7e-m/fpv4-sp/hard/crtn.o
OUTPUT(firmware.elf elf32-littlearm)

.debug_info     0x0000000000000000    0x126aa
 .debug_info    0x0000000000000000      0x504 Core/Src/dma.o
 .debug_info    0x0000000000000504      0x7b6 Core/Src/dshot.o
 .debug_info    0x0000000000000cba      0x712 Core/Src/flysky_ibus.o
 .debug_info    0x00000000000013cc      0x4d6 Core/Src/gpio.o
 .debug_info    0x00000000000018a2     0x183e Core/Src/icm_20948.o
 .debug_info    0x00000000000030e0     0x1c32 Core/Src/main.o
 .debug_info    0x0000000000004d12     0x153c Core/Src/pid.o
 .debug_info    0x000000000000624e      0x9d9 Core/Src/spi.o
 .debug_info    0x0000000000006c27      0x38c Core/Src/stm32f4xx_hal_msp.o
 .debug_info    0x0000000000006fb3      0x97d Core/Src/stm32f4xx_it.o
 .debug_info    0x0000000000007930      0x57e Core/Src/system_stm32f4xx.o
 .debug_info    0x0000000000007eae      0xda6 Core/Src/tim.o
 .debug_info    0x0000000000008c54      0xb00 Core/Src/usart.o
 .debug_info    0x0000000000009754       0x22 Core/Startup/startup_stm32f411ceux.o
 .debug_info    0x0000000000009776      0x8d5 Drivers/STM32F4xx_HAL_Driver/Src/stm32f4xx_hal.o
 .debug_info    0x000000000000a04b      0xd98 Drivers/STM32F4xx_HAL_Driver/Src/stm32f4xx_hal_cortex.o
 .debug_info    0x000000000000ade3      0x960 Drivers/STM32F4xx_HAL_Driver/Src/stm32f4xx_hal_dma.o
 .debug_info    0x000000000000b743      0x7d7 Drivers/STM32F4xx_HAL_Driver/Src/stm32f4xx_hal_gpio.o
 .debug_info    0x000000000000bf1a      0x92a Drivers/STM32F4xx_HAL_Driver/Src/stm32f4xx_hal_rcc.o
 .debug_info    0x000000000000c844     0x1632 Drivers/STM32F4xx_HAL_Driver/Src/stm32f4xx_hal_spi.o
 .debug_info    0x000000000000de76     0x24a1 Drivers/STM32F4xx_HAL_Driver/Src/stm32f4xx_hal_tim.o
 .debug_info    0x0000000000010317     0x114f Drivers/STM32F4xx_HAL_Driver/Src/stm32f4xx_hal_tim_ex.o
 .debug_info    0x0000000000011466     0x1244 Drivers/STM32F4xx_HAL_Driver/Src/stm32f4xx_hal_uart.o

.debug_abbrev   0x0000000000000000     0x2a02
 .debug_abbrev  0x0000000000000000      0x107 Core/Src/dma.o
 .debug_abbrev  0x0000000000000107      0x1ca Core/Src/dshot.o
 .debug_abbrev  0x00000000000002d1      0x1ae Core/Src/flysky_ibus.o
 .debug_abbrev  0x000000000000047f      0x134 Core/Src/gpio.o
 .debug_abbrev  0x00000000000005b3      0x289 Core/Src/icm_20948.o
 .debug_abbrev  0x000000000000083c      0x2b0 Core/Src/main.o
 .debug_abbrev  0x0000000000000aec      0x218 Core/Src/pid.o
 .debug_abbrev  0x0000000000000d04      0x199 Core/Src/spi.o
 .debug_abbrev  0x0000000000000e9d      0x109 Core/Src/stm32f4xx_hal_msp.o
 .debug_abbrev  0x0000000000000fa6      0x181 Core/Src/stm32f4xx_it.o
 .debug_abbrev  0x0000000000001127      0x12b Core/Src/system_stm32f4xx.o
 .debug_abbrev  0x0000000000001252      0x214 Core/Src/tim.o
 .debug_abbrev  0x0000000000001466      0x1a2 Core/Src/usart.o
 .debug_abbrev  0x0000000000001608       0x12 Core/Startup/startup_stm32f411ceux.o
 .debug_abbrev  0x000000000000161a      0x1f2 Drivers/STM32F4xx_HAL_Driver/Src/stm32f4xx_hal.o
 .debug_abbrev  0x000000000000180c      0x2fa Drivers/STM32F4xx_HAL_Driver/Src/stm32f4xx_hal_cortex.o
 .debug_abbrev  0x0000000000001b06      0x1f1 Drivers/STM32F4xx_HAL_Driver/Src/stm32f4xx_hal_dma.o
 .debug_abbrev  0x0000000000001cf7      0x1c9 Drivers/STM32F4xx_HAL_Driver/Src/stm32f4xx_hal_gpio.o
 .debug_abbrev  0x0000000000001ec0      0x245 Drivers/STM32F4xx_HAL_Driver/Src/stm32f4xx_hal_rcc.o
 .debug_abbrev  0x0000000000002105      0x240 Drivers/STM32F4xx_HAL_Driver/Src/stm32f4xx_hal_spi.o
 .debug_abbrev  0x0000000000002345      0x23f Drivers/STM32F4xx_HAL_Driver/Src/stm32f4xx_hal_tim.o
 .debug_abbrev  0x0000000000002584      0x22d Drivers/STM32F4xx_HAL_Driver/Src/stm32f4xx_hal_tim_ex.o
 .debug_abbrev  0x00000000000027b1      0x251 Drivers/STM32F4xx_HAL_Driver/Src/stm32f4xx_hal_uart.o

.debug_aranges  0x0000000000000000      0xf78
 .debug_aranges
                0x0000000000000000       0x20 Core/Src/dma.o
 .debug_aranges
                0x0000000000000020       0x30 Core/Src/dshot.o
 .debug_aranges
                0x0000000000000050       0x28 Core/Src/flysky_ibus.o
 .debug_aranges
                0x0000000000000078       0x20 Core/Src/gpio.o
 .debug_aranges
                0x0000000000000098       0xa8 Core/Src/icm_20948.o
 .debug_aranges
                0x0000000000000140       0x48 Core/Src/main.o
 .debug_aranges
                0x0000000000000188       0x28 Core/Src/pid.o
 .debug_aranges
                0x00000000000001b0       0x30 Core/Src/spi.o
 .debug_aranges
                0x00000000000001e0       0x20 Core/Src/stm32f4xx_hal_msp.o
 .debug_aranges
                0x0000000000000200       0x90 Core/Src/stm32f4xx_it.o
 .debug_aranges
                0x0000000000000290       0x28 Core/Src/system_stm32f4xx.o
 .debug_aranges
                0x00000000000002b8       0x58 Core/Src/tim.o
 .debug_aranges
                0x0000000000000310       0x30 Core/Src/usart.o
 .debug_aranges
                0x0000000000000340       0x28 Core/Startup/startup_stm32f411ceux.o
 .debug_aranges
                0x0000000000000368       0xf0 Drivers/STM32F4xx_HAL_Driver/Src/stm32f4xx_hal.o
 .debug_aranges
                0x0000000000000458      0x118 Drivers/STM32F4xx_HAL_Driver/Src/stm32f4xx_hal_cortex.o
 .debug_aranges
                0x0000000000000570       0x90 Drivers/STM32F4xx_HAL_Driver/Src/stm32f4xx_hal_dma.o
 .debug_aranges
                0x0000000000000600       0x58 Drivers/STM32F4xx_HAL_Driver/Src/stm32f4xx_hal_gpio.o
 .debug_aranges
                0x0000000000000658       0x88 Drivers/STM32F4xx_HAL_Driver/Src/stm32f4xx_hal_rcc.o
 .debug_aranges
                0x00000000000006e0      0x1d0 Drivers/STM32F4xx_HAL_Driver/Src/stm32f4xx_hal_spi.o
 .debug_aranges
                0x00000000000008b0      0x3a8 Drivers/STM32F4xx_HAL_Driver/Src/stm32f4xx_hal_tim.o
 .debug_aranges
                0x0000000000000c58      0x150 Drivers/STM32F4xx_HAL_Driver/Src/stm32f4xx_hal_tim_ex.o
 .debug_aranges
                0x0000000000000da8      0x1d0 Drivers/STM32F4xx_HAL_Driver/Src/stm32f4xx_hal_uart.o

.debug_ranges   0x0000000000000000      0xe10
 .debug_ranges  0x0000000000000000       0x10 Core/Src/dma.o
 .debug_ranges  0x0000000000000010       0x20 Core/Src/dshot.o
 .debug_ranges  0x0000000000000030       0x18 Core/Src/flysky_ibus.o
 .debug_ranges  0x0000000000000048       0x10 Core/Src/gpio.o
 .debug_ranges  0x0000000000000058       0x98 Core/Src/icm_20948.o
 .debug_ranges  0x00000000000000f0       0x38 Core/Src/main.o
 .debug_ranges  0x0000000000000128       0x18 Core/Src/pid.o
 .debug_ranges  0x0000000000000140       0x20 Core/Src/spi.o
 .debug_ranges  0x0000000000000160       0x10 Core/Src/stm32f4xx_hal_msp.o
 .debug_ranges  0x0000000000000170       0x80 Core/Src/stm32f4xx_it.o
 .debug_ranges  0x00000000000001f0       0x18 Core/Src/system_stm32f4xx.o
 .debug_ranges  0x0000000000000208       0x48 Core/Src/tim.o
 .debug_ranges  0x0000000000000250       0x20 Core/Src/usart.o
 .debug_ranges  0x0000000000000270       0x20 Core/Startup/startup_stm32f411ceux.o
 .debug_ranges  0x0000000000000290       0xe0 Drivers/STM32F4xx_HAL_Driver/Src/stm32f4xx_hal.o
 .debug_ranges  0x0000000000000370      0x108 Drivers/STM32F4xx_HAL_Driver/Src/stm32f4xx_hal_cortex.o
 .debug_ranges  0x0000000000000478       0x80 Drivers/STM32F4xx_HAL_Driver/Src/stm32f4xx_hal_dma.o
 .debug_ranges  0x00000000000004f8       0x48 Drivers/STM32F4xx_HAL_Driver/Src/stm32f4xx_hal_gpio.o
 .debug_ranges  0x0000000000000540       0x78 Drivers/STM32F4xx_HAL_Driver/Src/stm32f4xx_hal_rcc.o
 .debug_ranges  0x00000000000005b8      0x1c0 Drivers/STM32F4xx_HAL_Driver/Src/stm32f4xx_hal_spi.o
 .debug_ranges  0x0000000000000778      0x398 Drivers/STM32F4xx_HAL_Driver/Src/stm32f4xx_hal_tim.o
 .debug_ranges  0x0000000000000b10      0x140 Drivers/STM32F4xx_HAL_Driver/Src/stm32f4xx_hal_tim_ex.o
 .debug_ranges  0x0000000000000c50      0x1c0 Drivers/STM32F4xx_HAL_Driver/Src/stm32f4xx_hal_uart.o

.debug_macro    0x0000000000000000    0x17bfb
 .debug_macro   0x0000000000000000      0x1f1 Core/Src/dma.o
 .debug_macro   0x00000000000001f1      0xa5a Core/Src/dma.o
 .debug_macro   0x0000000000000c4b      0x29a Core/Src/dma.o
 .debug_macro   0x0000000000000ee5       0x2e Core/Src/dma.o
 .debug_macro   0x0000000000000f13       0x28 Core/Src/dma.o
 .debug_macro   0x0000000000000f3b       0x22 Core/Src/dma.o
 .debug_macro   0x0000000000000f5d       0x8e Core/Src/dma.o
 .debug_macro   0x0000000000000feb       0x51 Core/Src/dma.o
 .debug_macro   0x000000000000103c       0xef Core/Src/dma.o
 .debug_macro   0x000000000000112b       0x6a Core/Src/dma.o
 .debug_macro   0x0000000000001195      0x1df Core/Src/dma.o
 .debug_macro   0x0000000000001374       0x1c Core/Src/dma.o
 .debug_macro   0x0000000000001390       0x22 Core/Src/dma.o
 .debug_macro   0x00000000000013b2       0xdf Core/Src/dma.o
 .debug_macro   0x0000000000001491     0x102d Core/Src/dma.o
 .debug_macro   0x00000000000024be      0x11f Core/Src/dma.o
 .debug_macro   0x00000000000025dd     0xb937 Core/Src/dma.o
 .debug_macro   0x000000000000df14       0x43 Core/Src/dma.o
 .debug_macro   0x000000000000df57     0x3659 Core/Src/dma.o
 .debug_macro   0x00000000000115b0      0x174 Core/Src/dma.o
 .debug_macro   0x0000000000011724       0x5a Core/Src/dma.o
 .debug_macro   0x000000000001177e      0x447 Core/Src/dma.o
 .debug_macro   0x0000000000011bc5      0x9fe Core/Src/dma.o
 .debug_macro   0x00000000000125c3      0x117 Core/Src/dma.o
 .debug_macro   0x00000000000126da      0x11b Core/Src/dma.o
 .debug_macro   0x00000000000127f5       0x27 Core/Src/dma.o
 .debug_macro   0x000000000001281c      0x15f Core/Src/dma.o
 .debug_macro   0x000000000001297b      0x287 Core/Src/dma.o
 .debug_macro   0x0000000000012c02       0x5f Core/Src/dma.o
 .debug_macro   0x0000000000012c61      0x236 Core/Src/dma.o
 .debug_macro   0x0000000000012e97      0x132 Core/Src/dma.o
 .debug_macro   0x0000000000012fc9      0x264 Core/Src/dma.o
 .debug_macro   0x000000000001322d       0x2e Core/Src/dma.o
 .debug_macro   0x000000000001325b      0x11a Core/Src/dma.o
 .debug_macro   0x0000000000013375       0x85 Core/Src/dma.o
 .debug_macro   0x00000000000133fa       0x89 Core/Src/dma.o
 .debug_macro   0x0000000000013483      0x225 Core/Src/dma.o
 .debug_macro   0x00000000000136a8      0x8a0 Core/Src/dma.o
 .debug_macro   0x0000000000013f48       0x47 Core/Src/dma.o
 .debug_macro   0x0000000000013f8f      0x287 Core/Src/dma.o
 .debug_macro   0x0000000000014216      0x126 Core/Src/dma.o
 .debug_macro   0x000000000001433c       0x88 Core/Src/dma.o
 .debug_macro   0x00000000000143c4      0x203 Core/Src/dshot.o
 .debug_macro   0x00000000000145c7       0x8e Core/Src/dshot.o
 .debug_macro   0x0000000000014655       0x22 Core/Src/dshot.o
 .debug_macro   0x0000000000014677       0x64 Core/Src/dshot.o
 .debug_macro   0x00000000000146db      0x1fa Core/Src/flysky_ibus.o
 .debug_macro   0x00000000000148d5       0x28 Core/Src/flysky_ibus.o
 .debug_macro   0x00000000000148fd      0x1f1 Core/Src/gpio.o
 .debug_macro   0x0000000000014aee      0x2c7 Core/Src/icm_20948.o
 .debug_macro   0x0000000000014db5      0x233 Core/Src/icm_20948.o
 .debug_macro   0x0000000000014fe8       0x46 Core/Src/icm_20948.o
 .debug_macro   0x000000000001502e       0x18 Core/Src/icm_20948.o
 .debug_macro   0x0000000000015046       0x3c Core/Src/icm_20948.o
 .debug_macro   0x0000000000015082       0x34 Core/Src/icm_20948.o
 .debug_macro   0x00000000000150b6       0x52 Core/Src/icm_20948.o
 .debug_macro   0x0000000000015108       0x1f Core/Src/icm_20948.o
 .debug_macro   0x0000000000015127       0x43 Core/Src/icm_20948.o
 .debug_macro   0x000000000001516a       0x20 Core/Src/icm_20948.o
 .debug_macro   0x000000000001518a      0x1a3 Core/Src/icm_20948.o
 .debug_macro   0x000000000001532d      0x32a Core/Src/icm_20948.o
 .debug_macro   0x0000000000015657      0x1e1 Core/Src/icm_20948.o
 .debug_macro   0x0000000000015838       0x22 Core/Src/icm_20948.o
 .debug_macro   0x000000000001585a      0x358 Core/Src/main.o
 .debug_macro   0x0000000000015bb2       0x10 Core/Src/main.o
 .debug_macro   0x0000000000015bc2       0x35 Core/Src/main.o
 .debug_macro   0x0000000000015bf7       0x20 Core/Src/main.o
 .debug_macro   0x0000000000015c17      0x2f2 Core/Src/pid.o
 .debug_macro   0x0000000000015f09      0x1f1 Core/Src/spi.o
 .debug_macro   0x00000000000160fa      0x1e7 Core/Src/stm32f4xx_hal_msp.o
 .debug_macro   0x00000000000162e1      0x1f1 Core/Src/stm32f4xx_it.o
 .debug_macro   0x00000000000164d2      0x1de Core/Src/system_stm32f4xx.o
 .debug_macro   0x00000000000166b0      0x1f1 Core/Src/tim.o
 .debug_macro   0x00000000000168a1      0x1f1 Core/Src/usart.o
 .debug_macro   0x0000000000016a92      0x238 Drivers/STM32F4xx_HAL_Driver/Src/stm32f4xx_hal.o
 .debug_macro   0x0000000000016cca      0x1d8 Drivers/STM32F4xx_HAL_Driver/Src/stm32f4xx_hal_cortex.o
 .debug_macro   0x0000000000016ea2      0x1de Drivers/STM32F4xx_HAL_Driver/Src/stm32f4xx_hal_dma.o
 .debug_macro   0x0000000000017080      0x20e Drivers/STM32F4xx_HAL_Driver/Src/stm32f4xx_hal_gpio.o
 .debug_macro   0x000000000001728e      0x1fc Drivers/STM32F4xx_HAL_Driver/Src/stm32f4xx_hal_rcc.o
 .debug_macro   0x000000000001748a      0x1e7 Drivers/STM32F4xx_HAL_Driver/Src/stm32f4xx_hal_spi.o
 .debug_macro   0x0000000000017671      0x1d9 Drivers/STM32F4xx_HAL_Driver/Src/stm32f4xx_hal_tim.o
 .debug_macro   0x000000000001784a      0x1d8 Drivers/STM32F4xx_HAL_Driver/Src/stm32f4xx_hal_tim_ex.o
 .debug_macro   0x0000000000017a22      0x1d9 Drivers/STM32F4xx_HAL_Driver/Src/stm32f4xx_hal_uart.o

.debug_line     0x0000000000000000     0xd83d
 .debug_line    0x0000000000000000      0x6d9 Core/Src/dma.o
 .debug_line    0x00000000000006d9      0x756 Core/Src/dshot.o
 .debug_line    0x0000000000000e2f      0x740 Core/Src/flysky_ibus.o
 .debug_line    0x000000000000156f      0x6e2 Core/Src/gpio.o
 .debug_line    0x0000000000001c51      0xa2b Core/Src/icm_20948.o
 .debug_line    0x000000000000267c      0x988 Core/Src/main.o
 .debug_line    0x0000000000003004      0x8a9 Core/Src/pid.o
 .debug_line    0x00000000000038ad      0x70c Core/Src/spi.o
 .debug_line    0x0000000000003fb9      0x6d8 Core/Src/stm32f4xx_hal_msp.o
 .debug_line    0x0000000000004691      0x7ec Core/Src/stm32f4xx_it.o
 .debug_line    0x0000000000004e7d      0x6f3 Core/Src/system_stm32f4xx.o
 .debug_line    0x0000000000005570      0x7f5 Core/Src/tim.o
 .debug_line    0x0000000000005d65      0x70f Core/Src/usart.o
 .debug_line    0x0000000000006474       0x85 Core/Startup/startup_stm32f411ceux.o
 .debug_line    0x00000000000064f9      0x8dd Drivers/STM32F4xx_HAL_Driver/Src/stm32f4xx_hal.o
 .debug_line    0x0000000000006dd6      0xa01 Drivers/STM32F4xx_HAL_Driver/Src/stm32f4xx_hal_cortex.o
 .debug_line    0x00000000000077d7      0x9ab Drivers/STM32F4xx_HAL_Driver/Src/stm32f4xx_hal_dma.o
 .debug_line    0x0000000000008182      0x880 Drivers/STM32F4xx_HAL_Driver/Src/stm32f4xx_hal_gpio.o
 .debug_line    0x0000000000008a02      0x935 Drivers/STM32F4xx_HAL_Driver/Src/stm32f4xx_hal_rcc.o
 .debug_line    0x0000000000009337     0x1099 Drivers/STM32F4xx_HAL_Driver/Src/stm32f4xx_hal_spi.o
 .debug_line    0x000000000000a3d0     0x179a Drivers/STM32F4xx_HAL_Driver/Src/stm32f4xx_hal_tim.o
 .debug_line    0x000000000000bb6a      0xce8 Drivers/STM32F4xx_HAL_Driver/Src/stm32f4xx_hal_tim_ex.o
 .debug_line    0x000000000000c852      0xfeb Drivers/STM32F4xx_HAL_Driver/Src/stm32f4xx_hal_uart.o

.debug_str      0x0000000000000000    0x8f441
 .debug_str     0x0000000000000000    0x86f6c Core/Src/dma.o
                                      0x871fc (size before relaxing)
 .debug_str     0x0000000000086f6c      0x630 Core/Src/dshot.o
                                      0x873f1 (size before relaxing)
 .debug_str     0x000000000008759c      0x322 Core/Src/flysky_ibus.o
                                      0x872dc (size before relaxing)
 .debug_str     0x00000000000878be       0xb0 Core/Src/gpio.o
                                      0x86f06 (size before relaxing)
 .debug_str     0x000000000008796e     0x4609 Core/Src/icm_20948.o
                                      0x8b9ac (size before relaxing)
 .debug_str     0x000000000008bf77      0x335 Core/Src/main.o
                                      0x8bd15 (size before relaxing)
 .debug_str     0x000000000008c2ac       0x75 Core/Src/pid.o
                                      0x8b7a8 (size before relaxing)
 .debug_str     0x000000000008c321       0x4b Core/Src/spi.o
                                      0x87363 (size before relaxing)
 .debug_str     0x000000000008c36c       0x2c Core/Src/stm32f4xx_hal_msp.o
                                      0x86e69 (size before relaxing)
 .debug_str     0x000000000008c398      0x18d Core/Src/stm32f4xx_it.o
                                      0x874a6 (size before relaxing)
 .debug_str     0x000000000008c525       0xc4 Core/Src/system_stm32f4xx.o
                                      0x86c9b (size before relaxing)
 .debug_str     0x000000000008c5e9      0x17a Core/Src/tim.o
                                      0x8786c (size before relaxing)
 .debug_str     0x000000000008c763       0x57 Core/Src/usart.o
                                      0x876dc (size before relaxing)
 .debug_str     0x000000000008c7ba       0x36 Core/Startup/startup_stm32f411ceux.o
                                         0x81 (size before relaxing)
 .debug_str     0x000000000008c7f0      0x588 Drivers/STM32F4xx_HAL_Driver/Src/stm32f4xx_hal.o
                                      0x87610 (size before relaxing)
 .debug_str     0x000000000008cd78      0x399 Drivers/STM32F4xx_HAL_Driver/Src/stm32f4xx_hal_cortex.o
                                      0x873ed (size before relaxing)
 .debug_str     0x000000000008d111      0x31d Drivers/STM32F4xx_HAL_Driver/Src/stm32f4xx_hal_dma.o
                                      0x8709e (size before relaxing)
 .debug_str     0x000000000008d42e      0x20c Drivers/STM32F4xx_HAL_Driver/Src/stm32f4xx_hal_gpio.o
                                      0x86eda (size before relaxing)
 .debug_str     0x000000000008d63a      0x259 Drivers/STM32F4xx_HAL_Driver/Src/stm32f4xx_hal_rcc.o
                                      0x87088 (size before relaxing)
 .debug_str     0x000000000008d893      0x565 Drivers/STM32F4xx_HAL_Driver/Src/stm32f4xx_hal_spi.o
                                      0x874f7 (size before relaxing)
 .debug_str     0x000000000008ddf8      0xcb8 Drivers/STM32F4xx_HAL_Driver/Src/stm32f4xx_hal_tim.o
                                      0x87d95 (size before relaxing)
 .debug_str     0x000000000008eab0      0x4a2 Drivers/STM32F4xx_HAL_Driver/Src/stm32f4xx_hal_tim_ex.o
                                      0x87595 (size before relaxing)
 .debug_str     0x000000000008ef52      0x4ef Drivers/STM32F4xx_HAL_Driver/Src/stm32f4xx_hal_uart.o
                                      0x874d5 (size before relaxing)

.comment        0x0000000000000000       0x7b
 .comment       0x0000000000000000       0x7b Core/Src/dma.o
                                         0x7c (size before relaxing)
 .comment       0x000000000000007b       0x7c Core/Src/dshot.o
 .comment       0x000000000000007b       0x7c Core/Src/flysky_ibus.o
 .comment       0x000000000000007b       0x7c Core/Src/gpio.o
 .comment       0x000000000000007b       0x7c Core/Src/icm_20948.o
 .comment       0x000000000000007b       0x7c Core/Src/main.o
 .comment       0x000000000000007b       0x7c Core/Src/pid.o
 .comment       0x000000000000007b       0x7c Core/Src/spi.o
 .comment       0x000000000000007b       0x7c Core/Src/stm32f4xx_hal_msp.o
 .comment       0x000000000000007b       0x7c Core/Src/stm32f4xx_it.o
 .comment       0x000000000000007b       0x7c Core/Src/system_stm32f4xx.o
 .comment       0x000000000000007b       0x7c Core/Src/tim.o
 .comment       0x000000000000007b       0x7c Core/Src/usart.o
 .comment       0x000000000000007b       0x7c Drivers/STM32F4xx_HAL_Driver/Src/stm32f4xx_hal.o
 .comment       0x000000000000007b       0x7c Drivers/STM32F4xx_HAL_Driver/Src/stm32f4xx_hal_cortex.o
 .comment       0x000000000000007b       0x7c Drivers/STM32F4xx_HAL_Driver/Src/stm32f4xx_hal_dma.o
 .comment       0x000000000000007b       0x7c Drivers/STM32F4xx_HAL_Driver/Src/stm32f4xx_hal_gpio.o
 .comment       0x000000000000007b       0x7c Drivers/STM32F4xx_HAL_Driver/Src/stm32f4xx_hal_rcc.o
 .comment       0x000000000000007b       0x7c Drivers/STM32F4xx_HAL_Driver/Src/stm32f4xx_hal_spi.o
 .comment       0x000000000000007b       0x7c Drivers/STM32F4xx_HAL_Driver/Src/stm32f4xx_hal_tim.o
 .comment       0x000000000000007b       0x7c Drivers/STM32F4xx_HAL_Driver/Src/stm32f4xx_hal_tim_ex.o
 .comment       0x000000000000007b       0x7c Drivers/STM32F4xx_HAL_Driver/Src/stm32f4xx_hal_uart.o

.debug_frame    0x0000000000000000     0x4328
 .debug_frame   0x0000000000000000       0x34 Core/Src/dma.o
 .debug_frame   0x0000000000000034       0x84 Core/Src/dshot.o
 .debug_frame   0x00000000000000b8       0x54 Core/Src/flysky_ibus.o
 .debug_frame   0x000000000000010c       0x34 Core/Src/gpio.o
 .debug_frame   0x0000000000000140      0x27c Core/Src/icm_20948.o
 .debug_frame   0x00000000000003bc       0xd0 Core/Src/main.o
 .debug_frame   0x000000000000048c       0x60 Core/Src/pid.o
 .debug_frame   0x00000000000004ec       0x74 Core/Src/spi.o
 .debug_frame   0x0000000000000560       0x38 Core/Src/stm32f4xx_hal_msp.o
 .debug_frame   0x0000000000000598      0x1ac Core/Src/stm32f4xx_it.o
 .debug_frame   0x0000000000000744       0x58 Core/Src/system_stm32f4xx.o
 .debug_frame   0x000000000000079c      0x12c Core/Src/tim.o
 .debug_frame   0x00000000000008c8       0x74 Core/Src/usart.o
 .debug_frame   0x000000000000093c      0x374 Drivers/STM32F4xx_HAL_Driver/Src/stm32f4xx_hal.o
 .debug_frame   0x0000000000000cb0      0x498 Drivers/STM32F4xx_HAL_Driver/Src/stm32f4xx_hal_cortex.o
 .debug_frame   0x0000000000001148      0x250 Drivers/STM32F4xx_HAL_Driver/Src/stm32f4xx_hal_dma.o
 .debug_frame   0x0000000000001398      0x14c Drivers/STM32F4xx_HAL_Driver/Src/stm32f4xx_hal_gpio.o
 .debug_frame   0x00000000000014e4      0x1f0 Drivers/STM32F4xx_HAL_Driver/Src/stm32f4xx_hal_rcc.o
 .debug_frame   0x00000000000016d4      0x824 Drivers/STM32F4xx_HAL_Driver/Src/stm32f4xx_hal_spi.o
 .debug_frame   0x0000000000001ef8     0x10e8 Drivers/STM32F4xx_HAL_Driver/Src/stm32f4xx_hal_tim.o
 .debug_frame   0x0000000000002fe0      0x5c0 Drivers/STM32F4xx_HAL_Driver/Src/stm32f4xx_hal_tim_ex.o
 .debug_frame   0x00000000000035a0      0x844 Drivers/STM32F4xx_HAL_Driver/Src/stm32f4xx_hal_uart.o
 .debug_frame   0x0000000000003de4       0x20 c:/st/stm32cubeide_1.5.1/stm32cubeide/plugins/com.st.stm32cube.ide.mcu.externaltools.gnu-tools-for-stm32.7-2018-q2-update.win32_1.5.0.202011040924/tools/bin/../lib/gcc/arm-none-eabi/7.3.1/../../../../arm-none-eabi/lib/thumb/v7e-m/fpv4-sp/hard\libc_nano.a(lib_a-errno.o)
 .debug_frame   0x0000000000003e04       0x2c c:/st/stm32cubeide_1.5.1/stm32cubeide/plugins/com.st.stm32cube.ide.mcu.externaltools.gnu-tools-for-stm32.7-2018-q2-update.win32_1.5.0.202011040924/tools/bin/../lib/gcc/arm-none-eabi/7.3.1/../../../../arm-none-eabi/lib/thumb/v7e-m/fpv4-sp/hard\libc_nano.a(lib_a-init.o)
 .debug_frame   0x0000000000003e30       0x20 c:/st/stm32cubeide_1.5.1/stm32cubeide/plugins/com.st.stm32cube.ide.mcu.externaltools.gnu-tools-for-stm32.7-2018-q2-update.win32_1.5.0.202011040924/tools/bin/../lib/gcc/arm-none-eabi/7.3.1/../../../../arm-none-eabi/lib/thumb/v7e-m/fpv4-sp/hard\libc_nano.a(lib_a-memset.o)
 .debug_frame   0x0000000000003e50       0x38 c:/st/stm32cubeide_1.5.1/stm32cubeide/plugins/com.st.stm32cube.ide.mcu.externaltools.gnu-tools-for-stm32.7-2018-q2-update.win32_1.5.0.202011040924/tools/bin/../lib/gcc/arm-none-eabi/7.3.1/../../../../arm-none-eabi/lib/thumb/v7e-m/fpv4-sp/hard\libm.a(lib_a-s_atan.o)
 .debug_frame   0x0000000000003e88       0x20 c:/st/stm32cubeide_1.5.1/stm32cubeide/plugins/com.st.stm32cube.ide.mcu.externaltools.gnu-tools-for-stm32.7-2018-q2-update.win32_1.5.0.202011040924/tools/bin/../lib/gcc/arm-none-eabi/7.3.1/../../../../arm-none-eabi/lib/thumb/v7e-m/fpv4-sp/hard\libm.a(lib_a-s_fabs.o)
 .debug_frame   0x0000000000003ea8       0x5c c:/st/stm32cubeide_1.5.1/stm32cubeide/plugins/com.st.stm32cube.ide.mcu.externaltools.gnu-tools-for-stm32.7-2018-q2-update.win32_1.5.0.202011040924/tools/bin/../lib/gcc/arm-none-eabi/7.3.1/../../../../arm-none-eabi/lib/thumb/v7e-m/fpv4-sp/hard\libm.a(lib_a-w_pow.o)
 .debug_frame   0x0000000000003f04       0x4c c:/st/stm32cubeide_1.5.1/stm32cubeide/plugins/com.st.stm32cube.ide.mcu.externaltools.gnu-tools-for-stm32.7-2018-q2-update.win32_1.5.0.202011040924/tools/bin/../lib/gcc/arm-none-eabi/7.3.1/../../../../arm-none-eabi/lib/thumb/v7e-m/fpv4-sp/hard\libm.a(lib_a-w_sqrt.o)
 .debug_frame   0x0000000000003f50       0x64 c:/st/stm32cubeide_1.5.1/stm32cubeide/plugins/com.st.stm32cube.ide.mcu.externaltools.gnu-tools-for-stm32.7-2018-q2-update.win32_1.5.0.202011040924/tools/bin/../lib/gcc/arm-none-eabi/7.3.1/../../../../arm-none-eabi/lib/thumb/v7e-m/fpv4-sp/hard\libm.a(lib_a-e_pow.o)
 .debug_frame   0x0000000000003fb4       0x30 c:/st/stm32cubeide_1.5.1/stm32cubeide/plugins/com.st.stm32cube.ide.mcu.externaltools.gnu-tools-for-stm32.7-2018-q2-update.win32_1.5.0.202011040924/tools/bin/../lib/gcc/arm-none-eabi/7.3.1/../../../../arm-none-eabi/lib/thumb/v7e-m/fpv4-sp/hard\libm.a(lib_a-e_sqrt.o)