icm_20948.c:29:6:cs_high	8	static
icm_20948.c:34:6:cs_low	8	static
icm_20948.c:40:6:select_user_bank	16	static
icm_20948.c:50:6:read_icm20948	16	static
icm_20948.c:59:6:write_icm20948	16	static
icm_20948.c:72:6:read_ak09916	16	static
icm_20948.c:84:6:write_ak09916	16	static
icm_20948.c:96:9:whoami_icm20948	8	static
icm_20948.c:105:9:whoami_ak09916	8	static
icm_20948.c:115:6:set_gyro_full_scale	16	static
icm_20948.c:143:6:set_accel_full_scale	16	static
icm_20948.c:171:6:set_gyro_odr	24	static
icm_20948.c:181:6:set_accel_odr	24	static
icm_20948.c:193:6:init_icm20948	24	static
icm_20948.c:220:6:init_ak09916	16	static
icm_20948.c:242:6:read_gyro	24	static
icm_20948.c:275:6:read_accel	24	static
icm_20948.c:309:6:read_mag	24	static
